<html>
<body>
<pre>
<h1>µVision Build Log</h1>
<h2>Tool Versions:</h2>
IDE-Version: µVision V5.17.0.0
Copyright (C) 2015 ARM Ltd and ARM Germany GmbH. All rights reserved.
License Information: ser Microsoft, Microsoft, LIC=7YKKP-MM88G-66FQS-L42HG-FU8XZ-J84WQ
 
Tool Versions:
Toolchain:       MDK-ARM Professional  Version: 5.17
Toolchain Path:  C:\Keil_v5\ARM\ARMCC\Bin
C Compiler:      Armcc.exe V5.06 update 1 (build 61)
Assembler:       Armasm.exe V5.06 update 1 (build 61)
Linker/Locator:  ArmLink.exe V5.06 update 1 (build 61)
Library Manager: ArmAr.exe V5.06 update 1 (build 61)
Hex Converter:   FromElf.exe V5.06 update 1 (build 61)
CPU DLL:         SARMCM3.DLL V5.17
Dialog DLL:      DCM.DLL V1.13.4.0
Target DLL:      STLink\ST-LINKIII-KEIL_SWO.dll V2.0.18.0
Dialog DLL:      TARMSTM.DLL V1.64.0.0
 
<h2>Project:</h2>
E:\GitHub\BUM\STM32F103C8\BUM.uvprojx
Project File Date:  11/18/2016

<h2>Output:</h2>
*** Using Compiler 'V5.06 update 1 (build 61)', folder: 'C:\Keil_v5\ARM\ARMCC\Bin'
Rebuild target 'BUM'
assembling startup_stm32f10x_md.s...
compiling core_cm3.c...
compiling main.c...
compiling system_stm32f10x.c...
compiling misc.c...
compiling stm32f10x_rcc.c...
compiling stm32f10x_gpio.c...
compiling stm32f10x_dma.c...
compiling stm32f10x_usart.c...
compiling stm32f10x_tim.c...
compiling self_control.c...
compiling time_service.c...
compiling motor.c...
compiling pwm.c...
compiling buttons.c...
compiling uart.c...
compiling crc.c...
compiling common.c...
compiling mg_canal_level.c...
compiling link_slave.c...
Library\link_slave.c(15): warning:  #1215-D: #warning directive: Setup connection delay for debug
  #warning Setup connection delay for debug
Library\link_slave.c(197): warning:  #1215-D: #warning directive: Lost connection handler here
  	#warning Lost connection handler here
Library\link_slave.c(27): warning:  #177-D: function "initGpio" was declared but never referenced
  static void initGpio(void);
Library\link_slave.c(28): warning:  #177-D: function "enableTransmit" was declared but never referenced
  static void enableTransmit(void);
Library\link_slave.c(29): warning:  #177-D: function "disableTransmit" was declared but never referenced
  static void disableTransmit(void);
Library\link_slave.c: 5 warnings, 0 errors
compiling mg_common.c...
compiling mg_regs.c...
compiling mg_data_level.c...
linking...
Program Size: Code=27416 RO-data=268 RW-data=736 ZI-data=1632  
FromELF: creating hex file...
".\Objects\BUM.axf" - 0 Error(s), 5 Warning(s).

<h2>Collection of Component include folders:</h2>
  E:\GitHub\BUM\STM32F103C8\RTE
  C:\Keil_v5\ARM\PACK\Keil\STM32F1xx_DFP\2.1.0\Device\Include

<h2>Collection of Component Files used:</h2>
Build Time Elapsed:  00:00:05
</pre>
</body>
</html>
