Component: ARM Compiler 5.06 update 1 (build 61) Tool: armlink [4d35a8]

==============================================================================

Section Cross References

    startup_stm32f10x_md.o(STACK) refers (Special) to heapauxi.o(.text) for __use_two_region_memory
    startup_stm32f10x_md.o(HEAP) refers (Special) to heapauxi.o(.text) for __use_two_region_memory
    startup_stm32f10x_md.o(RESET) refers (Special) to heapauxi.o(.text) for __use_two_region_memory
    startup_stm32f10x_md.o(RESET) refers to startup_stm32f10x_md.o(STACK) for __initial_sp
    startup_stm32f10x_md.o(RESET) refers to startup_stm32f10x_md.o(.text) for Reset_Handler
    startup_stm32f10x_md.o(RESET) refers to stm32_it.o(.text) for NMI_Handler
    startup_stm32f10x_md.o(RESET) refers to time_service.o(.text) for SysTick_Handler
    startup_stm32f10x_md.o(RESET) refers to pwm.o(.text) for TIM2_IRQHandler
    startup_stm32f10x_md.o(.text) refers (Special) to heapauxi.o(.text) for __use_two_region_memory
    startup_stm32f10x_md.o(.text) refers to system_stm32f10x.o(.text) for SystemInit
    startup_stm32f10x_md.o(.text) refers to __main.o(!!!main) for __main
    startup_stm32f10x_md.o(.text) refers to startup_stm32f10x_md.o(HEAP) for Heap_Mem
    startup_stm32f10x_md.o(.text) refers to startup_stm32f10x_md.o(STACK) for Stack_Mem
    main.o(.text) refers to stm32f10x_gpio.o(.text) for GPIO_Init
    main.o(.text) refers to time_service.o(.text) for Delay
    main.o(.text) refers to stm32f10x_rcc.o(.text) for RCC_MCOConfig
    main.o(.text) refers to misc.o(.text) for NVIC_PriorityGroupConfig
    main.o(.text) refers to link_slave.o(.text) for InitLinkSlave
    main.o(.text) refers to pwm.o(.text) for InitTimer
    main.o(.text) refers to motor.o(.text) for InitMotor
    main.o(.text) refers to self_control.o(.text) for InitIwdg
    main.o(.text) refers to hw_config.o(.text) for Set_System
    main.o(.text) refers to usb_init.o(.text) for USB_Init
    main.o(.text) refers to usb_struct.o(.bss) for Usb1
    main.o(.text) refers to pwm.o(.data) for Timer2
    main.o(.text) refers to motor.o(.data) for Motor1
    main.o(.text) refers to usb_pwr.o(.data) for bDeviceState
    main.o(.text) refers to usb_struct.o(.data) for Send_length
    main.o(.text) refers to main.o(.data) for packet_sent
    system_stm32f10x.o(.text) refers to system_stm32f10x.o(.data) for SystemCoreClock
    misc.o(.text) refers to main.o(.text) for assert_failed
    stm32f10x_rcc.o(.text) refers to main.o(.text) for assert_failed
    stm32f10x_rcc.o(.text) refers to stm32f10x_rcc.o(.data) for APBAHBPrescTable
    stm32f10x_gpio.o(.text) refers to main.o(.text) for assert_failed
    stm32f10x_gpio.o(.text) refers to stm32f10x_rcc.o(.text) for RCC_APB2PeriphResetCmd
    stm32f10x_tim.o(.text) refers to main.o(.text) for assert_failed
    stm32f10x_tim.o(.text) refers to stm32f10x_rcc.o(.text) for RCC_APB2PeriphResetCmd
    stm32f10x_dma.o(.text) refers to main.o(.text) for assert_failed
    stm32f10x_usart.o(.text) refers to main.o(.text) for assert_failed
    stm32f10x_usart.o(.text) refers to stm32f10x_rcc.o(.text) for RCC_APB2PeriphResetCmd
    stm32f10x_iwdg.o(.text) refers to main.o(.text) for assert_failed
    stm32f10x_exti.o(.text) refers to main.o(.text) for assert_failed
    stm32f10x_pwr.o(.text) refers to stm32f10x_rcc.o(.text) for RCC_APB1PeriphResetCmd
    stm32f10x_pwr.o(.text) refers to main.o(.text) for assert_failed
    time_service.o(.text) refers to time_service.o(.data) for SystemTime
    time_service.o(.text) refers to system_stm32f10x.o(.data) for SystemCoreClock
    self_control.o(.text) refers to mg_regs.o(.text) for MG_IsRegChanged
    self_control.o(.text) refers to pwm.o(.text) for SetPwmTarget
    self_control.o(.text) refers to self_control.o(.data) for SelfControlState
    self_control.o(.text) refers to pwm.o(.data) for Timer3
    pwm.o(.text) refers to stm32f10x_tim.o(.text) for TIM_TimeBaseStructInit
    pwm.o(.text) refers to misc.o(.text) for NVIC_Init
    pwm.o(.text) refers to stm32f10x_gpio.o(.text) for GPIO_Init
    pwm.o(.text) refers to stm32f10x_rcc.o(.text) for RCC_APB2PeriphClockCmd
    pwm.o(.text) refers to motor.o(.text) for SetPinMode
    pwm.o(.text) refers to system_stm32f10x.o(.data) for SystemCoreClock
    pwm.o(.text) refers to motor.o(.data) for Motor1
    pwm.o(.text) refers to pwm.o(.data) for Timer2
    motor.o(.text) refers to stm32f10x_gpio.o(.text) for GPIO_Init
    buttons.o(.text) refers to stm32f10x_gpio.o(.text) for GPIO_Init
    buttons.o(.text) refers to motor.o(.text) for RunModeMotor
    buttons.o(.text) refers to motor.o(.data) for Motor1
    link_slave.o(.text) refers to mg_common.o(.text) for MG_InitInputStruct
    link_slave.o(.text) refers to time_service.o(.text) for GetSystemTime
    link_slave.o(.text) refers to usb_struct.o(.text) for GetByteFromUsb
    link_slave.o(.text) refers to mg_canal_level.o(.text) for MG_ComposeMsg
[...]
    ../clib/angel/kernel.s                   0x00000000   Number         0  __rtentry2.o ABSOLUTE
    ../clib/angel/kernel.s                   0x00000000   Number         0  __rtentry4.o ABSOLUTE
    ../clib/angel/kernel.s                   0x00000000   Number         0  __rtentry.o ABSOLUTE
    ../clib/angel/kernel.s                   0x00000000   Number         0  rtexit.o ABSOLUTE
    ../clib/angel/kernel.s                   0x00000000   Number         0  rtexit2.o ABSOLUTE
    ../clib/angel/rt.s                       0x00000000   Number         0  rt_raise.o ABSOLUTE
    ../clib/angel/scatter.s                  0x00000000   Number         0  __scatter.o ABSOLUTE
    ../clib/angel/startup.s                  0x00000000   Number         0  __main.o ABSOLUTE
    ../clib/angel/sys.s                      0x00000000   Number         0  sys_stackheap_outer.o ABSOLUTE
    ../clib/angel/sys.s                      0x00000000   Number         0  use_no_semi.o ABSOLUTE
    ../clib/angel/sys.s                      0x00000000   Number         0  indicate_semi.o ABSOLUTE
    ../clib/angel/sys.s                      0x00000000   Number         0  libspace.o ABSOLUTE
    ../clib/angel/sysapp.c                   0x00000000   Number         0  sys_command.o ABSOLUTE
    ../clib/angel/sysapp.c                   0x00000000   Number         0  sys_wrch.o ABSOLUTE
    ../clib/angel/sysapp.c                   0x00000000   Number         0  sys_exit.o ABSOLUTE
    ../clib/armsys.c                         0x00000000   Number         0  argv_veneer.o ABSOLUTE
    ../clib/armsys.c                         0x00000000   Number         0  argv_veneer.o ABSOLUTE
    ../clib/armsys.c                         0x00000000   Number         0  _get_argv_nomalloc.o ABSOLUTE
    ../clib/armsys.c                         0x00000000   Number         0  no_argv.o ABSOLUTE
    ../clib/heapalloc.c                      0x00000000   Number         0  hrguard.o ABSOLUTE
    ../clib/heapaux.c                        0x00000000   Number         0  heapauxi.o ABSOLUTE
    ../clib/libinit.s                        0x00000000   Number         0  libshutdown2.o ABSOLUTE
    ../clib/libinit.s                        0x00000000   Number         0  libinit.o ABSOLUTE
    ../clib/libinit.s                        0x00000000   Number         0  libinit2.o ABSOLUTE
    ../clib/libinit.s                        0x00000000   Number         0  libshutdown.o ABSOLUTE
    ../clib/signal.c                         0x00000000   Number         0  defsig_segv_inner.o ABSOLUTE
    ../clib/signal.c                         0x00000000   Number         0  defsig_cppl_inner.o ABSOLUTE
    ../clib/signal.c                         0x00000000   Number         0  defsig_pvfn_inner.o ABSOLUTE
    ../clib/signal.c                         0x00000000   Number         0  defsig_rtmem_inner.o ABSOLUTE
    ../clib/signal.c                         0x00000000   Number         0  __raise.o ABSOLUTE
    ../clib/signal.c                         0x00000000   Number         0  defsig_general.o ABSOLUTE
    ../clib/signal.c                         0x00000000   Number         0  defsig_rtmem_outer.o ABSOLUTE
    ../clib/signal.c                         0x00000000   Number         0  defsig_other.o ABSOLUTE
    ../clib/signal.c                         0x00000000   Number         0  defsig_rtmem_formal.o ABSOLUTE
    ../clib/signal.c                         0x00000000   Number         0  defsig_abrt_inner.o ABSOLUTE
    ../clib/signal.c                         0x00000000   Number         0  defsig_rtred_inner.o ABSOLUTE
    ../clib/signal.c                         0x00000000   Number         0  defsig_fpe_inner.o ABSOLUTE
    ../clib/signal.c                         0x00000000   Number         0  defsig_stak_inner.o ABSOLUTE
    ../clib/signal.c                         0x00000000   Number         0  defsig_exit.o ABSOLUTE
    ../clib/signal.s                         0x00000000   Number         0  defsig.o ABSOLUTE
    ../clib/stdlib.c                         0x00000000   Number         0  exit.o ABSOLUTE
    ../fplib/fpinit.s                        0x00000000   Number         0  fpinit.o ABSOLUTE
    CMSIS\\core_cm3.c                        0x00000000   Number         0  core_cm3.o ABSOLUTE
    CMSIS\core_cm3.c                         0x00000000   Number         0  core_cm3.o ABSOLUTE
    CMSIS\system_stm32f10x.c                 0x00000000   Number         0  system_stm32f10x.o ABSOLUTE
    Library\buttons.c                        0x00000000   Number         0  buttons.o ABSOLUTE
    Library\common.c                         0x00000000   Number         0  common.o ABSOLUTE
    Library\crc.c                            0x00000000   Number         0  crc.o ABSOLUTE
    Library\link_slave.c                     0x00000000   Number         0  link_slave.o ABSOLUTE
    Library\motor.c                          0x00000000   Number         0  motor.o ABSOLUTE
    Library\pwm.c                            0x00000000   Number         0  pwm.o ABSOLUTE
    Library\self_control.c                   0x00000000   Number         0  self_control.o ABSOLUTE
    MAIN\main.c                              0x00000000   Number         0  main.o ABSOLUTE
    MilliG\mg_canal_level.c                  0x00000000   Number         0  mg_canal_level.o ABSOLUTE
    MilliG\mg_common.c                       0x00000000   Number         0  mg_common.o ABSOLUTE
    MilliG\mg_data_level.c                   0x00000000   Number         0  mg_data_level.o ABSOLUTE
    MilliG\mg_regs.c                         0x00000000   Number         0  mg_regs.o ABSOLUTE
    SPL\src\misc.c                           0x00000000   Number         0  misc.o ABSOLUTE
    SPL\src\stm32f10x_dma.c                  0x00000000   Number         0  stm32f10x_dma.o ABSOLUTE
    SPL\src\stm32f10x_exti.c                 0x00000000   Number         0  stm32f10x_exti.o ABSOLUTE
    SPL\src\stm32f10x_gpio.c                 0x00000000   Number         0  stm32f10x_gpio.o ABSOLUTE
    SPL\src\stm32f10x_iwdg.c                 0x00000000   Number         0  stm32f10x_iwdg.o ABSOLUTE
    SPL\src\stm32f10x_pwr.c                  0x00000000   Number         0  stm32f10x_pwr.o ABSOLUTE
    SPL\src\stm32f10x_rcc.c                  0x00000000   Number         0  stm32f10x_rcc.o ABSOLUTE
    SPL\src\stm32f10x_tim.c                  0x00000000   Number         0  stm32f10x_tim.o ABSOLUTE
    SPL\src\stm32f10x_usart.c                0x00000000   Number         0  stm32f10x_usart.o ABSOLUTE
    Services\time_service.c                  0x00000000   Number         0  time_service.o ABSOLUTE
    StartUp\startup_stm32f10x_md.s           0x00000000   Number         0  startup_stm32f10x_md.o ABSOLUTE
    USBDriver\src\usb_core.c                 0x00000000   Number         0  usb_core.o ABSOLUTE
    USBDriver\src\usb_init.c                 0x00000000   Number         0  usb_init.o ABSOLUTE
    USBDriver\src\usb_int.c                  0x00000000   Number         0  usb_int.o ABSOLUTE
    USBDriver\src\usb_mem.c                  0x00000000   Number         0  usb_mem.o ABSOLUTE
    USBDriver\src\usb_regs.c                 0x00000000   Number         0  usb_regs.o ABSOLUTE
    USBDriver\src\usb_sil.c                  0x00000000   Number         0  usb_sil.o ABSOLUTE
    USB\src\USB_struct.c                     0x00000000   Number         0  usb_struct.o ABSOLUTE
    USB\src\hw_config.c                      0x00000000   Number         0  hw_config.o ABSOLUTE
    USB\src\stm32_it.c                       0x00000000   Number         0  stm32_it.o ABSOLUTE
    USB\src\usb_desc.c                       0x00000000   Number         0  usb_desc.o ABSOLUTE
    USB\src\usb_endp.c                       0x00000000   Number         0  usb_endp.o ABSOLUTE
    USB\src\usb_istr.c                       0x00000000   Number         0  usb_istr.o ABSOLUTE
    USB\src\usb_prop.c                       0x00000000   Number         0  usb_prop.o ABSOLUTE
    USB\src\usb_pwr.c                        0x00000000   Number         0  usb_pwr.o ABSOLUTE
    dc.s                                     0x00000000   Number         0  dc.o ABSOLUTE
    RESET                                    0x08000000   Section      236  startup_stm32f10x_md.o(RESET)
    !!!main                                  0x080000ec   Section        8  __main.o(!!!main)
    !!!scatter                               0x080000f4   Section       52  __scatter.o(!!!scatter)
    !!dczerorl2                              0x08000128   Section       90  __dczerorl2.o(!!dczerorl2)
    !!handler_zi                             0x08000184   Section       28  __scatter_zi.o(!!handler_zi)
    .ARM.Collect$$libinit$$00000000          0x080001a0   Section        2  libinit.o(.ARM.Collect$$libinit$$00000000)
    .ARM.Collect$$libinit$$00000002          0x080001a2   Section        0  libinit2.o(.ARM.Collect$$libinit$$00000002)
    .ARM.Collect$$libinit$$00000004          0x080001a2   Section        0  libinit2.o(.ARM.Collect$$libinit$$00000004)
    .ARM.Collect$$libinit$$0000000A          0x080001a2   Section        0  libinit2.o(.ARM.Collect$$libinit$$0000000A)
    .ARM.Collect$$libinit$$0000000C          0x080001a2   Section        0  libinit2.o(.ARM.Collect$$libinit$$0000000C)
    .ARM.Collect$$libinit$$0000000E          0x080001a2   Section        0  libinit2.o(.ARM.Collect$$libinit$$0000000E)
    .ARM.Collect$$libinit$$00000011          0x080001a2   Section        0  libinit2.o(.ARM.Collect$$libinit$$00000011)
    .ARM.Collect$$libinit$$00000013          0x080001a2   Section        0  libinit2.o(.ARM.Collect$$libinit$$00000013)
    .ARM.Collect$$libinit$$00000015          0x080001a2   Section        0  libinit2.o(.ARM.Collect$$libinit$$00000015)
    .ARM.Collect$$libinit$$00000017          0x080001a2   Section        0  libinit2.o(.ARM.Collect$$libinit$$00000017)
    .ARM.Collect$$libinit$$00000019          0x080001a2   Section        0  libinit2.o(.ARM.Collect$$libinit$$00000019)
    .ARM.Collect$$libinit$$0000001B          0x080001a2   Section        0  libinit2.o(.ARM.Collect$$libinit$$0000001B)
    .ARM.Collect$$libinit$$0000001D          0x080001a2   Section        0  libinit2.o(.ARM.Collect$$libinit$$0000001D)
    .ARM.Collect$$libinit$$0000001F          0x080001a2   Section        0  libinit2.o(.ARM.Collect$$libinit$$0000001F)
    .ARM.Collect$$libinit$$00000021          0x080001a2   Section        0  libinit2.o(.ARM.Collect$$libinit$$00000021)
    .ARM.Collect$$libinit$$00000023          0x080001a2   Section        0  libinit2.o(.ARM.Collect$$libinit$$00000023)
    .ARM.Collect$$libinit$$00000025          0x080001a2   Section        0  libinit2.o(.ARM.Collect$$libinit$$00000025)
    .ARM.Collect$$libinit$$0000002C          0x080001a2   Section        0  libinit2.o(.ARM.Collect$$libinit$$0000002C)
    .ARM.Collect$$libinit$$0000002E          0x080001a2   Section        0  libinit2.o(.ARM.Collect$$libinit$$0000002E)
    .ARM.Collect$$libinit$$00000030          0x080001a2   Section        0  libinit2.o(.ARM.Collect$$libinit$$00000030)
    .ARM.Collect$$libinit$$00000032          0x080001a2   Section        0  libinit2.o(.ARM.Collect$$libinit$$00000032)
    .ARM.Collect$$libinit$$00000033          0x080001a2   Section        2  libinit2.o(.ARM.Collect$$libinit$$00000033)
    .ARM.Collect$$libshutdown$$00000000      0x080001a4   Section        2  libshutdown.o(.ARM.Collect$$libshutdown$$00000000)
    .ARM.Collect$$libshutdown$$00000002      0x080001a6   Section        0  libshutdown2.o(.ARM.Collect$$libshutdown$$00000002)
    .ARM.Collect$$libshutdown$$00000004      0x080001a6   Section        0  libshutdown2.o(.ARM.Collect$$libshutdown$$00000004)
    .ARM.Collect$$libshutdown$$00000007      0x080001a6   Section        0  libshutdown2.o(.ARM.Collect$$libshutdown$$00000007)
    .ARM.Collect$$libshutdown$$0000000A      0x080001a6   Section        0  libshutdown2.o(.ARM.Collect$$libshutdown$$0000000A)
    .ARM.Collect$$libshutdown$$0000000C      0x080001a6   Section        0  libshutdown2.o(.ARM.Collect$$libshutdown$$0000000C)
    .ARM.Collect$$libshutdown$$0000000F      0x080001a6   Section        0  libshutdown2.o(.ARM.Collect$$libshutdown$$0000000F)
    .ARM.Collect$$libshutdown$$00000010      0x080001a6   Section        2  libshutdown2.o(.ARM.Collect$$libshutdown$$00000010)
    .ARM.Collect$$rtentry$$00000000          0x080001a8   Section        0  __rtentry.o(.ARM.Collect$$rtentry$$00000000)
    .ARM.Collect$$rtentry$$00000002          0x080001a8   Section        0  __rtentry2.o(.ARM.Collect$$rtentry$$00000002)
    .ARM.Collect$$rtentry$$00000004          0x080001a8   Section        6  __rtentry4.o(.ARM.Collect$$rtentry$$00000004)
    .ARM.Collect$$rtentry$$00000009          0x080001ae   Section        0  __rtentry2.o(.ARM.Collect$$rtentry$$00000009)
    .ARM.Collect$$rtentry$$0000000A          0x080001ae   Section        4  __rtentry2.o(.ARM.Collect$$rtentry$$0000000A)
    .ARM.Collect$$rtentry$$0000000C          0x080001b2   Section        0  __rtentry2.o(.ARM.Collect$$rtentry$$0000000C)
    .ARM.Collect$$rtentry$$0000000D          0x080001b2   Section        8  __rtentry2.o(.ARM.Collect$$rtentry$$0000000D)
    .ARM.Collect$$rtexit$$00000000           0x080001ba   Section        2  rtexit.o(.ARM.Collect$$rtexit$$00000000)
    .ARM.Collect$$rtexit$$00000002           0x080001bc   Section        0  rtexit2.o(.ARM.Collect$$rtexit$$00000002)
    .ARM.Collect$$rtexit$$00000003           0x080001bc   Section        4  rtexit2.o(.ARM.Collect$$rtexit$$00000003)
    .ARM.Collect$$rtexit$$00000004           0x080001c0   Section        6  rtexit2.o(.ARM.Collect$$rtexit$$00000004)
    .text                                    0x080001c8   Section       64  startup_stm32f10x_md.o(.text)
    .text                                    0x08000208   Section        0  main.o(.text)
    .text                                    0x08000358   Section        0  system_stm32f10x.o(.text)
    SetSysClockTo72                          0x08000359   Thumb Code   214  system_stm32f10x.o(.text)
    SetSysClock                              0x0800042f   Thumb Code     8  system_stm32f10x.o(.text)
    .text                                    0x08000538   Section        0  misc.o(.text)
    .text                                    0x080006fc   Section        0  stm32f10x_rcc.o(.text)
    .text                                    0x08000f1c   Section        0  stm32f10x_gpio.o(.text)
    .text                                    0x0800197c   Section        0  stm32f10x_tim.o(.text)
    TI4_Config                               0x08002401   Thumb Code   130  stm32f10x_tim.o(.text)
    TI3_Config                               0x080024e9   Thumb Code   122  stm32f10x_tim.o(.text)
    TI2_Config                               0x080025e3   Thumb Code   164  stm32f10x_tim.o(.text)
    TI1_Config                               0x08002723   Thumb Code   108  stm32f10x_tim.o(.text)
    .text                                    0x080050d8   Section        0  stm32f10x_exti.o(.text)
    .text                                    0x0800539c   Section        0  time_service.o(.text)
    .text                                    0x08005440   Section        0  self_control.o(.text)
    .text                                    0x080054c0   Section        0  pwm.o(.text)
    .text                                    0x08005c10   Section        0  motor.o(.text)
    .text                                    0x08005cda   Section        0  crc.o(.text)
    .text                                    0x08005d50   Section        0  link_slave.o(.text)
    lostLinkHandler                          0x08005d87   Thumb Code     2  link_slave.o(.text)
    StartSoftTimer                           0x08005e75   Thumb Code    16  link_slave.o(.text)
    .text                                    0x08005ea0   Section        0  mg_canal_level.o(.text)
    processStuffAndCrc                       0x08005ea1   Thumb Code    92  mg_canal_level.o(.text)
    processStartByte                         0x08005efd   Thumb Code    22  mg_canal_level.o(.text)
    processHeaderCrc                         0x08005f13   Thumb Code    52  mg_canal_level.o(.text)
    isSizeValid                              0x08005f47   Thumb Code    18  mg_canal_level.o(.text)
    processSize                              0x08005f59   Thumb Code    52  mg_canal_level.o(.text)
    isDevAddrValid                           0x08005f8d   Thumb Code    24  mg_canal_level.o(.text)
    processDevAddress                        0x08005fa5   Thumb Code    50  mg_canal_level.o(.text)
    .text                                    0x080060a8   Section        0  mg_common.o(.text)
    G_MakeGbyte                              0x080061cb   Thumb Code    14  mg_common.o(.text)
    .text                                    0x080061d8   Section        0  mg_data_level.o(.text)
    generateNack                             0x080061d9   Thumb Code    50  mg_data_level.o(.text)
    processReadRangeReq                      0x0800620b   Thumb Code   212  mg_data_level.o(.text)
    processReadSeriesReq                     0x080062df   Thumb Code   190  mg_data_level.o(.text)
    processWriteRangeReq                     0x0800639d   Thumb Code   242  mg_data_level.o(.text)
    processWriteSeriesReq                    0x0800648f   Thumb Code   244  mg_data_level.o(.text)
    processReadRangeAns                      0x080065f5   Thumb Code   160  mg_data_level.o(.text)
    processReadSeriesAns                     0x08006695   Thumb Code   192  mg_data_level.o(.text)
    processWriteRangeAns                     0x08006755   Thumb Code    58  mg_data_level.o(.text)
    processWriteSeriesAns                    0x0800678f   Thumb Code    98  mg_data_level.o(.text)
    G_MakeGbyte                              0x0800686f   Thumb Code    14  mg_data_level.o(.text)
    G_GetFcode                               0x0800687d   Thumb Code     8  mg_data_level.o(.text)
    .text                                    0x08006884   Section        0  mg_regs.o(.text)
    .text                                    0x08006934   Section        0  hw_config.o(.text)
    IntToUnicode                             0x08006a0b   Thumb Code    62  hw_config.o(.text)
    .text                                    0x08006ae0   Section        0  stm32_it.o(.text)
    .text                                    0x08006b0c   Section        0  usb_endp.o(.text)
    .text                                    0x08006b48   Section        0  usb_istr.o(.text)
    .text                                    0x08006d14   Section        0  usb_prop.o(.text)
    .text                                    0x08006f50   Section        0  usb_pwr.o(.text)
    .text                                    0x08007194   Section        0  usb_struct.o(.text)
    .text                                    0x08007280   Section        0  usb_core.o(.text)
    DataStageOut                             0x080076bf   Thumb Code   166  usb_core.o(.text)
    DataStageIn                              0x08007765   Thumb Code   166  usb_core.o(.text)
    NoData_Setup0                            0x0800780b   Thumb Code   290  usb_core.o(.text)
    Data_Setup0                              0x0800792d   Thumb Code   678  usb_core.o(.text)
    .text                                    0x08007dd0   Section        0  usb_init.o(.text)
    .text                                    0x08007e0c   Section        0  usb_int.o(.text)
    .text                                    0x08008148   Section        0  usb_mem.o(.text)
    .text                                    0x080081a4   Section        0  usb_regs.o(.text)
    .text                                    0x080089ac   Section        0  usb_sil.o(.text)
    .text                                    0x08008a2c   Section        0  heapauxi.o(.text)
    .text                                    0x08008a32   Section       74  sys_stackheap_outer.o(.text)
    .text                                    0x08008a7c   Section        0  exit.o(.text)
    .text                                    0x08008a90   Section        8  libspace.o(.text)
    .text                                    0x08008a98   Section        0  sys_exit.o(.text)
    .text                                    0x08008aa4   Section        2  use_no_semi.o(.text)
    .constdata                               0x08008aa6   Section      177  usb_desc.o(.constdata)
    .text                                    0x08008aa6   Section        0  indicate_semi.o(.text)
    .data                                    0x20000000   Section        8  main.o(.data)
    .data                                    0x20000008   Section       20  system_stm32f10x.o(.data)
    .data                                    0x2000001c   Section       20  stm32f10x_rcc.o(.data)
    APBAHBPrescTable                         0x2000001c   Data          16  stm32f10x_rcc.o(.data)
    ADCPrescTable                            0x2000002c   Data           4  stm32f10x_rcc.o(.data)
    .data                                    0x20000030   Section        4  time_service.o(.data)
    SystemTime                               0x20000030   Data           4  time_service.o(.data)
    .data                                    0x20000034   Section        1  self_control.o(.data)
    .data                                    0x20000038   Section      228  pwm.o(.data)
    .data                                    0x2000011c   Section       80  motor.o(.data)
    .data                                    0x2000016c   Section       20  link_slave.o(.data)
    MsgTransmited                            0x2000016c   Data           1  link_slave.o(.data)
    LinkUsb                                  0x20000170   Data           4  link_slave.o(.data)
    State                                    0x20000174   Data           1  link_slave.o(.data)
    lostLinkTimer                            0x20000178   Data           8  link_slave.o(.data)
    .data                                    0x20000180   Section       18  mg_regs.o(.data)
    .data                                    0x20000194   Section       12  hw_config.o(.data)
    .data                                    0x200001a0   Section       26  usb_desc.o(.data)
    .data                                    0x200001bc   Section       68  usb_istr.o(.data)
    .data                                    0x20000200   Section      148  usb_prop.o(.data)
    .data                                    0x20000294   Section       12  usb_pwr.o(.data)
    .data                                    0x200002a0   Section        2  usb_struct.o(.data)
    .data                                    0x200002a2   Section        3  usb_core.o(.data)
    .data                                    0x200002a8   Section       20  usb_init.o(.data)
    .data                                    0x200002bc   Section        4  usb_int.o(.data)
    .bss                                     0x200002c0   Section      544  link_slave.o(.bss)
    Answer                                   0x200002c0   Data         264  link_slave.o(.bss)
    Request                                  0x200003c8   Data         280  link_slave.o(.bss)
    .bss                                     0x200004e0   Section       32  usb_pwr.o(.bss)
    .bss                                     0x20000500   Section      396  usb_struct.o(.bss)
    .bss                                     0x2000068c   Section       28  usb_init.o(.bss)
    .bss                                     0x200006a8   Section       96  libspace.o(.bss)
    HEAP                                     0x20000708   Section      512  startup_stm32f10x_md.o(HEAP)
    Heap_Mem                                 0x20000708   Data         512  startup_stm32f10x_md.o(HEAP)
    STACK                                    0x20000908   Section     1024  startup_stm32f10x_md.o(STACK)
    Stack_Mem                                0x20000908   Data        1024  startup_stm32f10x_md.o(STACK)
    __initial_sp                             0x20000d08   Data           0  startup_stm32f10x_md.o(STACK)

    Global Symbols

    Symbol Name                              Value     Ov Type        Size  Object(Section)

    BuildAttributes$$THM_ISAv4$P$D$K$B$S$PE$A:L22UL41UL21$X:L11$S22US41US21$IEEE1$IW$USESV6$~STKCKD$USESV7$~SHL$OSPACE$ROPI$EBA8$UX$STANDARDLIB$REQ8$PRES8$EABIv2 0x00000000   Number         0  anon$$obj.o ABSOLUTE
    __ARM_use_no_argv                        0x00000000   Number         0  main.o ABSOLUTE
    __ARM_exceptions_init                     - Undefined Weak Reference
    __alloca_initialize                       - Undefined Weak Reference
    __arm_preinit_                            - Undefined Weak Reference
    __cpp_initialize__aeabi_                  - Undefined Weak Reference
    __cxa_finalize                            - Undefined Weak Reference
    __rt_locale                               - Undefined Weak Reference
    __sigvec_lookup                           - Undefined Weak Reference
    _atexit_init                              - Undefined Weak Reference
    _call_atexit_fns                          - Undefined Weak Reference
    _clock_init                               - Undefined Weak Reference
    _fp_trap_init                             - Undefined Weak Reference
    _fp_trap_shutdown                         - Undefined Weak Reference
    _get_lc_collate                           - Undefined Weak Reference
    _get_lc_ctype                             - Undefined Weak Reference
    _get_lc_monetary                          - Undefined Weak Reference
    _get_lc_numeric                           - Undefined Weak Reference
    _get_lc_time                              - Undefined Weak Reference
    _getenv_init                              - Undefined Weak Reference
    _handle_redirection                       - Undefined Weak Reference
    _init_alloc                               - Undefined Weak Reference
    _init_user_alloc                          - Undefined Weak Reference
    _initio                                   - Undefined Weak Reference
    _rand_init                                - Undefined Weak Reference
    _signal_finish                            - Undefined Weak Reference
    _signal_init                              - Undefined Weak Reference
    _terminate_alloc                          - Undefined Weak Reference
    _terminate_user_alloc                     - Undefined Weak Reference
    _terminateio                              - Undefined Weak Reference
    __Vectors_Size                           0x000000ec   Number         0  startup_stm32f10x_md.o ABSOLUTE
    __Vectors                                0x08000000   Data           4  startup_stm32f10x_md.o(RESET)
    __Vectors_End                            0x080000ec   Data           0  startup_stm32f10x_md.o(RESET)
    __main                                   0x080000ed   Thumb Code     8  __main.o(!!!main)
    __scatterload                            0x080000f5   Thumb Code     0  __scatter.o(!!!scatter)
    __scatterload_rt2                        0x080000f5   Thumb Code    44  __scatter.o(!!!scatter)
    __scatterload_rt2_thumb_only             0x080000f5   Thumb Code     0  __scatter.o(!!!scatter)
    __scatterload_null                       0x08000103   Thumb Code     0  __scatter.o(!!!scatter)
    __decompress                             0x08000129   Thumb Code    90  __dczerorl2.o(!!dczerorl2)
    __decompress1                            0x08000129   Thumb Code     0  __dczerorl2.o(!!dczerorl2)
    __scatterload_zeroinit                   0x08000185   Thumb Code    28  __scatter_zi.o(!!handler_zi)
    __rt_lib_init                            0x080001a1   Thumb Code     0  libinit.o(.ARM.Collect$$libinit$$00000000)
    __rt_lib_init_alloca_1                   0x080001a3   Thumb Code     0  libinit2.o(.ARM.Collect$$libinit$$0000002E)
    __rt_lib_init_argv_1                     0x080001a3   Thumb Code     0  libinit2.o(.ARM.Collect$$libinit$$0000002C)
    __rt_lib_init_atexit_1                   0x080001a3   Thumb Code     0  libinit2.o(.ARM.Collect$$libinit$$0000001B)
    __rt_lib_init_clock_1                    0x080001a3   Thumb Code     0  libinit2.o(.ARM.Collect$$libinit$$00000021)
    __rt_lib_init_cpp_1                      0x080001a3   Thumb Code     0  libinit2.o(.ARM.Collect$$libinit$$00000032)
    __rt_lib_init_exceptions_1               0x080001a3   Thumb Code     0  libinit2.o(.ARM.Collect$$libinit$$00000030)
    __rt_lib_init_fp_1                       0x080001a3   Thumb Code     0  libinit2.o(.ARM.Collect$$libinit$$00000002)
    __rt_lib_init_fp_trap_1                  0x080001a3   Thumb Code     0  libinit2.o(.ARM.Collect$$libinit$$0000001F)
    __rt_lib_init_getenv_1                   0x080001a3   Thumb Code     0  libinit2.o(.ARM.Collect$$libinit$$00000023)
    __rt_lib_init_heap_1                     0x080001a3   Thumb Code     0  libinit2.o(.ARM.Collect$$libinit$$0000000A)
    __rt_lib_init_lc_collate_1               0x080001a3   Thumb Code     0  libinit2.o(.ARM.Collect$$libinit$$00000011)
    __rt_lib_init_lc_ctype_1                 0x080001a3   Thumb Code     0  libinit2.o(.ARM.Collect$$libinit$$00000013)
    __rt_lib_init_lc_monetary_1              0x080001a3   Thumb Code     0  libinit2.o(.ARM.Collect$$libinit$$00000015)
    __rt_lib_init_lc_numeric_1               0x080001a3   Thumb Code     0  libinit2.o(.ARM.Collect$$libinit$$00000017)
    __rt_lib_init_lc_time_1                  0x080001a3   Thumb Code     0  libinit2.o(.ARM.Collect$$libinit$$00000019)
    __rt_lib_init_preinit_1                  0x080001a3   Thumb Code     0  libinit2.o(.ARM.Collect$$libinit$$00000004)
    __rt_lib_init_rand_1                     0x080001a3   Thumb Code     0  libinit2.o(.ARM.Collect$$libinit$$0000000E)
    __rt_lib_init_return                     0x080001a3   Thumb Code     0  libinit2.o(.ARM.Collect$$libinit$$00000033)
    __rt_lib_init_signal_1                   0x080001a3   Thumb Code     0  libinit2.o(.ARM.Collect$$libinit$$0000001D)
    __rt_lib_init_stdio_1                    0x080001a3   Thumb Code     0  libinit2.o(.ARM.Collect$$libinit$$00000025)
    __rt_lib_init_user_alloc_1               0x080001a3   Thumb Code     0  libinit2.o(.ARM.Collect$$libinit$$0000000C)
    __rt_lib_shutdown                        0x080001a5   Thumb Code     0  libshutdown.o(.ARM.Collect$$libshutdown$$00000000)
    __rt_lib_shutdown_cpp_1                  0x080001a7   Thumb Code     0  libshutdown2.o(.ARM.Collect$$libshutdown$$00000002)
    __rt_lib_shutdown_fp_trap_1              0x080001a7   Thumb Code     0  libshutdown2.o(.ARM.Collect$$libshutdown$$00000007)
    __rt_lib_shutdown_heap_1                 0x080001a7   Thumb Code     0  libshutdown2.o(.ARM.Collect$$libshutdown$$0000000F)
    __rt_lib_shutdown_return                 0x080001a7   Thumb Code     0  libshutdown2.o(.ARM.Collect$$libshutdown$$00000010)
    __rt_lib_shutdown_signal_1               0x080001a7   Thumb Code     0  libshutdown2.o(.ARM.Collect$$libshutdown$$0000000A)
    __rt_lib_shutdown_stdio_1                0x080001a7   Thumb Code     0  libshutdown2.o(.ARM.Collect$$libshutdown$$00000004)
    __rt_lib_shutdown_user_alloc_1           0x080001a7   Thumb Code     0  libshutdown2.o(.ARM.Collect$$libshutdown$$0000000C)
    __rt_entry                               0x080001a9   Thumb Code     0  __rtentry.o(.ARM.Collect$$rtentry$$00000000)
    __rt_entry_presh_1                       0x080001a9   Thumb Code     0  __rtentry2.o(.ARM.Collect$$rtentry$$00000002)
    __rt_entry_sh                            0x080001a9   Thumb Code     0  __rtentry4.o(.ARM.Collect$$rtentry$$00000004)
    __rt_entry_li                            0x080001af   Thumb Code     0  __rtentry2.o(.ARM.Collect$$rtentry$$0000000A)
    __rt_entry_postsh_1                      0x080001af   Thumb Code     0  __rtentry2.o(.ARM.Collect$$rtentry$$00000009)
    __rt_entry_main                          0x080001b3   Thumb Code     0  __rtentry2.o(.ARM.Collect$$rtentry$$0000000D)
    __rt_entry_postli_1                      0x080001b3   Thumb Code     0  __rtentry2.o(.ARM.Collect$$rtentry$$0000000C)
    __rt_exit                                0x080001bb   Thumb Code     0  rtexit.o(.ARM.Collect$$rtexit$$00000000)
    __rt_exit_ls                             0x080001bd   Thumb Code     0  rtexit2.o(.ARM.Collect$$rtexit$$00000003)
    __rt_exit_prels_1                        0x080001bd   Thumb Code     0  rtexit2.o(.ARM.Collect$$rtexit$$00000002)
    __rt_exit_exit                           0x080001c1   Thumb Code     0  rtexit2.o(.ARM.Collect$$rtexit$$00000004)
    Reset_Handler                            0x080001c9   Thumb Code     8  startup_stm32f10x_md.o(.text)
    ADC1_2_IRQHandler                        0x080001e3   Thumb Code     0  startup_stm32f10x_md.o(.text)
    CAN1_RX1_IRQHandler                      0x080001e3   Thumb Code     0  startup_stm32f10x_md.o(.text)
    CAN1_SCE_IRQHandler                      0x080001e3   Thumb Code     0  startup_stm32f10x_md.o(.text)
    DMA1_Channel1_IRQHandler                 0x080001e3   Thumb Code     0  startup_stm32f10x_md.o(.text)
    DMA1_Channel2_IRQHandler                 0x080001e3   Thumb Code     0  startup_stm32f10x_md.o(.text)
    DMA1_Channel3_IRQHandler                 0x080001e3   Thumb Code     0  startup_stm32f10x_md.o(.text)
    DMA1_Channel4_IRQHandler                 0x080001e3   Thumb Code     0  startup_stm32f10x_md.o(.text)
    DMA1_Channel5_IRQHandler                 0x080001e3   Thumb Code     0  startup_stm32f10x_md.o(.text)
    DMA1_Channel6_IRQHandler                 0x080001e3   Thumb Code     0  startup_stm32f10x_md.o(.text)
    DMA1_Channel7_IRQHandler                 0x080001e3   Thumb Code     0  startup_stm32f10x_md.o(.text)
    EXTI0_IRQHandler                         0x080001e3   Thumb Code     0  startup_stm32f10x_md.o(.text)
    EXTI15_10_IRQHandler                     0x080001e3   Thumb Code     0  startup_stm32f10x_md.o(.text)
    EXTI1_IRQHandler                         0x080001e3   Thumb Code     0  startup_stm32f10x_md.o(.text)
    EXTI2_IRQHandler                         0x080001e3   Thumb Code     0  startup_stm32f10x_md.o(.text)
    EXTI3_IRQHandler                         0x080001e3   Thumb Code     0  startup_stm32f10x_md.o(.text)
    EXTI4_IRQHandler                         0x080001e3   Thumb Code     0  startup_stm32f10x_md.o(.text)
    EXTI9_5_IRQHandler                       0x080001e3   Thumb Code     0  startup_stm32f10x_md.o(.text)
    FLASH_IRQHandler                         0x080001e3   Thumb Code     0  startup_stm32f10x_md.o(.text)
    I2C1_ER_IRQHandler                       0x080001e3   Thumb Code     0  startup_stm32f10x_md.o(.text)
    I2C1_EV_IRQHandler                       0x080001e3   Thumb Code     0  startup_stm32f10x_md.o(.text)
    I2C2_ER_IRQHandler                       0x080001e3   Thumb Code     0  startup_stm32f10x_md.o(.text)
    I2C2_EV_IRQHandler                       0x080001e3   Thumb Code     0  startup_stm32f10x_md.o(.text)
    PVD_IRQHandler                           0x080001e3   Thumb Code     0  startup_stm32f10x_md.o(.text)
    RCC_IRQHandler                           0x080001e3   Thumb Code     0  startup_stm32f10x_md.o(.text)
    RTCAlarm_IRQHandler                      0x080001e3   Thumb Code     0  startup_stm32f10x_md.o(.text)
    RTC_IRQHandler                           0x080001e3   Thumb Code     0  startup_stm32f10x_md.o(.text)
    SPI1_IRQHandler                          0x080001e3   Thumb Code     0  startup_stm32f10x_md.o(.text)
    SPI2_IRQHandler                          0x080001e3   Thumb Code     0  startup_stm32f10x_md.o(.text)
    TAMPER_IRQHandler                        0x080001e3   Thumb Code     0  startup_stm32f10x_md.o(.text)
    TIM1_BRK_IRQHandler                      0x080001e3   Thumb Code     0  startup_stm32f10x_md.o(.text)
    TIM1_CC_IRQHandler                       0x080001e3   Thumb Code     0  startup_stm32f10x_md.o(.text)
    TIM1_TRG_COM_IRQHandler                  0x080001e3   Thumb Code     0  startup_stm32f10x_md.o(.text)
    TIM1_UP_IRQHandler                       0x080001e3   Thumb Code     0  startup_stm32f10x_md.o(.text)
    USART1_IRQHandler                        0x080001e3   Thumb Code     0  startup_stm32f10x_md.o(.text)
    USART2_IRQHandler                        0x080001e3   Thumb Code     0  startup_stm32f10x_md.o(.text)
    USART3_IRQHandler                        0x080001e3   Thumb Code     0  startup_stm32f10x_md.o(.text)
    USB_HP_CAN1_TX_IRQHandler                0x080001e3   Thumb Code     0  startup_stm32f10x_md.o(.text)
    WWDG_IRQHandler                          0x080001e3   Thumb Code     0  startup_stm32f10x_md.o(.text)
    __user_initial_stackheap                 0x080001e5   Thumb Code     0  startup_stm32f10x_md.o(.text)
    Blink                                    0x08000209   Thumb Code    62  main.o(.text)
    OutputMCO                                0x08000247   Thumb Code    38  main.o(.text)
    main                                     0x0800026d   Thumb Code   174  main.o(.text)
    assert_failed                            0x0800031b   Thumb Code     4  main.o(.text)
    SystemInit                               0x08000437   Thumb Code    78  system_stm32f10x.o(.text)
    SystemCoreClockUpdate                    0x08000485   Thumb Code   142  system_stm32f10x.o(.text)
    NVIC_PriorityGroupConfig                 0x08000539   Thumb Code    54  misc.o(.text)
    NVIC_Init                                0x0800056f   Thumb Code   158  misc.o(.text)
    NVIC_SetVectorTable                      0x0800060d   Thumb Code    60  misc.o(.text)
    NVIC_SystemLPConfig                      0x08000649   Thumb Code    78  misc.o(.text)
    SysTick_CLKSourceConfig                  0x08000697   Thumb Code    62  misc.o(.text)
    RCC_DeInit                               0x080006fd   Thumb Code    64  stm32f10x_rcc.o(.text)
    RCC_HSEConfig                            0x0800073d   Thumb Code   100  stm32f10x_rcc.o(.text)
    RCC_GetFlagStatus                        0x080007a1   Thumb Code   118  stm32f10x_rcc.o(.text)
    RCC_WaitForHSEStartUp                    0x08000817   Thumb Code    56  stm32f10x_rcc.o(.text)
    RCC_AdjustHSICalibrationValue            0x0800084f   Thumb Code    38  stm32f10x_rcc.o(.text)
    RCC_HSICmd                               0x08000875   Thumb Code    28  stm32f10x_rcc.o(.text)
    RCC_PLLConfig                            0x08000891   Thumb Code   152  stm32f10x_rcc.o(.text)
    RCC_PLLCmd                               0x08000929   Thumb Code    28  stm32f10x_rcc.o(.text)
    RCC_SYSCLKConfig                         0x08000945   Thumb Code    42  stm32f10x_rcc.o(.text)
    RCC_GetSYSCLKSource                      0x0800096f   Thumb Code    10  stm32f10x_rcc.o(.text)
    RCC_HCLKConfig                           0x08000979   Thumb Code    66  stm32f10x_rcc.o(.text)
    RCC_PCLK1Config                          0x080009bb   Thumb Code    58  stm32f10x_rcc.o(.text)
    RCC_PCLK2Config                          0x080009f5   Thumb Code    60  stm32f10x_rcc.o(.text)
    RCC_ITConfig                             0x08000a31   Thumb Code    70  stm32f10x_rcc.o(.text)
    RCC_USBCLKConfig                         0x08000a77   Thumb Code    30  stm32f10x_rcc.o(.text)
    RCC_ADCCLKConfig                         0x08000a95   Thumb Code    52  stm32f10x_rcc.o(.text)
    RCC_LSEConfig                            0x08000ac9   Thumb Code   114  stm32f10x_rcc.o(.text)
    RCC_LSICmd                               0x08000b3b   Thumb Code    30  stm32f10x_rcc.o(.text)
    RCC_RTCCLKConfig                         0x08000b59   Thumb Code    52  stm32f10x_rcc.o(.text)
    RCC_RTCCLKCmd                            0x08000b8d   Thumb Code    32  stm32f10x_rcc.o(.text)
    RCC_GetClocksFreq                        0x08000bad   Thumb Code   208  stm32f10x_rcc.o(.text)
    RCC_AHBPeriphClockCmd                    0x08000c7d   Thumb Code    86  stm32f10x_rcc.o(.text)
    RCC_APB2PeriphClockCmd                   0x08000cd3   Thumb Code    82  stm32f10x_rcc.o(.text)
    RCC_APB1PeriphClockCmd                   0x08000d25   Thumb Code    82  stm32f10x_rcc.o(.text)
    RCC_APB2PeriphResetCmd                   0x08000d77   Thumb Code    82  stm32f10x_rcc.o(.text)
    RCC_APB1PeriphResetCmd                   0x08000dc9   Thumb Code    82  stm32f10x_rcc.o(.text)
    RCC_BackupResetCmd                       0x08000e1b   Thumb Code    32  stm32f10x_rcc.o(.text)
    RCC_ClockSecuritySystemCmd               0x08000e3b   Thumb Code    30  stm32f10x_rcc.o(.text)
    RCC_MCOConfig                            0x08000e59   Thumb Code    44  stm32f10x_rcc.o(.text)
    RCC_ClearFlag                            0x08000e85   Thumb Code    18  stm32f10x_rcc.o(.text)
    RCC_GetITStatus                          0x08000e97   Thumb Code    64  stm32f10x_rcc.o(.text)
    RCC_ClearITPendingBit                    0x08000ed7   Thumb Code    34  stm32f10x_rcc.o(.text)
    GPIO_DeInit                              0x08000f1d   Thumb Code   224  stm32f10x_gpio.o(.text)
    GPIO_AFIODeInit                          0x08000ffd   Thumb Code    20  stm32f10x_gpio.o(.text)
    GPIO_Init                                0x08001011   Thumb Code   378  stm32f10x_gpio.o(.text)
    GPIO_StructInit                          0x0800118b   Thumb Code    16  stm32f10x_gpio.o(.text)
    GPIO_ReadInputDataBit                    0x0800119b   Thumb Code   170  stm32f10x_gpio.o(.text)
    GPIO_ReadInputData                       0x08001245   Thumb Code    64  stm32f10x_gpio.o(.text)
    GPIO_ReadOutputDataBit                   0x08001285   Thumb Code   228  stm32f10x_gpio.o(.text)
    GPIO_ReadOutputData                      0x08001369   Thumb Code    66  stm32f10x_gpio.o(.text)
    GPIO_SetBits                             0x080013ab   Thumb Code    86  stm32f10x_gpio.o(.text)
    GPIO_ResetBits                           0x08001401   Thumb Code    86  stm32f10x_gpio.o(.text)
    GPIO_WriteBit                            0x08001457   Thumb Code   188  stm32f10x_gpio.o(.text)
    GPIO_Write                               0x08001513   Thumb Code    66  stm32f10x_gpio.o(.text)
    GPIO_PinLockConfig                       0x08001555   Thumb Code   100  stm32f10x_gpio.o(.text)
    GPIO_EventOutputConfig                   0x080015b9   Thumb Code   138  stm32f10x_gpio.o(.text)
    GPIO_EventOutputCmd                      0x08001643   Thumb Code    30  stm32f10x_gpio.o(.text)
    GPIO_PinRemapConfig                      0x08001661   Thumb Code   552  stm32f10x_gpio.o(.text)
    GPIO_EXTILineConfig                      0x08001889   Thumb Code   186  stm32f10x_gpio.o(.text)
    GPIO_ETH_MediaInterfaceConfig            0x08001943   Thumb Code    30  stm32f10x_gpio.o(.text)
    TIM_DeInit                               0x0800197d   Thumb Code   536  stm32f10x_tim.o(.text)
    TIM_TimeBaseInit                         0x08001b95   Thumb Code   308  stm32f10x_tim.o(.text)
    TIM_OC1Init                              0x08001cc9   Thumb Code   540  stm32f10x_tim.o(.text)
    TIM_OC2Init                              0x08001ee5   Thumb Code   438  stm32f10x_tim.o(.text)
    TIM_OC3Init                              0x0800209b   Thumb Code   458  stm32f10x_tim.o(.text)
    TIM_OC4Init                              0x08002265   Thumb Code   302  stm32f10x_tim.o(.text)
    TIM_SetIC4Prescaler                      0x08002393   Thumb Code   110  stm32f10x_tim.o(.text)
    TIM_SetIC3Prescaler                      0x08002483   Thumb Code   102  stm32f10x_tim.o(.text)
    TIM_SetIC2Prescaler                      0x08002563   Thumb Code   128  stm32f10x_tim.o(.text)
    TIM_SetIC1Prescaler                      0x08002687   Thumb Code   156  stm32f10x_tim.o(.text)
    TIM_ICInit                               0x0800278f   Thumb Code   602  stm32f10x_tim.o(.text)
    TIM_PWMIConfig                           0x080029e9   Thumb Code   250  stm32f10x_tim.o(.text)
    TIM_BDTRConfig                           0x08002ae3   Thumb Code   254  stm32f10x_tim.o(.text)
    TIM_TimeBaseStructInit                   0x08002be1   Thumb Code    18  stm32f10x_tim.o(.text)
    TIM_OCStructInit                         0x08002bf3   Thumb Code    20  stm32f10x_tim.o(.text)
    TIM_ICStructInit                         0x08002c07   Thumb Code    18  stm32f10x_tim.o(.text)
    TIM_BDTRStructInit                       0x08002c19   Thumb Code    18  stm32f10x_tim.o(.text)
    TIM_Cmd                                  0x08002c2b   Thumb Code   166  stm32f10x_tim.o(.text)
    TIM_CtrlPWMOutputs                       0x08002cd1   Thumb Code   100  stm32f10x_tim.o(.text)
    TIM_ITConfig                             0x08002d35   Thumb Code   178  stm32f10x_tim.o(.text)
    TIM_GenerateEvent                        0x08002de7   Thumb Code   144  stm32f10x_tim.o(.text)
    TIM_DMAConfig                            0x08002e77   Thumb Code   358  stm32f10x_tim.o(.text)
    TIM_DMACmd                               0x08002fdd   Thumb Code   144  stm32f10x_tim.o(.text)
    TIM_InternalClockConfig                  0x0800306d   Thumb Code    82  stm32f10x_tim.o(.text)
    TIM_SelectInputTrigger                   0x080030bf   Thumb Code   130  stm32f10x_tim.o(.text)
    TIM_ITRxExternalClockConfig              0x08003141   Thumb Code   116  stm32f10x_tim.o(.text)
    TIM_TIxExternalClockConfig               0x080031b5   Thumb Code   186  stm32f10x_tim.o(.text)
    TIM_ETRConfig                            0x0800326f   Thumb Code   164  stm32f10x_tim.o(.text)
    TIM_ETRClockMode1Config                  0x08003313   Thumb Code   226  stm32f10x_tim.o(.text)
    TIM_ETRClockMode2Config                  0x080033f5   Thumb Code   152  stm32f10x_tim.o(.text)
    TIM_PrescalerConfig                      0x0800348d   Thumb Code   146  stm32f10x_tim.o(.text)
    TIM_CounterModeConfig                    0x0800351f   Thumb Code   100  stm32f10x_tim.o(.text)
    TIM_EncoderInterfaceConfig               0x08003583   Thumb Code   212  stm32f10x_tim.o(.text)
    TIM_ForcedOC1Config                      0x08003657   Thumb Code   144  stm32f10x_tim.o(.text)
    TIM_ForcedOC2Config                      0x080036e7   Thumb Code   116  stm32f10x_tim.o(.text)
    TIM_ForcedOC3Config                      0x0800375b   Thumb Code   160  stm32f10x_tim.o(.text)
    TIM_ForcedOC4Config                      0x080037fb   Thumb Code    98  stm32f10x_tim.o(.text)
    TIM_ARRPreloadConfig                     0x0800385d   Thumb Code   162  stm32f10x_tim.o(.text)
    TIM_SelectCOM                            0x080038ff   Thumb Code    90  stm32f10x_tim.o(.text)
    TIM_SelectCCDMA                          0x08003959   Thumb Code   114  stm32f10x_tim.o(.text)
    TIM_CCPreloadControl                     0x080039cb   Thumb Code   102  stm32f10x_tim.o(.text)
    TIM_OC1PreloadConfig                     0x08003a31   Thumb Code   142  stm32f10x_tim.o(.text)
    TIM_OC2PreloadConfig                     0x08003abf   Thumb Code   114  stm32f10x_tim.o(.text)
    TIM_OC3PreloadConfig                     0x08003b31   Thumb Code    88  stm32f10x_tim.o(.text)
    TIM_OC4PreloadConfig                     0x08003b89   Thumb Code   166  stm32f10x_tim.o(.text)
    TIM_OC1FastConfig                        0x08003c2f   Thumb Code   142  stm32f10x_tim.o(.text)
    TIM_OC2FastConfig                        0x08003cbd   Thumb Code   114  stm32f10x_tim.o(.text)
    TIM_OC3FastConfig                        0x08003d2f   Thumb Code    88  stm32f10x_tim.o(.text)
    TIM_OC4FastConfig                        0x08003d87   Thumb Code    96  stm32f10x_tim.o(.text)
    TIM_ClearOC1Ref                          0x08003de7   Thumb Code    88  stm32f10x_tim.o(.text)
    TIM_ClearOC2Ref                          0x08003e3f   Thumb Code    94  stm32f10x_tim.o(.text)
    TIM_ClearOC3Ref                          0x08003e9d   Thumb Code    88  stm32f10x_tim.o(.text)
    TIM_ClearOC4Ref                          0x08003ef5   Thumb Code    94  stm32f10x_tim.o(.text)
    TIM_OC1PolarityConfig                    0x08003f53   Thumb Code   202  stm32f10x_tim.o(.text)
    TIM_OC1NPolarityConfig                   0x0800401d   Thumb Code    82  stm32f10x_tim.o(.text)
    TIM_OC2PolarityConfig                    0x0800406f   Thumb Code   114  stm32f10x_tim.o(.text)
    TIM_OC2NPolarityConfig                   0x080040e1   Thumb Code    72  stm32f10x_tim.o(.text)
    TIM_OC3PolarityConfig                    0x08004129   Thumb Code    96  stm32f10x_tim.o(.text)
    TIM_OC3NPolarityConfig                   0x08004189   Thumb Code    72  stm32f10x_tim.o(.text)
    TIM_OC4PolarityConfig                    0x080041d1   Thumb Code    96  stm32f10x_tim.o(.text)
    TIM_CCxCmd                               0x08004231   Thumb Code   186  stm32f10x_tim.o(.text)
    TIM_CCxNCmd                              0x080042eb   Thumb Code   122  stm32f10x_tim.o(.text)
    TIM_SelectOCxM                           0x08004365   Thumb Code   326  stm32f10x_tim.o(.text)
    TIM_UpdateDisableConfig                  0x080044ab   Thumb Code   162  stm32f10x_tim.o(.text)
    TIM_UpdateRequestConfig                  0x0800454d   Thumb Code   162  stm32f10x_tim.o(.text)
    TIM_SelectHallSensor                     0x080045ef   Thumb Code   114  stm32f10x_tim.o(.text)
    TIM_SelectOnePulseMode                   0x08004661   Thumb Code   156  stm32f10x_tim.o(.text)
    TIM_SelectOutputTrigger                  0x080046fd   Thumb Code   144  stm32f10x_tim.o(.text)
    TIM_SelectSlaveMode                      0x0800478d   Thumb Code   118  stm32f10x_tim.o(.text)
    TIM_SelectMasterSlaveMode                0x08004803   Thumb Code   176  stm32f10x_tim.o(.text)
    TIM_SetCounter                           0x080048b3   Thumb Code   124  stm32f10x_tim.o(.text)
    TIM_SetAutoreload                        0x0800492f   Thumb Code   124  stm32f10x_tim.o(.text)
    TIM_SetCompare1                          0x080049ab   Thumb Code   112  stm32f10x_tim.o(.text)
    TIM_SetCompare2                          0x08004a1b   Thumb Code    76  stm32f10x_tim.o(.text)
    TIM_SetCompare3                          0x08004a67   Thumb Code    58  stm32f10x_tim.o(.text)
    TIM_SetCompare4                          0x08004aa1   Thumb Code    60  stm32f10x_tim.o(.text)
    TIM_SetClockDivision                     0x08004add   Thumb Code   152  stm32f10x_tim.o(.text)
    TIM_GetCapture1                          0x08004b75   Thumb Code   110  stm32f10x_tim.o(.text)
    TIM_GetCapture2                          0x08004be3   Thumb Code    74  stm32f10x_tim.o(.text)
    TIM_GetCapture3                          0x08004c2d   Thumb Code   124  stm32f10x_tim.o(.text)
    TIM_GetCapture4                          0x08004ca9   Thumb Code    58  stm32f10x_tim.o(.text)
    TIM_GetCounter                           0x08004ce3   Thumb Code   122  stm32f10x_tim.o(.text)
    TIM_GetPrescaler                         0x08004d5d   Thumb Code   122  stm32f10x_tim.o(.text)
    TIM_GetFlagStatus                        0x08004dd7   Thumb Code   206  stm32f10x_tim.o(.text)
    TIM_ClearFlag                            0x08004ea5   Thumb Code   146  stm32f10x_tim.o(.text)
    TIM_GetITStatus                          0x08004f37   Thumb Code   204  stm32f10x_tim.o(.text)
    TIM_ClearITPendingBit                    0x08005003   Thumb Code   214  stm32f10x_tim.o(.text)
    EXTI_DeInit                              0x080050d9   Thumb Code    28  stm32f10x_exti.o(.text)
    EXTI_Init                                0x080050f5   Thumb Code   236  stm32f10x_exti.o(.text)
    EXTI_StructInit                          0x080051e1   Thumb Code    16  stm32f10x_exti.o(.text)
    EXTI_GenerateSWInterrupt                 0x080051f1   Thumb Code    38  stm32f10x_exti.o(.text)
    EXTI_GetFlagStatus                       0x08005217   Thumb Code   140  stm32f10x_exti.o(.text)
    EXTI_ClearFlag                           0x080052a3   Thumb Code    30  stm32f10x_exti.o(.text)
    EXTI_GetITStatus                         0x080052c1   Thumb Code   152  stm32f10x_exti.o(.text)
    EXTI_ClearITPendingBit                   0x08005359   Thumb Code    30  stm32f10x_exti.o(.text)
    InitTimeService                          0x0800539d   Thumb Code   104  time_service.o(.text)
    SysTick_Handler                          0x08005405   Thumb Code    12  time_service.o(.text)
    GetSystemTime                            0x08005411   Thumb Code     6  time_service.o(.text)
    Delay                                    0x08005417   Thumb Code    26  time_service.o(.text)
    InitSelfControlFsm                       0x08005441   Thumb Code     8  self_control.o(.text)
    SelfControlFsm                           0x08005449   Thumb Code   108  self_control.o(.text)
    InitIwdg                                 0x080054b5   Thumb Code     2  self_control.o(.text)
    initTimParams                            0x080054c1   Thumb Code   244  pwm.o(.text)
    initTimNvic                              0x080055b5   Thumb Code    72  pwm.o(.text)
    initTimGpio                              0x080055fd   Thumb Code    92  pwm.o(.text)
    initTimRcc                               0x08005659   Thumb Code    88  pwm.o(.text)
    InitTimer                                0x080056b1   Thumb Code    30  pwm.o(.text)
    AccelerationState                        0x080056cf   Thumb Code   378  pwm.o(.text)
    SwitchDir                                0x08005849   Thumb Code   276  pwm.o(.text)
    SetPwmTarget                             0x0800595d   Thumb Code    86  pwm.o(.text)
    switchDirFlag                            0x080059b3   Thumb Code    62  pwm.o(.text)
    enableChannel                            0x080059f1   Thumb Code    86  pwm.o(.text)
    disableChannel                           0x08005a47   Thumb Code    86  pwm.o(.text)
    tim2IrqHandler                           0x08005a9d   Thumb Code   150  pwm.o(.text)
    TIM2_IRQHandler                          0x08005b33   Thumb Code    10  pwm.o(.text)
    tim4IrqHandler                           0x08005b3d   Thumb Code   138  pwm.o(.text)
    TIM4_IRQHandler                          0x08005bc7   Thumb Code    10  pwm.o(.text)
    tim3IrqHandler                           0x08005bd1   Thumb Code    30  pwm.o(.text)
    TIM3_IRQHandler                          0x08005bef   Thumb Code    10  pwm.o(.text)
    InitGpioMotor                            0x08005c11   Thumb Code    46  motor.o(.text)
    InitMotor                                0x08005c3f   Thumb Code    12  motor.o(.text)
    SetPinMode                               0x08005c4b   Thumb Code    84  motor.o(.text)
    RunModeMotor                             0x08005c9f   Thumb Code    60  motor.o(.text)
    Crc16                                    0x08005cdb   Thumb Code    62  crc.o(.text)
    Crc8                                     0x08005d19   Thumb Code    56  crc.o(.text)
    InitLinkSlave                            0x08005d51   Thumb Code    46  link_slave.o(.text)
    ResetLinkSlave                           0x08005d7f   Thumb Code     8  link_slave.o(.text)
    ProcessLinkSlave                         0x08005d89   Thumb Code   236  link_slave.o(.text)
    MG_ComposeMsg                            0x08005fd7   Thumb Code   134  mg_canal_level.o(.text)
    MG_WrapMsg                               0x0800605d   Thumb Code    62  mg_canal_level.o(.text)
    MG_IsAnsNeeded                           0x0800609b   Thumb Code    14  mg_canal_level.o(.text)
    getRegAdrDummy                           0x080060a9   Thumb Code     6  mg_common.o(.text)
    MG_InitInputStruct                       0x080060af   Thumb Code    58  mg_common.o(.text)
    MG_InitOutputStruct                      0x080060e9   Thumb Code    24  mg_common.o(.text)
    MG_StartWriteReq                         0x08006101   Thumb Code    32  mg_common.o(.text)
    MG_AddRegToWriteReq                      0x08006121   Thumb Code    32  mg_common.o(.text)
    MG_IsWriteReqFull                        0x08006141   Thumb Code    28  mg_common.o(.text)
    MG_StartReadReq                          0x0800615d   Thumb Code    32  mg_common.o(.text)
    MG_AddRegToReadReq                       0x0800617d   Thumb Code    22  mg_common.o(.text)
    MG_IsReadReqFull                         0x08006193   Thumb Code    20  mg_common.o(.text)
    MG_SetRegRemapFunc                       0x080061a7   Thumb Code     6  mg_common.o(.text)
    MG_SetInputDevAdr                        0x080061ad   Thumb Code     6  mg_common.o(.text)
    MG_SetOutputDevAdr                       0x080061b3   Thumb Code     6  mg_common.o(.text)
    MG_GetOutputDevAdr                       0x080061b9   Thumb Code     8  mg_common.o(.text)
    MG_GetOutBufPtr                          0x080061c1   Thumb Code     2  mg_common.o(.text)
    MG_GetOutBufSize                         0x080061c3   Thumb Code     8  mg_common.o(.text)
    MG_ProcessRequest                        0x08006583   Thumb Code   114  mg_data_level.o(.text)
    MG_ProcessAnswer                         0x080067f1   Thumb Code   126  mg_data_level.o(.text)
    MG_GetReg                                0x08006885   Thumb Code    22  mg_regs.o(.text)
    MG_SetReg                                0x0800689b   Thumb Code    34  mg_regs.o(.text)
    MG_IsRegChanged                          0x080068bd   Thumb Code    54  mg_regs.o(.text)
    MG_IsRegValid                            0x080068f3   Thumb Code    22  mg_regs.o(.text)
    MG_IsRegTypeR                            0x08006909   Thumb Code    14  mg_regs.o(.text)
    MG_IsRegTypeW                            0x08006917   Thumb Code    14  mg_regs.o(.text)
    Set_System                               0x08006935   Thumb Code    70  hw_config.o(.text)
    Set_USBClock                             0x0800697b   Thumb Code    18  hw_config.o(.text)
    Enter_LowPowerMode                       0x0800698d   Thumb Code     8  hw_config.o(.text)
    Leave_LowPowerMode                       0x08006995   Thumb Code    28  hw_config.o(.text)
    USB_Interrupts_Config                    0x080069b1   Thumb Code    60  hw_config.o(.text)
    USB_Cable_Config                         0x080069ed   Thumb Code    30  hw_config.o(.text)
    Get_SerialNum                            0x08006a49   Thumb Code    42  hw_config.o(.text)
    CDC_Send_DATA                            0x08006a73   Thumb Code    50  hw_config.o(.text)
    CDC_Receive_DATA                         0x08006aa5   Thumb Code    24  hw_config.o(.text)
    NMI_Handler                              0x08006ae1   Thumb Code     2  stm32_it.o(.text)
    HardFault_Handler                        0x08006ae3   Thumb Code     4  stm32_it.o(.text)
    MemManage_Handler                        0x08006ae7   Thumb Code     4  stm32_it.o(.text)
    BusFault_Handler                         0x08006aeb   Thumb Code     4  stm32_it.o(.text)
    UsageFault_Handler                       0x08006aef   Thumb Code     4  stm32_it.o(.text)
    SVC_Handler                              0x08006af3   Thumb Code     2  stm32_it.o(.text)
    DebugMon_Handler                         0x08006af5   Thumb Code     2  stm32_it.o(.text)
    PendSV_Handler                           0x08006af7   Thumb Code     2  stm32_it.o(.text)
    USB_LP_CAN1_RX0_IRQHandler               0x08006af9   Thumb Code     8  stm32_it.o(.text)
    USBWakeUp_IRQHandler                     0x08006b01   Thumb Code    12  stm32_it.o(.text)
    EP1_IN_Callback                          0x08006b0d   Thumb Code     8  usb_endp.o(.text)
    EP3_OUT_Callback                         0x08006b15   Thumb Code    34  usb_endp.o(.text)
    USB_Istr                                 0x08006b49   Thumb Code   422  usb_istr.o(.text)
    Virtual_Com_Port_init                    0x08006d15   Thumb Code    30  usb_prop.o(.text)
    Virtual_Com_Port_Reset                   0x08006d33   Thumb Code   216  usb_prop.o(.text)
    Virtual_Com_Port_SetConfiguration        0x08006e0b   Thumb Code    14  usb_prop.o(.text)
    Virtual_Com_Port_SetDeviceAddress        0x08006e19   Thumb Code     8  usb_prop.o(.text)
    Virtual_Com_Port_Status_In               0x08006e21   Thumb Code    16  usb_prop.o(.text)
    Virtual_Com_Port_Status_Out              0x08006e31   Thumb Code     2  usb_prop.o(.text)
    Virtual_Com_Port_SetLineCoding           0x08006e33   Thumb Code    20  usb_prop.o(.text)
    Virtual_Com_Port_GetLineCoding           0x08006e47   Thumb Code    20  usb_prop.o(.text)
    Virtual_Com_Port_Data_Setup              0x08006e5b   Thumb Code    86  usb_prop.o(.text)
    Virtual_Com_Port_NoData_Setup            0x08006eb1   Thumb Code    36  usb_prop.o(.text)
    Virtual_Com_Port_GetDeviceDescriptor     0x08006ed5   Thumb Code    14  usb_prop.o(.text)
    Virtual_Com_Port_GetConfigDescriptor     0x08006ee3   Thumb Code    14  usb_prop.o(.text)
    Virtual_Com_Port_GetStringDescriptor     0x08006ef1   Thumb Code    32  usb_prop.o(.text)
    Virtual_Com_Port_Get_Interface_Setting   0x08006f11   Thumb Code    22  usb_prop.o(.text)
    PowerOn                                  0x08006f51   Thumb Code    54  usb_pwr.o(.text)
    PowerOff                                 0x08006f87   Thumb Code    28  usb_pwr.o(.text)
    Suspend                                  0x08006fa3   Thumb Code   240  usb_pwr.o(.text)
    Resume_Init                              0x08007093   Thumb Code    30  usb_pwr.o(.text)
    Resume                                   0x080070b1   Thumb Code   194  usb_pwr.o(.text)
    GetByteFromUsb                           0x08007195   Thumb Code    46  usb_struct.o(.text)
    IsNewDataInUsb                           0x080071c3   Thumb Code    16  usb_struct.o(.text)
    SendDataToUsb                            0x080071d3   Thumb Code    10  usb_struct.o(.text)
    CopyDataFromReceiveToUsb                 0x080071dd   Thumb Code    96  usb_struct.o(.text)
    CopyDataFromUsbToSend                    0x0800723d   Thumb Code    52  usb_struct.o(.text)
    Standard_GetConfiguration                0x08007281   Thumb Code    34  usb_core.o(.text)
    Standard_SetConfiguration                0x080072a3   Thumb Code    60  usb_core.o(.text)
    Standard_GetInterface                    0x080072df   Thumb Code    34  usb_core.o(.text)
    Standard_SetInterface                    0x08007301   Thumb Code    96  usb_core.o(.text)
    Standard_GetStatus                       0x08007361   Thumb Code   238  usb_core.o(.text)
    Standard_ClearFeature                    0x0800744f   Thumb Code   342  usb_core.o(.text)
    Standard_SetEndPointFeature              0x080075a5   Thumb Code   220  usb_core.o(.text)
    Standard_SetDeviceFeature                0x08007681   Thumb Code    30  usb_core.o(.text)
    Standard_GetDescriptorData               0x0800769f   Thumb Code    32  usb_core.o(.text)
    Post0_Process                            0x08007bd3   Thumb Code    54  usb_core.o(.text)
    Setup0_Process                           0x08007c09   Thumb Code   170  usb_core.o(.text)
    SetDeviceAddress                         0x08007cb3   Thumb Code    70  usb_core.o(.text)
    In0_Process                              0x08007cf9   Thumb Code    98  usb_core.o(.text)
    Out0_Process                             0x08007d5b   Thumb Code    70  usb_core.o(.text)
    NOP_Process                              0x08007da1   Thumb Code     2  usb_core.o(.text)
    USB_Init                                 0x08007dd1   Thumb Code    36  usb_init.o(.text)
    CTR_LP                                   0x08007e0d   Thumb Code   616  usb_int.o(.text)
    CTR_HP                                   0x08008075   Thumb Code   178  usb_int.o(.text)
    UserToPMABufferCopy                      0x08008149   Thumb Code    52  usb_mem.o(.text)
    PMAToUserBufferCopy                      0x0800817d   Thumb Code    34  usb_mem.o(.text)
    SetCNTR                                  0x080081a5   Thumb Code     6  usb_regs.o(.text)
    GetCNTR                                  0x080081ab   Thumb Code     8  usb_regs.o(.text)
    SetISTR                                  0x080081b3   Thumb Code     8  usb_regs.o(.text)
    GetISTR                                  0x080081bb   Thumb Code    10  usb_regs.o(.text)
    GetFNR                                   0x080081c5   Thumb Code    10  usb_regs.o(.text)
    SetDADDR                                 0x080081cf   Thumb Code     8  usb_regs.o(.text)
    GetDADDR                                 0x080081d7   Thumb Code    10  usb_regs.o(.text)
    SetBTABLE                                0x080081e1   Thumb Code    14  usb_regs.o(.text)
    GetBTABLE                                0x080081ef   Thumb Code    10  usb_regs.o(.text)
    SetENDPOINT                              0x080081f9   Thumb Code    12  usb_regs.o(.text)
    GetENDPOINT                              0x08008205   Thumb Code    16  usb_regs.o(.text)
    SetEPType                                0x08008215   Thumb Code    32  usb_regs.o(.text)
    GetEPType                                0x08008235   Thumb Code    18  usb_regs.o(.text)
    SetEPTxStatus                            0x08008247   Thumb Code    60  usb_regs.o(.text)
    SetEPRxStatus                            0x08008283   Thumb Code    60  usb_regs.o(.text)
    SetDouBleBuffEPStall                     0x080082bf   Thumb Code    54  usb_regs.o(.text)
    GetEPTxStatus                            0x080082f5   Thumb Code    18  usb_regs.o(.text)
    GetEPRxStatus                            0x08008307   Thumb Code    18  usb_regs.o(.text)
    SetEPTxValid                             0x08008319   Thumb Code    48  usb_regs.o(.text)
    SetEPRxValid                             0x08008349   Thumb Code    48  usb_regs.o(.text)
    SetEP_KIND                               0x08008379   Thumb Code    38  usb_regs.o(.text)
    ClearEP_KIND                             0x0800839f   Thumb Code    34  usb_regs.o(.text)
    Clear_Status_Out                         0x080083c1   Thumb Code    34  usb_regs.o(.text)
    Set_Status_Out                           0x080083e3   Thumb Code    38  usb_regs.o(.text)
    SetEPDoubleBuff                          0x08008409   Thumb Code    38  usb_regs.o(.text)
    ClearEPDoubleBuff                        0x0800842f   Thumb Code    34  usb_regs.o(.text)
    GetTxStallStatus                         0x08008451   Thumb Code    28  usb_regs.o(.text)
    GetRxStallStatus                         0x0800846d   Thumb Code    30  usb_regs.o(.text)
    ClearEP_CTR_RX                           0x0800848b   Thumb Code    32  usb_regs.o(.text)
    ClearEP_CTR_TX                           0x080084ab   Thumb Code    28  usb_regs.o(.text)
    ToggleDTOG_RX                            0x080084c7   Thumb Code    34  usb_regs.o(.text)
    ToggleDTOG_TX                            0x080084e9   Thumb Code    34  usb_regs.o(.text)
    ClearDTOG_RX                             0x0800850b   Thumb Code    48  usb_regs.o(.text)
    ClearDTOG_TX                             0x0800853b   Thumb Code    48  usb_regs.o(.text)
    SetEPAddress                             0x0800856b   Thumb Code    46  usb_regs.o(.text)
    GetEPAddress                             0x08008599   Thumb Code    18  usb_regs.o(.text)
    SetEPTxAddr                              0x080085ab   Thumb Code    24  usb_regs.o(.text)
    SetEPRxAddr                              0x080085c3   Thumb Code    26  usb_regs.o(.text)
    GetEPTxAddr                              0x080085dd   Thumb Code    22  usb_regs.o(.text)
    GetEPRxAddr                              0x080085f3   Thumb Code    24  usb_regs.o(.text)
    SetEPTxCount                             0x0800860b   Thumb Code    20  usb_regs.o(.text)
    SetEPCountRxReg                          0x0800861f   Thumb Code    48  usb_regs.o(.text)
    SetEPRxCount                             0x0800864f   Thumb Code    68  usb_regs.o(.text)
    GetEPTxCount                             0x08008693   Thumb Code    26  usb_regs.o(.text)
    GetEPRxCount                             0x080086ad   Thumb Code    26  usb_regs.o(.text)
    SetEPDblBuffAddr                         0x080086c7   Thumb Code    44  usb_regs.o(.text)
    SetEPDblBuf0Addr                         0x080086f3   Thumb Code    24  usb_regs.o(.text)
    SetEPDblBuf1Addr                         0x0800870b   Thumb Code    26  usb_regs.o(.text)
    GetEPDblBuf0Addr                         0x08008725   Thumb Code    22  usb_regs.o(.text)
    GetEPDblBuf1Addr                         0x0800873b   Thumb Code    24  usb_regs.o(.text)
    SetEPDblBuffCount                        0x08008753   Thumb Code   186  usb_regs.o(.text)
    SetEPDblBuf0Count                        0x0800880d   Thumb Code    96  usb_regs.o(.text)
    SetEPDblBuf1Count                        0x0800886d   Thumb Code    96  usb_regs.o(.text)
    GetEPDblBuf0Count                        0x080088cd   Thumb Code    26  usb_regs.o(.text)
    GetEPDblBuf1Count                        0x080088e7   Thumb Code    26  usb_regs.o(.text)
    GetEPDblBufDir                           0x08008901   Thumb Code    62  usb_regs.o(.text)
    FreeUserBuffer                           0x0800893f   Thumb Code    90  usb_regs.o(.text)
    ToWord                                   0x08008999   Thumb Code     8  usb_regs.o(.text)
    ByteSwap                                 0x080089a1   Thumb Code    12  usb_regs.o(.text)
    USB_SIL_Init                             0x080089ad   Thumb Code    28  usb_sil.o(.text)
    USB_SIL_Write                            0x080089c9   Thumb Code    46  usb_sil.o(.text)
    USB_SIL_Read                             0x080089f7   Thumb Code    46  usb_sil.o(.text)
    __use_two_region_memory                  0x08008a2d   Thumb Code     2  heapauxi.o(.text)
    __rt_heap_escrow$2region                 0x08008a2f   Thumb Code     2  heapauxi.o(.text)
    __rt_heap_expand$2region                 0x08008a31   Thumb Code     2  heapauxi.o(.text)
    __user_setup_stackheap                   0x08008a33   Thumb Code    74  sys_stackheap_outer.o(.text)
    exit                                     0x08008a7d   Thumb Code    18  exit.o(.text)
    __user_libspace                          0x08008a91   Thumb Code     8  libspace.o(.text)
    __user_perproc_libspace                  0x08008a91   Thumb Code     0  libspace.o(.text)
    __user_perthread_libspace                0x08008a91   Thumb Code     0  libspace.o(.text)
    _sys_exit                                0x08008a99   Thumb Code     8  sys_exit.o(.text)
    __I$use$semihosting                      0x08008aa5   Thumb Code     0  use_no_semi.o(.text)
    __use_no_semihosting_swi                 0x08008aa5   Thumb Code     2  use_no_semi.o(.text)
    Virtual_Com_Port_DeviceDescriptor        0x08008aa6   Data          18  usb_desc.o(.constdata)
    __semihosting_library_function           0x08008aa7   Thumb Code     0  indicate_semi.o(.text)
    Virtual_Com_Port_ConfigDescriptor        0x08008ab8   Data          67  usb_desc.o(.constdata)
    Virtual_Com_Port_StringLangID            0x08008afb   Data           4  usb_desc.o(.constdata)
    Virtual_Com_Port_StringVendor            0x08008aff   Data          38  usb_desc.o(.constdata)
    Virtual_Com_Port_StringProduct           0x08008b25   Data          50  usb_desc.o(.constdata)
    Region$$Table$$Base                      0x08008b58   Number         0  anon$$obj.o(Region$$Table)
    Region$$Table$$Limit                     0x08008b78   Number         0  anon$$obj.o(Region$$Table)
    packet_sent                              0x20000000   Data           4  main.o(.data)
    packet_receive                           0x20000004   Data           4  main.o(.data)
    SystemCoreClock                          0x20000008   Data           4  system_stm32f10x.o(.data)
    AHBPrescTable                            0x2000000c   Data          16  system_stm32f10x.o(.data)
    SelfControlState                         0x20000034   Data           1  self_control.o(.data)
    Timer2                                   0x20000038   Data          76  pwm.o(.data)
    Timer4                                   0x20000084   Data          76  pwm.o(.data)
    Timer3                                   0x200000d0   Data          76  pwm.o(.data)
    Motor1                                   0x2000011c   Data          20  motor.o(.data)
    Motor2                                   0x20000130   Data          20  motor.o(.data)
    Motor3                                   0x20000144   Data          20  motor.o(.data)
    Motor4                                   0x20000158   Data          20  motor.o(.data)
    RegsRo                                   0x20000180   Data           5  mg_regs.o(.data)
    RegsRw                                   0x20000185   Data           4  mg_regs.o(.data)
    ChangeFlagsRo                            0x20000189   Data           5  mg_regs.o(.data)
    ChangeFlagsRw                            0x2000018e   Data           4  mg_regs.o(.data)
    HSEStartUpStatus                         0x20000194   Data           1  hw_config.o(.data)
    EXTI_InitStructure                       0x20000198   Data           8  hw_config.o(.data)
    Virtual_Com_Port_StringSerial            0x200001a0   Data          26  usb_desc.o(.data)
    wIstr                                    0x200001bc   Data           2  usb_istr.o(.data)
    bIntPackSOF                              0x200001be   Data           1  usb_istr.o(.data)
    esof_counter                             0x200001c0   Data           4  usb_istr.o(.data)
    wCNTR                                    0x200001c4   Data           4  usb_istr.o(.data)
    pEpInt_IN                                0x200001c8   Data          28  usb_istr.o(.data)
    pEpInt_OUT                               0x200001e4   Data          28  usb_istr.o(.data)
    Request                                  0x20000200   Data           1  usb_prop.o(.data)
    linecoding                               0x20000204   Data           8  usb_prop.o(.data)
    Device_Table                             0x2000020c   Data           2  usb_prop.o(.data)
    Device_Property                          0x20000210   Data          48  usb_prop.o(.data)
    User_Standard_Requests                   0x20000240   Data          36  usb_prop.o(.data)
    Device_Descriptor                        0x20000264   Data           8  usb_prop.o(.data)
    Config_Descriptor                        0x2000026c   Data           8  usb_prop.o(.data)
    String_Descriptor                        0x20000274   Data          32  usb_prop.o(.data)
    bDeviceState                             0x20000294   Data           4  usb_pwr.o(.data)
    fSuspendEnabled                          0x20000298   Data           1  usb_pwr.o(.data)
    ResumeS                                  0x20000299   Data           2  usb_pwr.o(.data)
    remotewakeupon                           0x2000029c   Data           4  usb_pwr.o(.data)
    Receive_length                           0x200002a0   Data           1  usb_struct.o(.data)
    Send_length                              0x200002a1   Data           1  usb_struct.o(.data)
    StatusInfo                               0x200002a2   Data           2  usb_core.o(.data)
    Data_Mul_MaxPacketSize                   0x200002a4   Data           1  usb_core.o(.data)
    EPindex                                  0x200002a8   Data           1  usb_init.o(.data)
    pInformation                             0x200002ac   Data           4  usb_init.o(.data)
    pProperty                                0x200002b0   Data           4  usb_init.o(.data)
    SaveState                                0x200002b4   Data           2  usb_init.o(.data)
    wInterrupt_Mask                          0x200002b6   Data           2  usb_init.o(.data)
    pUser_Standard_Requests                  0x200002b8   Data           4  usb_init.o(.data)
    SaveRState                               0x200002bc   Data           2  usb_int.o(.data)
    SaveTState                               0x200002be   Data           2  usb_int.o(.data)
    EP                                       0x200004e0   Data          32  usb_pwr.o(.bss)
    Receive_Buffer                           0x20000500   Data          64  usb_struct.o(.bss)
    Send_Buffer                              0x20000540   Data          64  usb_struct.o(.bss)
    Usb1                                     0x20000580   Data         268  usb_struct.o(.bss)
    Device_Info                              0x2000068c   Data          28  usb_init.o(.bss)
    __libspace_start                         0x200006a8   Data          96  libspace.o(.bss)
    __temporary_stack_top$libspace           0x20000708   Data           0  libspace.o(.bss)



==============================================================================

Memory Map of the image

  Image Entry point : 0x080000ed

  Load Region LR_IROM1 (Base: 0x08000000, Size: 0x00008e38, Max: 0x00010000, ABSOLUTE, COMPRESSED[0x00008c84])

    Execution Region ER_IROM1 (Base: 0x08000000, Size: 0x00008b78, Max: 0x00010000, ABSOLUTE)

    Base Addr    Size         Type   Attr      Idx    E Section Name        Object

    0x08000000   0x000000ec   Data   RO            3    RESET               startup_stm32f10x_md.o
    0x080000ec   0x00000008   Code   RO          811  * !!!main             c_w.l(__main.o)
    0x080000f4   0x00000034   Code   RO          970    !!!scatter          c_w.l(__scatter.o)
    0x08000128   0x0000005a   Code   RO          968    !!dczerorl2         c_w.l(__dczerorl2.o)
    0x08000182   0x00000002   PAD
    0x08000184   0x0000001c   Code   RO          972    !!handler_zi        c_w.l(__scatter_zi.o)
    0x080001a0   0x00000002   Code   RO          838    .ARM.Collect$$libinit$$00000000  c_w.l(libinit.o)
    0x080001a2   0x00000000   Code   RO          845    .ARM.Collect$$libinit$$00000002  c_w.l(libinit2.o)
    0x080001a2   0x00000000   Code   RO          847    .ARM.Collect$$libinit$$00000004  c_w.l(libinit2.o)
    0x080001a2   0x00000000   Code   RO          850    .ARM.Collect$$libinit$$0000000A  c_w.l(libinit2.o)
    0x080001a2   0x00000000   Code   RO          852    .ARM.Collect$$libinit$$0000000C  c_w.l(libinit2.o)
    0x080001a2   0x00000000   Code   RO          854    .ARM.Collect$$libinit$$0000000E  c_w.l(libinit2.o)
    0x080001a2   0x00000000   Code   RO          857    .ARM.Collect$$libinit$$00000011  c_w.l(libinit2.o)
    0x080001a2   0x00000000   Code   RO          859    .ARM.Collect$$libinit$$00000013  c_w.l(libinit2.o)
    0x080001a2   0x00000000   Code   RO          861    .ARM.Collect$$libinit$$00000015  c_w.l(libinit2.o)
    0x080001a2   0x00000000   Code   RO          863    .ARM.Collect$$libinit$$00000017  c_w.l(libinit2.o)
    0x080001a2   0x00000000   Code   RO          865    .ARM.Collect$$libinit$$00000019  c_w.l(libinit2.o)
    0x080001a2   0x00000000   Code   RO          867    .ARM.Collect$$libinit$$0000001B  c_w.l(libinit2.o)
    0x080001a2   0x00000000   Code   RO          869    .ARM.Collect$$libinit$$0000001D  c_w.l(libinit2.o)
    0x080001a2   0x00000000   Code   RO          871    .ARM.Collect$$libinit$$0000001F  c_w.l(libinit2.o)
    0x080001a2   0x00000000   Code   RO          873    .ARM.Collect$$libinit$$00000021  c_w.l(libinit2.o)
    0x080001a2   0x00000000   Code   RO          875    .ARM.Collect$$libinit$$00000023  c_w.l(libinit2.o)
    0x080001a2   0x00000000   Code   RO          877    .ARM.Collect$$libinit$$00000025  c_w.l(libinit2.o)
    0x080001a2   0x00000000   Code   RO          881    .ARM.Collect$$libinit$$0000002C  c_w.l(libinit2.o)
    0x080001a2   0x00000000   Code   RO          883    .ARM.Collect$$libinit$$0000002E  c_w.l(libinit2.o)
    0x080001a2   0x00000000   Code   RO          885    .ARM.Collect$$libinit$$00000030  c_w.l(libinit2.o)
    0x080001a2   0x00000000   Code   RO          887    .ARM.Collect$$libinit$$00000032  c_w.l(libinit2.o)
    0x080001a2   0x00000002   Code   RO          888    .ARM.Collect$$libinit$$00000033  c_w.l(libinit2.o)
    0x080001a4   0x00000002   Code   RO          908    .ARM.Collect$$libshutdown$$00000000  c_w.l(libshutdown.o)
    0x080001a6   0x00000000   Code   RO          921    .ARM.Collect$$libshutdown$$00000002  c_w.l(libshutdown2.o)
    0x080001a6   0x00000000   Code   RO          923    .ARM.Collect$$libshutdown$$00000004  c_w.l(libshutdown2.o)
    0x080001a6   0x00000000   Code   RO          926    .ARM.Collect$$libshutdown$$00000007  c_w.l(libshutdown2.o)
    0x080001a6   0x00000000   Code   RO          929    .ARM.Collect$$libshutdown$$0000000A  c_w.l(libshutdown2.o)
    0x080001a6   0x00000000   Code   RO          931    .ARM.Collect$$libshutdown$$0000000C  c_w.l(libshutdown2.o)
    0x080001a6   0x00000000   Code   RO          934    .ARM.Collect$$libshutdown$$0000000F  c_w.l(libshutdown2.o)
    0x080001a6   0x00000002   Code   RO          935    .ARM.Collect$$libshutdown$$00000010  c_w.l(libshutdown2.o)
    0x080001a8   0x00000000   Code   RO          813    .ARM.Collect$$rtentry$$00000000  c_w.l(__rtentry.o)
    0x080001a8   0x00000000   Code   RO          815    .ARM.Collect$$rtentry$$00000002  c_w.l(__rtentry2.o)
    0x080001a8   0x00000006   Code   RO          827    .ARM.Collect$$rtentry$$00000004  c_w.l(__rtentry4.o)
    0x080001ae   0x00000000   Code   RO          817    .ARM.Collect$$rtentry$$00000009  c_w.l(__rtentry2.o)
    0x080001ae   0x00000004   Code   RO          818    .ARM.Collect$$rtentry$$0000000A  c_w.l(__rtentry2.o)
    0x080001b2   0x00000000   Code   RO          820    .ARM.Collect$$rtentry$$0000000C  c_w.l(__rtentry2.o)
    0x080001b2   0x00000008   Code   RO          821    .ARM.Collect$$rtentry$$0000000D  c_w.l(__rtentry2.o)
    0x080001ba   0x00000002   Code   RO          842    .ARM.Collect$$rtexit$$00000000  c_w.l(rtexit.o)
    0x080001bc   0x00000000   Code   RO          890    .ARM.Collect$$rtexit$$00000002  c_w.l(rtexit2.o)
    0x080001bc   0x00000004   Code   RO          891    .ARM.Collect$$rtexit$$00000003  c_w.l(rtexit2.o)
    0x080001c0   0x00000006   Code   RO          892    .ARM.Collect$$rtexit$$00000004  c_w.l(rtexit2.o)
    0x080001c6   0x00000002   PAD
    0x080001c8   0x00000040   Code   RO            4    .text               startup_stm32f10x_md.o
    0x08000208   0x00000150   Code   RO           10    .text               main.o
    0x08000358   0x000001e0   Code   RO          198    .text               system_stm32f10x.o
    0x08000538   0x000001c4   Code   RO          235    .text               misc.o
    0x080006fc   0x00000820   Code   RO          247    .text               stm32f10x_rcc.o
    0x08000f1c   0x00000a60   Code   RO          261    .text               stm32f10x_gpio.o
    0x0800197c   0x0000375c   Code   RO          273    .text               stm32f10x_tim.o
    0x080050d8   0x000002c4   Code   RO          321    .text               stm32f10x_exti.o
    0x0800539c   0x000000a4   Code   RO          345    .text               time_service.o
    0x08005440   0x00000080   Code   RO          363    .text               self_control.o
    0x080054c0   0x00000750   Code   RO          378    .text               pwm.o
    0x08005c10   0x000000ca   Code   RO          408    .text               motor.o
    0x08005cda   0x00000076   Code   RO          448    .text               crc.o
    0x08005d50   0x00000150   Code   RO          472    .text               link_slave.o
    0x08005ea0   0x00000208   Code   RO          500    .text               mg_canal_level.o
    0x080060a8   0x00000130   Code   RO          512    .text               mg_common.o
    0x080061d8   0x000006ac   Code   RO          533    .text               mg_data_level.o
    0x08006884   0x000000b0   Code   RO          548    .text               mg_regs.o
    0x08006934   0x000001ac   Code   RO          563    .text               hw_config.o
    0x08006ae0   0x0000002c   Code   RO          589    .text               stm32_it.o
    0x08006b0c   0x0000003c   Code   RO          617    .text               usb_endp.o
    0x08006b48   0x000001cc   Code   RO          629    .text               usb_istr.o
    0x08006d14   0x0000023c   Code   RO          647    .text               usb_prop.o
    0x08006f50   0x00000244   Code   RO          670    .text               usb_pwr.o
    0x08007194   0x000000ec   Code   RO          689    .text               usb_struct.o
    0x08007280   0x00000b50   Code   RO          709    .text               usb_core.o
    0x08007dd0   0x0000003c   Code   RO          724    .text               usb_init.o
    0x08007e0c   0x0000033c   Code   RO          747    .text               usb_int.o
    0x08008148   0x0000005c   Code   RO          771    .text               usb_mem.o
    0x080081a4   0x00000808   Code   RO          783    .text               usb_regs.o
    0x080089ac   0x00000080   Code   RO          795    .text               usb_sil.o
    0x08008a2c   0x00000006   Code   RO          809    .text               c_w.l(heapauxi.o)
    0x08008a32   0x0000004a   Code   RO          829    .text               c_w.l(sys_stackheap_outer.o)
    0x08008a7c   0x00000012   Code   RO          831    .text               c_w.l(exit.o)
    0x08008a8e   0x00000002   PAD
    0x08008a90   0x00000008   Code   RO          839    .text               c_w.l(libspace.o)
    0x08008a98   0x0000000c   Code   RO          900    .text               c_w.l(sys_exit.o)
    0x08008aa4   0x00000002   Code   RO          911    .text               c_w.l(use_no_semi.o)
    0x08008aa6   0x00000000   Code   RO          913    .text               c_w.l(indicate_semi.o)
    0x08008aa6   0x000000b1   Data   RO          604    .constdata          usb_desc.o
    0x08008b57   0x00000001   PAD
    0x08008b58   0x00000020   Data   RO          966    Region$$Table       anon$$obj.o


    Execution Region RW_IRAM1 (Base: 0x20000000, Size: 0x00000d08, Max: 0x00005000, ABSOLUTE, COMPRESSED[0x0000010c])

    Base Addr    Size         Type   Attr      Idx    E Section Name        Object

    0x20000000   0x00000008   Data   RW           11    .data               main.o
    0x20000008   0x00000014   Data   RW          199    .data               system_stm32f10x.o
    0x2000001c   0x00000014   Data   RW          248    .data               stm32f10x_rcc.o
    0x20000030   0x00000004   Data   RW          346    .data               time_service.o
    0x20000034   0x00000001   Data   RW          364    .data               self_control.o
    0x20000035   0x00000003   PAD
    0x20000038   0x000000e4   Data   RW          379    .data               pwm.o
    0x2000011c   0x00000050   Data   RW          409    .data               motor.o
    0x2000016c   0x00000014   Data   RW          474    .data               link_slave.o
    0x20000180   0x00000012   Data   RW          549    .data               mg_regs.o
    0x20000192   0x00000002   PAD
    0x20000194   0x0000000c   Data   RW          564    .data               hw_config.o
    0x200001a0   0x0000001a   Data   RW          605    .data               usb_desc.o
    0x200001ba   0x00000002   PAD
    0x200001bc   0x00000044   Data   RW          630    .data               usb_istr.o
    0x20000200   0x00000094   Data   RW          648    .data               usb_prop.o
    0x20000294   0x0000000c   Data   RW          672    .data               usb_pwr.o
    0x200002a0   0x00000002   Data   RW          691    .data               usb_struct.o
    0x200002a2   0x00000003   Data   RW          710    .data               usb_core.o
    0x200002a5   0x00000003   PAD
    0x200002a8   0x00000014   Data   RW          726    .data               usb_init.o
    0x200002bc   0x00000004   Data   RW          748    .data               usb_int.o
    0x200002c0   0x00000220   Zero   RW          473    .bss                link_slave.o
    0x200004e0   0x00000020   Zero   RW          671    .bss                usb_pwr.o
    0x20000500   0x0000018c   Zero   RW          690    .bss                usb_struct.o
    0x2000068c   0x0000001c   Zero   RW          725    .bss                usb_init.o
    0x200006a8   0x00000060   Zero   RW          840    .bss                c_w.l(libspace.o)
    0x20000708   0x00000200   Zero   RW            2    HEAP                startup_stm32f10x_md.o
    0x20000908   0x00000400   Zero   RW            1    STACK               startup_stm32f10x_md.o


==============================================================================

Image component sizes


      Code (inc. data)   RO Data    RW Data    ZI Data      Debug   Object Name

       118          0          0          0          0       1109   crc.o
       428         36          0         12          0       3863   hw_config.o
       336         28          0         20        544       4660   link_slave.o
       336         58          0          8          0     263438   main.o
       520          0          0          0          0       3126   mg_canal_level.o
       304          0          0          0          0       6747   mg_common.o
      1708         16          0          0          0       7509   mg_data_level.o
       176         16          0         18          0       2188   mg_regs.o
       452         40          0          0          0       1897   misc.o
       202          0          0         80          0       3036   motor.o
      1872         54          0        228          0      21802   pwm.o
       128         10          0          1          0       1264   self_control.o
        64         26        236          0       1536        796   startup_stm32f10x_md.o
        44          0          0          0          0       1398   stm32_it.o
       708         38          0          0          0       2503   stm32f10x_exti.o
      2656        178          0          0          0       7181   stm32f10x_gpio.o
      2080         76          0         20          0      10116   stm32f10x_rcc.o
     14172        806          0          0          0      31544   stm32f10x_tim.o
       480         38          0         20          0       1667   system_stm32f10x.o
       164         16          0          4          0      16653   time_service.o
      2896        114          0          3          0       7943   usb_core.o
         0          0        177         26          0        963   usb_desc.o
        60         18          0          0          0        567   usb_endp.o
        60         24          0         20         28       3846   usb_init.o
       828         34          0          4          0       1719   usb_int.o
       460         38          0         68          0       1443   usb_istr.o
        92          6          0          0          0       1262   usb_mem.o
       572         42          0        148          0       7143   usb_prop.o
       580         42          0         12         32       2731   usb_pwr.o
      2056         20          0          0          0      11841   usb_regs.o
       128          8          0          0          0       1326   usb_sil.o
       236         16          0          2        396       2835   usb_struct.o

    ----------------------------------------------------------------------
     34916       1798        446        704       2536     436116   Object Totals
         0          0         32          0          0          0   (incl. Generated)
         0          0          1         10          0          0   (incl. Padding)

    ----------------------------------------------------------------------

      Code (inc. data)   RO Data    RW Data    ZI Data      Debug   Library Member Name

        90          0          0          0          0          0   __dczerorl2.o
         8          0          0          0          0         68   __main.o
         0          0          0          0          0          0   __rtentry.o
        12          0          0          0          0          0   __rtentry2.o
         6          0          0          0          0          0   __rtentry4.o
        52          8          0          0          0          0   __scatter.o
        28          0          0          0          0          0   __scatter_zi.o
        18          0          0          0          0         80   exit.o
         6          0          0          0          0        152   heapauxi.o
         0          0          0          0          0          0   indicate_semi.o
         2          0          0          0          0          0   libinit.o
         2          0          0          0          0          0   libinit2.o
         2          0          0          0          0          0   libshutdown.o
         2          0          0          0          0          0   libshutdown2.o
         8          4          0          0         96         68   libspace.o
         2          0          0          0          0          0   rtexit.o
        10          0          0          0          0          0   rtexit2.o
        12          4          0          0          0         68   sys_exit.o
        74          0          0          0          0         80   sys_stackheap_outer.o
         2          0          0          0          0         68   use_no_semi.o

    ----------------------------------------------------------------------
       342         16          0          0         96        584   Library Totals
         6          0          0          0          0          0   (incl. Padding)

    ----------------------------------------------------------------------

      Code (inc. data)   RO Data    RW Data    ZI Data      Debug   Library Name

       336         16          0          0         96        584   c_w.l

    ----------------------------------------------------------------------
       342         16          0          0         96        584   Library Totals

    ----------------------------------------------------------------------

==============================================================================


      Code (inc. data)   RO Data    RW Data    ZI Data      Debug   

     35258       1814        446        704       2632     433576   Grand Totals
     35258       1814        446        268       2632     433576   ELF Image Totals (compressed)
     35258       1814        446        268          0          0   ROM Totals

==============================================================================

    Total RO  Size (Code + RO Data)                35704 (  34.87kB)
    Total RW  Size (RW Data + ZI Data)              3336 (   3.26kB)
    Total ROM Size (Code + RO Data + RW Data)      35972 (  35.13kB)

==============================================================================

