Component: ARM Compiler 5.06 update 1 (build 61) Tool: armlink [4d35a8]

==============================================================================

Section Cross References

    startup_stm32f10x_md.o(STACK) refers (Special) to heapauxi.o(.text) for __use_two_region_memory
    startup_stm32f10x_md.o(HEAP) refers (Special) to heapauxi.o(.text) for __use_two_region_memory
    startup_stm32f10x_md.o(RESET) refers (Special) to heapauxi.o(.text) for __use_two_region_memory
    startup_stm32f10x_md.o(RESET) refers to startup_stm32f10x_md.o(STACK) for __initial_sp
    startup_stm32f10x_md.o(RESET) refers to startup_stm32f10x_md.o(.text) for Reset_Handler
    startup_stm32f10x_md.o(RESET) refers to time_service.o(.text) for SysTick_Handler
    startup_stm32f10x_md.o(RESET) refers to pwm.o(.text) for TIM1_UP_IRQHandler
    startup_stm32f10x_md.o(.text) refers (Special) to heapauxi.o(.text) for __use_two_region_memory
    startup_stm32f10x_md.o(.text) refers to system_stm32f10x.o(.text) for SystemInit
    startup_stm32f10x_md.o(.text) refers to __main.o(!!!main) for __main
    startup_stm32f10x_md.o(.text) refers to startup_stm32f10x_md.o(HEAP) for Heap_Mem
    startup_stm32f10x_md.o(.text) refers to startup_stm32f10x_md.o(STACK) for Stack_Mem
    main.o(.text) refers to stm32f10x_gpio.o(.text) for GPIO_Init
    main.o(.text) refers to time_service.o(.text) for Delay
    main.o(.text) refers to stm32f10x_rcc.o(.text) for RCC_MCOConfig
    main.o(.text) refers to misc.o(.text) for NVIC_PriorityGroupConfig
    main.o(.text) refers to pwm.o(.text) for InitTimer
    main.o(.text) refers to buttons.o(.text) for InitButtons
    main.o(.text) refers to motor.o(.text) for InitMotor
    main.o(.text) refers to pwm.o(.data) for Timer1
    main.o(.text) refers to buttons.o(.data) for Buttons
    main.o(.text) refers to motor.o(.data) for Motor1
    system_stm32f10x.o(.text) refers to system_stm32f10x.o(.data) for SystemCoreClock
    misc.o(.text) refers to main.o(.text) for assert_failed
    stm32f10x_exti.o(.text) refers to main.o(.text) for assert_failed
    stm32f10x_rcc.o(.text) refers to main.o(.text) for assert_failed
    stm32f10x_rcc.o(.text) refers to stm32f10x_rcc.o(.data) for APBAHBPrescTable
    stm32f10x_gpio.o(.text) refers to main.o(.text) for assert_failed
    stm32f10x_gpio.o(.text) refers to stm32f10x_rcc.o(.text) for RCC_APB2PeriphResetCmd
    stm32f10x_usart.o(.text) refers to main.o(.text) for assert_failed
    stm32f10x_usart.o(.text) refers to stm32f10x_rcc.o(.text) for RCC_APB2PeriphResetCmd
    stm32f10x_tim.o(.text) refers to main.o(.text) for assert_failed
    stm32f10x_tim.o(.text) refers to stm32f10x_rcc.o(.text) for RCC_APB2PeriphResetCmd
    stm32f10x_dma.o(.text) refers to main.o(.text) for assert_failed
    time_service.o(.text) refers to time_service.o(.data) for SystemTime
    time_service.o(.text) refers to system_stm32f10x.o(.data) for SystemCoreClock
    self_control.o(.text) refers to self_control.o(.data) for SelfControlState
    pwm.o(.text) refers to stm32f10x_tim.o(.text) for TIM_TimeBaseStructInit
    pwm.o(.text) refers to misc.o(.text) for NVIC_Init
    pwm.o(.text) refers to stm32f10x_gpio.o(.text) for GPIO_Init
    pwm.o(.text) refers to stm32f10x_rcc.o(.text) for RCC_APB2PeriphClockCmd
    pwm.o(.text) refers to system_stm32f10x.o(.data) for SystemCoreClock
    pwm.o(.text) refers to pwm.o(.data) for Timer1
    motor.o(.text) refers to stm32f10x_gpio.o(.text) for GPIO_Init
    motor.o(.data) refers to pwm.o(.data) for Timer1
    buttons.o(.text) refers to stm32f10x_gpio.o(.text) for GPIO_Init
    buttons.o(.text) refers to motor.o(.text) for RunModeMotor
    buttons.o(.text) refers to motor.o(.data) for Motor1
    __main.o(!!!main) refers to __rtentry.o(.ARM.Collect$$rtentry$$00000000) for __rt_entry
    __rtentry.o(.ARM.Collect$$rtentry$$00000000) refers (Special) to __rtentry2.o(.ARM.Collect$$rtentry$$0000000A) for __rt_entry_li
    __rtentry.o(.ARM.Collect$$rtentry$$00000000) refers (Special) to __rtentry2.o(.ARM.Collect$$rtentry$$0000000D) for __rt_entry_main
    __rtentry.o(.ARM.Collect$$rtentry$$00000000) refers (Special) to __rtentry2.o(.ARM.Collect$$rtentry$$0000000C) for __rt_entry_postli_1
    __rtentry.o(.ARM.Collect$$rtentry$$00000000) refers (Special) to __rtentry2.o(.ARM.Collect$$rtentry$$00000009) for __rt_entry_postsh_1
    __rtentry.o(.ARM.Collect$$rtentry$$00000000) refers (Special) to __rtentry2.o(.ARM.Collect$$rtentry$$00000002) for __rt_entry_presh_1
    __rtentry.o(.ARM.Collect$$rtentry$$00000000) refers (Special) to __rtentry4.o(.ARM.Collect$$rtentry$$00000004) for __rt_entry_sh
    __rtentry2.o(.ARM.Collect$$rtentry$$00000008) refers to boardinit2.o(.text) for _platform_post_stackheap_init
    __rtentry2.o(.ARM.Collect$$rtentry$$0000000A) refers to libinit.o(.ARM.Collect$$libinit$$00000000) for __rt_lib_init
    __rtentry2.o(.ARM.Collect$$rtentry$$0000000B) refers to boardinit3.o(.text) for _platform_post_lib_init
    __rtentry2.o(.ARM.Collect$$rtentry$$0000000D) refers to main.o(.text) for main
    __rtentry2.o(.ARM.Collect$$rtentry$$0000000D) refers to exit.o(.text) for exit
    __rtentry2.o(.ARM.exidx) refers to __rtentry2.o(.ARM.Collect$$rtentry$$00000001) for .ARM.Collect$$rtentry$$00000001
    __rtentry2.o(.ARM.exidx) refers to __rtentry2.o(.ARM.Collect$$rtentry$$00000008) for .ARM.Collect$$rtentry$$00000008
    __rtentry2.o(.ARM.exidx) refers to __rtentry2.o(.ARM.Collect$$rtentry$$0000000A) for .ARM.Collect$$rtentry$$0000000A
    __rtentry2.o(.ARM.exidx) refers to __rtentry2.o(.ARM.Collect$$rtentry$$0000000B) for .ARM.Collect$$rtentry$$0000000B
    __rtentry2.o(.ARM.exidx) refers to __rtentry2.o(.ARM.Collect$$rtentry$$0000000D) for .ARM.Collect$$rtentry$$0000000D
    __rtentry4.o(.ARM.Collect$$rtentry$$00000004) refers to sys_stackheap_outer.o(.text) for __user_setup_stackheap
    __rtentry4.o(.ARM.exidx) refers to __rtentry4.o(.ARM.Collect$$rtentry$$00000004) for .ARM.Collect$$rtentry$$00000004
    sys_stackheap_outer.o(.text) refers to libspace.o(.text) for __user_perproc_libspace
    sys_stackheap_outer.o(.text) refers to startup_stm32f10x_md.o(.text) for __user_initial_stackheap
    exit.o(.text) refers to rtexit.o(.ARM.Collect$$rtexit$$00000000) for __rt_exit
    libinit.o(.ARM.Collect$$libinit$$00000000) refers (Special) to libinit2.o(.ARM.Collect$$libinit$$0000002E) for __rt_lib_init_alloca_1
    libinit.o(.ARM.Collect$$libinit$$00000000) refers (Special) to libinit2.o(.ARM.Collect$$libinit$$0000002C) for __rt_lib_init_argv_1
    libinit.o(.ARM.Collect$$libinit$$00000000) refers (Special) to libinit2.o(.ARM.Collect$$libinit$$0000001B) for __rt_lib_init_atexit_1
    libinit.o(.ARM.Collect$$libinit$$00000000) refers (Special) to libinit2.o(.ARM.Collect$$libinit$$00000021) for __rt_lib_init_clock_1
    libinit.o(.ARM.Collect$$libinit$$00000000) refers (Special) to libinit2.o(.ARM.Collect$$libinit$$00000032) for __rt_lib_init_cpp_1
    libinit.o(.ARM.Collect$$libinit$$00000000) refers (Special) to libinit2.o(.ARM.Collect$$libinit$$00000030) for __rt_lib_init_exceptions_1
    libinit.o(.ARM.Collect$$libinit$$00000000) refers (Special) to libinit2.o(.ARM.Collect$$libinit$$00000002) for __rt_lib_init_fp_1
    libinit.o(.ARM.Collect$$libinit$$00000000) refers (Special) to libinit2.o(.ARM.Collect$$libinit$$0000001F) for __rt_lib_init_fp_trap_1
    libinit.o(.ARM.Collect$$libinit$$00000000) refers (Special) to libinit2.o(.ARM.Collect$$libinit$$00000023) for __rt_lib_init_getenv_1
    libinit.o(.ARM.Collect$$libinit$$00000000) refers (Special) to libinit2.o(.ARM.Collect$$libinit$$0000000A) for __rt_lib_init_heap_1
    libinit.o(.ARM.Collect$$libinit$$00000000) refers (Special) to libinit2.o(.ARM.Collect$$libinit$$00000011) for __rt_lib_init_lc_collate_1
    libinit.o(.ARM.Collect$$libinit$$00000000) refers (Special) to libinit2.o(.ARM.Collect$$libinit$$00000013) for __rt_lib_init_lc_ctype_1
    libinit.o(.ARM.Collect$$libinit$$00000000) refers (Special) to libinit2.o(.ARM.Collect$$libinit$$00000015) for __rt_lib_init_lc_monetary_1
    libinit.o(.ARM.Collect$$libinit$$00000000) refers (Special) to libinit2.o(.ARM.Collect$$libinit$$00000017) for __rt_lib_init_lc_numeric_1
    libinit.o(.ARM.Collect$$libinit$$00000000) refers (Special) to libinit2.o(.ARM.Collect$$libinit$$00000019) for __rt_lib_init_lc_time_1
    libinit.o(.ARM.Collect$$libinit$$00000000) refers (Special) to libinit2.o(.ARM.Collect$$libinit$$00000004) for __rt_lib_init_preinit_1
    libinit.o(.ARM.Collect$$libinit$$00000000) refers (Special) to libinit2.o(.ARM.Collect$$libinit$$0000000E) for __rt_lib_init_rand_1
    libinit.o(.ARM.Collect$$libinit$$00000000) refers (Special) to libinit2.o(.ARM.Collect$$libinit$$00000033) for __rt_lib_init_return
    libinit.o(.ARM.Collect$$libinit$$00000000) refers (Special) to libinit2.o(.ARM.Collect$$libinit$$0000001D) for __rt_lib_init_signal_1
    libinit.o(.ARM.Collect$$libinit$$00000000) refers (Special) to libinit2.o(.ARM.Collect$$libinit$$00000025) for __rt_lib_init_stdio_1
    libinit.o(.ARM.Collect$$libinit$$00000000) refers (Special) to libinit2.o(.ARM.Collect$$libinit$$0000000C) for __rt_lib_init_user_alloc_1
    libspace.o(.text) refers to libspace.o(.bss) for __libspace_start
    rtexit.o(.ARM.Collect$$rtexit$$00000000) refers (Special) to rtexit2.o(.ARM.Collect$$rtexit$$00000004) for __rt_exit_exit
    rtexit.o(.ARM.Collect$$rtexit$$00000000) refers (Special) to rtexit2.o(.ARM.Collect$$rtexit$$00000003) for __rt_exit_ls
    rtexit.o(.ARM.Collect$$rtexit$$00000000) refers (Special) to rtexit2.o(.ARM.Collect$$rtexit$$00000002) for __rt_exit_prels_1
    rtexit.o(.ARM.exidx) refers (Special) to rtexit2.o(.ARM.Collect$$rtexit$$00000004) for __rt_exit_exit
    rtexit.o(.ARM.exidx) refers (Special) to rtexit2.o(.ARM.Collect$$rtexit$$00000003) for __rt_exit_ls
    rtexit.o(.ARM.exidx) refers (Special) to rtexit2.o(.ARM.Collect$$rtexit$$00000002) for __rt_exit_prels_1
    rtexit.o(.ARM.exidx) refers to rtexit.o(.ARM.Collect$$rtexit$$00000000) for .ARM.Collect$$rtexit$$00000000
    libinit2.o(.ARM.Collect$$libinit$$00000010) refers to libinit2.o(.ARM.Collect$$libinit$$0000000F) for .ARM.Collect$$libinit$$0000000F
    libinit2.o(.ARM.Collect$$libinit$$00000012) refers to libinit2.o(.ARM.Collect$$libinit$$0000000F) for .ARM.Collect$$libinit$$0000000F
    libinit2.o(.ARM.Collect$$libinit$$00000014) refers to libinit2.o(.ARM.Collect$$libinit$$0000000F) for .ARM.Collect$$libinit$$0000000F
    libinit2.o(.ARM.Collect$$libinit$$00000016) refers to libinit2.o(.ARM.Collect$$libinit$$0000000F) for .ARM.Collect$$libinit$$0000000F
    libinit2.o(.ARM.Collect$$libinit$$00000018) refers to libinit2.o(.ARM.Collect$$libinit$$0000000F) for .ARM.Collect$$libinit$$0000000F
    libinit2.o(.ARM.Collect$$libinit$$00000026) refers to argv_veneer.o(.emb_text) for __ARM_argv_veneer
    libinit2.o(.ARM.Collect$$libinit$$00000027) refers to argv_veneer.o(.emb_text) for __ARM_argv_veneer
    rtexit2.o(.ARM.Collect$$rtexit$$00000003) refers to libshutdown.o(.ARM.Collect$$libshutdown$$00000000) for __rt_lib_shutdown
    rtexit2.o(.ARM.Collect$$rtexit$$00000004) refers to sys_exit.o(.text) for _sys_exit
    rtexit2.o(.ARM.exidx) refers to rtexit2.o(.ARM.Collect$$rtexit$$00000001) for .ARM.Collect$$rtexit$$00000001
    rtexit2.o(.ARM.exidx) refers to rtexit2.o(.ARM.Collect$$rtexit$$00000003) for .ARM.Collect$$rtexit$$00000003
    rtexit2.o(.ARM.exidx) refers to rtexit2.o(.ARM.Collect$$rtexit$$00000004) for .ARM.Collect$$rtexit$$00000004
    argv_veneer.o(.emb_text) refers to no_argv.o(.text) for __ARM_get_argv
    sys_exit.o(.text) refers (Special) to use_no_semi.o(.text) for __I$use$semihosting
    sys_exit.o(.text) refers (Special) to indicate_semi.o(.text) for __semihosting_library_function
    _get_argv_nomalloc.o(.text) refers (Special) to hrguard.o(.text) for __heap_region$guard
    _get_argv_nomalloc.o(.text) refers to defsig_rtmem_outer.o(.text) for __rt_SIGRTMEM
    _get_argv_nomalloc.o(.text) refers to sys_command.o(.text) for _sys_command_string
    libshutdown.o(.ARM.Collect$$libshutdown$$00000000) refers (Special) to libshutdown2.o(.ARM.Collect$$libshutdown$$00000002) for __rt_lib_shutdown_cpp_1
    libshutdown.o(.ARM.Collect$$libshutdown$$00000000) refers (Special) to libshutdown2.o(.ARM.Collect$$libshutdown$$00000007) for __rt_lib_shutdown_fp_trap_1
    libshutdown.o(.ARM.Collect$$libshutdown$$00000000) refers (Special) to libshutdown2.o(.ARM.Collect$$libshutdown$$0000000F) for __rt_lib_shutdown_heap_1
    libshutdown.o(.ARM.Collect$$libshutdown$$00000000) refers (Special) to libshutdown2.o(.ARM.Collect$$libshutdown$$00000010) for __rt_lib_shutdown_return
    libshutdown.o(.ARM.Collect$$libshutdown$$00000000) refers (Special) to libshutdown2.o(.ARM.Collect$$libshutdown$$0000000A) for __rt_lib_shutdown_signal_1
    libshutdown.o(.ARM.Collect$$libshutdown$$00000000) refers (Special) to libshutdown2.o(.ARM.Collect$$libshutdown$$00000004) for __rt_lib_shutdown_stdio_1
    libshutdown.o(.ARM.Collect$$libshutdown$$00000000) refers (Special) to libshutdown2.o(.ARM.Collect$$libshutdown$$0000000C) for __rt_lib_shutdown_user_alloc_1
    sys_command.o(.text) refers (Special) to use_no_semi.o(.text) for __I$use$semihosting
    sys_command.o(.text) refers (Special) to indicate_semi.o(.text) for __semihosting_library_function
    defsig_rtmem_outer.o(.text) refers to defsig_rtmem_inner.o(.text) for __rt_SIGRTMEM_inner
    defsig_rtmem_outer.o(.text) refers to defsig_exit.o(.text) for __sig_exit
    defsig_rtmem_formal.o(.text) refers to rt_raise.o(.text) for __rt_raise
    rt_raise.o(.text) refers to __raise.o(.text) for __raise
    rt_raise.o(.text) refers to sys_exit.o(.text) for _sys_exit
    defsig_exit.o(.text) refers to sys_exit.o(.text) for _sys_exit
    defsig_rtmem_inner.o(.text) refers to defsig_general.o(.text) for __default_signal_display
    __raise.o(.text) refers to defsig.o(CL$$defsig) for __default_signal_handler
    defsig_general.o(.text) refers to sys_wrch.o(.text) for _ttywrch
    sys_wrch.o(.text) refers (Special) to use_no_semi.o(.text) for __I$use$semihosting
    sys_wrch.o(.text) refers (Special) to indicate_semi.o(.text) for __semihosting_library_function
    defsig.o(CL$$defsig) refers to defsig_rtmem_inner.o(.text) for __rt_SIGRTMEM_inner
    defsig_abrt_inner.o(.text) refers to defsig_general.o(.text) for __default_signal_display
    defsig_fpe_inner.o(.text) refers to defsig_general.o(.text) for __default_signal_display
    defsig_rtred_inner.o(.text) refers to defsig_general.o(.text) for __default_signal_display
    defsig_stak_inner.o(.text) refers to defsig_general.o(.text) for __default_signal_display
    defsig_pvfn_inner.o(.text) refers to defsig_general.o(.text) for __default_signal_display
    defsig_cppl_inner.o(.text) refers to defsig_general.o(.text) for __default_signal_display
    defsig_segv_inner.o(.text) refers to defsig_general.o(.text) for __default_signal_display
    defsig_other.o(.text) refers to defsig_general.o(.text) for __default_signal_display


==============================================================================

Removing Unused input sections from the image.

    Removing core_cm3.o(.emb_text), (32 bytes).
    Removing stm32f10x_exti.o(.text), (708 bytes).
    Removing stm32f10x_usart.o(.text), (3488 bytes).
    Removing stm32f10x_dma.o(.text), (2336 bytes).
    Removing self_control.o(.text), (16 bytes).
    Removing self_control.o(.data), (1 bytes).

6 unused section(s) (total 6581 bytes) removed from the image.

==============================================================================

Image Symbol Table

    Local Symbols

    Symbol Name                              Value     Ov Type        Size  Object(Section)

    ../clib/angel/boardlib.s                 0x00000000   Number         0  boardinit3.o ABSOLUTE
    ../clib/angel/boardlib.s                 0x00000000   Number         0  boardinit2.o ABSOLUTE
    ../clib/angel/boardlib.s                 0x00000000   Number         0  boardinit1.o ABSOLUTE
    ../clib/angel/boardlib.s                 0x00000000   Number         0  boardshut.o ABSOLUTE
    ../clib/angel/dczerorl2.s                0x00000000   Number         0  __dczerorl2.o ABSOLUTE
    ../clib/angel/handlers.s                 0x00000000   Number         0  __scatter_zi.o ABSOLUTE
    ../clib/angel/kernel.s                   0x00000000   Number         0  rtexit.o ABSOLUTE
    ../clib/angel/kernel.s                   0x00000000   Number         0  __rtentry.o ABSOLUTE
    ../clib/angel/kernel.s                   0x00000000   Number         0  __rtentry2.o ABSOLUTE
    ../clib/angel/kernel.s                   0x00000000   Number         0  __rtentry4.o ABSOLUTE
    ../clib/angel/kernel.s                   0x00000000   Number         0  rtexit2.o ABSOLUTE
    ../clib/angel/rt.s                       0x00000000   Number         0  rt_raise.o ABSOLUTE
    ../clib/angel/scatter.s                  0x00000000   Number         0  __scatter.o ABSOLUTE
    ../clib/angel/startup.s                  0x00000000   Number         0  __main.o ABSOLUTE
    ../clib/angel/sys.s                      0x00000000   Number         0  indicate_semi.o ABSOLUTE
    ../clib/angel/sys.s                      0x00000000   Number         0  use_no_semi.o ABSOLUTE
    ../clib/angel/sys.s                      0x00000000   Number         0  sys_stackheap_outer.o ABSOLUTE
    ../clib/angel/sys.s                      0x00000000   Number         0  libspace.o ABSOLUTE
    ../clib/angel/sysapp.c                   0x00000000   Number         0  sys_command.o ABSOLUTE
    ../clib/angel/sysapp.c                   0x00000000   Number         0  sys_wrch.o ABSOLUTE
    ../clib/angel/sysapp.c                   0x00000000   Number         0  sys_exit.o ABSOLUTE
    ../clib/armsys.c                         0x00000000   Number         0  argv_veneer.o ABSOLUTE
    ../clib/armsys.c                         0x00000000   Number         0  _get_argv_nomalloc.o ABSOLUTE
    ../clib/armsys.c                         0x00000000   Number         0  no_argv.o ABSOLUTE
    ../clib/armsys.c                         0x00000000   Number         0  argv_veneer.o ABSOLUTE
    ../clib/heapalloc.c                      0x00000000   Number         0  hrguard.o ABSOLUTE
    ../clib/heapaux.c                        0x00000000   Number         0  heapauxi.o ABSOLUTE
    ../clib/libinit.s                        0x00000000   Number         0  libshutdown2.o ABSOLUTE
    ../clib/libinit.s                        0x00000000   Number         0  libinit.o ABSOLUTE
    ../clib/libinit.s                        0x00000000   Number         0  libshutdown.o ABSOLUTE
    ../clib/libinit.s                        0x00000000   Number         0  libinit2.o ABSOLUTE
    ../clib/signal.c                         0x00000000   Number         0  defsig_rtmem_formal.o ABSOLUTE
    ../clib/signal.c                         0x00000000   Number         0  defsig_rtmem_outer.o ABSOLUTE
    ../clib/signal.c                         0x00000000   Number         0  defsig_pvfn_inner.o ABSOLUTE
    ../clib/signal.c                         0x00000000   Number         0  defsig_rtmem_inner.o ABSOLUTE
    ../clib/signal.c                         0x00000000   Number         0  defsig_exit.o ABSOLUTE
    ../clib/signal.c                         0x00000000   Number         0  defsig_fpe_inner.o ABSOLUTE
    ../clib/signal.c                         0x00000000   Number         0  __raise.o ABSOLUTE
    ../clib/signal.c                         0x00000000   Number         0  defsig_general.o ABSOLUTE
    ../clib/signal.c                         0x00000000   Number         0  defsig_abrt_inner.o ABSOLUTE
    ../clib/signal.c                         0x00000000   Number         0  defsig_rtred_inner.o ABSOLUTE
    ../clib/signal.c                         0x00000000   Number         0  defsig_stak_inner.o ABSOLUTE
    ../clib/signal.c                         0x00000000   Number         0  defsig_cppl_inner.o ABSOLUTE
    ../clib/signal.c                         0x00000000   Number         0  defsig_segv_inner.o ABSOLUTE
    ../clib/signal.c                         0x00000000   Number         0  defsig_other.o ABSOLUTE
    ../clib/signal.s                         0x00000000   Number         0  defsig.o ABSOLUTE
    ../clib/stdlib.c                         0x00000000   Number         0  exit.o ABSOLUTE
    ../fplib/fpinit.s                        0x00000000   Number         0  fpinit.o ABSOLUTE
    CMSIS\\core_cm3.c                        0x00000000   Number         0  core_cm3.o ABSOLUTE
    CMSIS\core_cm3.c                         0x00000000   Number         0  core_cm3.o ABSOLUTE
    CMSIS\system_stm32f10x.c                 0x00000000   Number         0  system_stm32f10x.o ABSOLUTE
    Library\buttons.c                        0x00000000   Number         0  buttons.o ABSOLUTE
    Library\motor.c                          0x00000000   Number         0  motor.o ABSOLUTE
    Library\pwm.c                            0x00000000   Number         0  pwm.o ABSOLUTE
    Library\self_control.c                   0x00000000   Number         0  self_control.o ABSOLUTE
    MAIN\main.c                              0x00000000   Number         0  main.o ABSOLUTE
    SPL\src\misc.c                           0x00000000   Number         0  misc.o ABSOLUTE
    SPL\src\stm32f10x_dma.c                  0x00000000   Number         0  stm32f10x_dma.o ABSOLUTE
    SPL\src\stm32f10x_exti.c                 0x00000000   Number         0  stm32f10x_exti.o ABSOLUTE
    SPL\src\stm32f10x_gpio.c                 0x00000000   Number         0  stm32f10x_gpio.o ABSOLUTE
    SPL\src\stm32f10x_rcc.c                  0x00000000   Number         0  stm32f10x_rcc.o ABSOLUTE
    SPL\src\stm32f10x_tim.c                  0x00000000   Number         0  stm32f10x_tim.o ABSOLUTE
    SPL\src\stm32f10x_usart.c                0x00000000   Number         0  stm32f10x_usart.o ABSOLUTE
    Services\time_service.c                  0x00000000   Number         0  time_service.o ABSOLUTE
    StartUp\startup_stm32f10x_md.s           0x00000000   Number         0  startup_stm32f10x_md.o ABSOLUTE
    dc.s                                     0x00000000   Number         0  dc.o ABSOLUTE
    RESET                                    0x08000000   Section      236  startup_stm32f10x_md.o(RESET)
    !!!main                                  0x080000ec   Section        8  __main.o(!!!main)
    !!!scatter                               0x080000f4   Section       52  __scatter.o(!!!scatter)
    !!dczerorl2                              0x08000128   Section       90  __dczerorl2.o(!!dczerorl2)
    !!handler_zi                             0x08000184   Section       28  __scatter_zi.o(!!handler_zi)
    .ARM.Collect$$libinit$$00000000          0x080001a0   Section        2  libinit.o(.ARM.Collect$$libinit$$00000000)
    .ARM.Collect$$libinit$$00000002          0x080001a2   Section        0  libinit2.o(.ARM.Collect$$libinit$$00000002)
    .ARM.Collect$$libinit$$00000004          0x080001a2   Section        0  libinit2.o(.ARM.Collect$$libinit$$00000004)
    .ARM.Collect$$libinit$$0000000A          0x080001a2   Section        0  libinit2.o(.ARM.Collect$$libinit$$0000000A)
    .ARM.Collect$$libinit$$0000000C          0x080001a2   Section        0  libinit2.o(.ARM.Collect$$libinit$$0000000C)
    .ARM.Collect$$libinit$$0000000E          0x080001a2   Section        0  libinit2.o(.ARM.Collect$$libinit$$0000000E)
    .ARM.Collect$$libinit$$00000011          0x080001a2   Section        0  libinit2.o(.ARM.Collect$$libinit$$00000011)
    .ARM.Collect$$libinit$$00000013          0x080001a2   Section        0  libinit2.o(.ARM.Collect$$libinit$$00000013)
    .ARM.Collect$$libinit$$00000015          0x080001a2   Section        0  libinit2.o(.ARM.Collect$$libinit$$00000015)
    .ARM.Collect$$libinit$$00000017          0x080001a2   Section        0  libinit2.o(.ARM.Collect$$libinit$$00000017)
    .ARM.Collect$$libinit$$00000019          0x080001a2   Section        0  libinit2.o(.ARM.Collect$$libinit$$00000019)
    .ARM.Collect$$libinit$$0000001B          0x080001a2   Section        0  libinit2.o(.ARM.Collect$$libinit$$0000001B)
    .ARM.Collect$$libinit$$0000001D          0x080001a2   Section        0  libinit2.o(.ARM.Collect$$libinit$$0000001D)
    .ARM.Collect$$libinit$$0000001F          0x080001a2   Section        0  libinit2.o(.ARM.Collect$$libinit$$0000001F)
    .ARM.Collect$$libinit$$00000021          0x080001a2   Section        0  libinit2.o(.ARM.Collect$$libinit$$00000021)
    .ARM.Collect$$libinit$$00000023          0x080001a2   Section        0  libinit2.o(.ARM.Collect$$libinit$$00000023)
    .ARM.Collect$$libinit$$00000025          0x080001a2   Section        0  libinit2.o(.ARM.Collect$$libinit$$00000025)
    .ARM.Collect$$libinit$$0000002C          0x080001a2   Section        0  libinit2.o(.ARM.Collect$$libinit$$0000002C)
    .ARM.Collect$$libinit$$0000002E          0x080001a2   Section        0  libinit2.o(.ARM.Collect$$libinit$$0000002E)
    .ARM.Collect$$libinit$$00000030          0x080001a2   Section        0  libinit2.o(.ARM.Collect$$libinit$$00000030)
    .ARM.Collect$$libinit$$00000032          0x080001a2   Section        0  libinit2.o(.ARM.Collect$$libinit$$00000032)
    .ARM.Collect$$libinit$$00000033          0x080001a2   Section        2  libinit2.o(.ARM.Collect$$libinit$$00000033)
    .ARM.Collect$$libshutdown$$00000000      0x080001a4   Section        2  libshutdown.o(.ARM.Collect$$libshutdown$$00000000)
    .ARM.Collect$$libshutdown$$00000002      0x080001a6   Section        0  libshutdown2.o(.ARM.Collect$$libshutdown$$00000002)
    .ARM.Collect$$libshutdown$$00000004      0x080001a6   Section        0  libshutdown2.o(.ARM.Collect$$libshutdown$$00000004)
    .ARM.Collect$$libshutdown$$00000007      0x080001a6   Section        0  libshutdown2.o(.ARM.Collect$$libshutdown$$00000007)
    .ARM.Collect$$libshutdown$$0000000A      0x080001a6   Section        0  libshutdown2.o(.ARM.Collect$$libshutdown$$0000000A)
    .ARM.Collect$$libshutdown$$0000000C      0x080001a6   Section        0  libshutdown2.o(.ARM.Collect$$libshutdown$$0000000C)
    .ARM.Collect$$libshutdown$$0000000F      0x080001a6   Section        0  libshutdown2.o(.ARM.Collect$$libshutdown$$0000000F)
    .ARM.Collect$$libshutdown$$00000010      0x080001a6   Section        2  libshutdown2.o(.ARM.Collect$$libshutdown$$00000010)
    .ARM.Collect$$rtentry$$00000000          0x080001a8   Section        0  __rtentry.o(.ARM.Collect$$rtentry$$00000000)
    .ARM.Collect$$rtentry$$00000002          0x080001a8   Section        0  __rtentry2.o(.ARM.Collect$$rtentry$$00000002)
    .ARM.Collect$$rtentry$$00000004          0x080001a8   Section        6  __rtentry4.o(.ARM.Collect$$rtentry$$00000004)
    .ARM.Collect$$rtentry$$00000009          0x080001ae   Section        0  __rtentry2.o(.ARM.Collect$$rtentry$$00000009)
    .ARM.Collect$$rtentry$$0000000A          0x080001ae   Section        4  __rtentry2.o(.ARM.Collect$$rtentry$$0000000A)
    .ARM.Collect$$rtentry$$0000000C          0x080001b2   Section        0  __rtentry2.o(.ARM.Collect$$rtentry$$0000000C)
    .ARM.Collect$$rtentry$$0000000D          0x080001b2   Section        8  __rtentry2.o(.ARM.Collect$$rtentry$$0000000D)
    .ARM.Collect$$rtexit$$00000000           0x080001ba   Section        2  rtexit.o(.ARM.Collect$$rtexit$$00000000)
    .ARM.Collect$$rtexit$$00000002           0x080001bc   Section        0  rtexit2.o(.ARM.Collect$$rtexit$$00000002)
    .ARM.Collect$$rtexit$$00000003           0x080001bc   Section        4  rtexit2.o(.ARM.Collect$$rtexit$$00000003)
    .ARM.Collect$$rtexit$$00000004           0x080001c0   Section        6  rtexit2.o(.ARM.Collect$$rtexit$$00000004)
    .text                                    0x080001c8   Section       64  startup_stm32f10x_md.o(.text)
    .text                                    0x08000208   Section        0  main.o(.text)
    .text                                    0x08000304   Section        0  system_stm32f10x.o(.text)
    SetSysClockTo72                          0x08000305   Thumb Code   214  system_stm32f10x.o(.text)
    SetSysClock                              0x080003db   Thumb Code     8  system_stm32f10x.o(.text)
    .text                                    0x080004e4   Section        0  misc.o(.text)
    .text                                    0x080006a8   Section        0  stm32f10x_rcc.o(.text)
    .text                                    0x08000ec8   Section        0  stm32f10x_gpio.o(.text)
    .text                                    0x08001928   Section        0  stm32f10x_tim.o(.text)
    TI4_Config                               0x080023ad   Thumb Code   130  stm32f10x_tim.o(.text)
    TI3_Config                               0x08002495   Thumb Code   122  stm32f10x_tim.o(.text)
    TI2_Config                               0x0800258f   Thumb Code   164  stm32f10x_tim.o(.text)
    TI1_Config                               0x080026cf   Thumb Code   108  stm32f10x_tim.o(.text)
    .text                                    0x08005084   Section        0  time_service.o(.text)
    .text                                    0x08005128   Section        0  pwm.o(.text)
    .text                                    0x08005654   Section        0  motor.o(.text)
    .text                                    0x08005720   Section        0  buttons.o(.text)
    .text                                    0x080058d8   Section        0  heapauxi.o(.text)
    .text                                    0x080058de   Section       74  sys_stackheap_outer.o(.text)
    .text                                    0x08005928   Section        0  exit.o(.text)
    .text                                    0x0800593c   Section        8  libspace.o(.text)
    .text                                    0x08005944   Section        0  sys_exit.o(.text)
    .text                                    0x08005950   Section        2  use_no_semi.o(.text)
    .text                                    0x08005952   Section        0  indicate_semi.o(.text)
    .data                                    0x20000000   Section       20  system_stm32f10x.o(.data)
    .data                                    0x20000014   Section       20  stm32f10x_rcc.o(.data)
    APBAHBPrescTable                         0x20000014   Data          16  stm32f10x_rcc.o(.data)
    ADCPrescTable                            0x20000024   Data           4  stm32f10x_rcc.o(.data)
    .data                                    0x20000028   Section        4  time_service.o(.data)
    SystemTime                               0x20000028   Data           4  time_service.o(.data)
    .data                                    0x2000002c   Section      205  pwm.o(.data)
    .data                                    0x200000fc   Section      160  motor.o(.data)
    .data                                    0x2000019c   Section       56  buttons.o(.data)
    .bss                                     0x200001d4   Section       96  libspace.o(.bss)
    HEAP                                     0x20000238   Section      512  startup_stm32f10x_md.o(HEAP)
    Heap_Mem                                 0x20000238   Data         512  startup_stm32f10x_md.o(HEAP)
    STACK                                    0x20000438   Section     1024  startup_stm32f10x_md.o(STACK)
    Stack_Mem                                0x20000438   Data        1024  startup_stm32f10x_md.o(STACK)
    __initial_sp                             0x20000838   Data           0  startup_stm32f10x_md.o(STACK)

    Global Symbols

    Symbol Name                              Value     Ov Type        Size  Object(Section)

    BuildAttributes$$THM_ISAv4$P$D$K$B$S$PE$A:L22UL41UL21$X:L11$S22US41US21$IEEE1$IW$USESV6$~STKCKD$USESV7$~SHL$OSPACE$ROPI$EBA8$UX$STANDARDLIB$REQ8$PRES8$EABIv2 0x00000000   Number         0  anon$$obj.o ABSOLUTE
    __ARM_use_no_argv                        0x00000000   Number         0  main.o ABSOLUTE
    __ARM_exceptions_init                     - Undefined Weak Reference
    __alloca_initialize                       - Undefined Weak Reference
    __arm_preinit_                            - Undefined Weak Reference
    __cpp_initialize__aeabi_                  - Undefined Weak Reference
    __cxa_finalize                            - Undefined Weak Reference
    __rt_locale                               - Undefined Weak Reference
    __sigvec_lookup                           - Undefined Weak Reference
    _atexit_init                              - Undefined Weak Reference
    _call_atexit_fns                          - Undefined Weak Reference
    _clock_init                               - Undefined Weak Reference
    _fp_trap_init                             - Undefined Weak Reference
    _fp_trap_shutdown                         - Undefined Weak Reference
    _get_lc_collate                           - Undefined Weak Reference
    _get_lc_ctype                             - Undefined Weak Reference
    _get_lc_monetary                          - Undefined Weak Reference
    _get_lc_numeric                           - Undefined Weak Reference
    _get_lc_time                              - Undefined Weak Reference
    _getenv_init                              - Undefined Weak Reference
    _handle_redirection                       - Undefined Weak Reference
    _init_alloc                               - Undefined Weak Reference
    _init_user_alloc                          - Undefined Weak Reference
    _initio                                   - Undefined Weak Reference
    _rand_init                                - Undefined Weak Reference
    _signal_finish                            - Undefined Weak Reference
    _signal_init                              - Undefined Weak Reference
    _terminate_alloc                          - Undefined Weak Reference
    _terminate_user_alloc                     - Undefined Weak Reference
    _terminateio                              - Undefined Weak Reference
    __Vectors_Size                           0x000000ec   Number         0  startup_stm32f10x_md.o ABSOLUTE
    __Vectors                                0x08000000   Data           4  startup_stm32f10x_md.o(RESET)
    __Vectors_End                            0x080000ec   Data           0  startup_stm32f10x_md.o(RESET)
    __main                                   0x080000ed   Thumb Code     8  __main.o(!!!main)
    __scatterload                            0x080000f5   Thumb Code     0  __scatter.o(!!!scatter)
    __scatterload_rt2                        0x080000f5   Thumb Code    44  __scatter.o(!!!scatter)
    __scatterload_rt2_thumb_only             0x080000f5   Thumb Code     0  __scatter.o(!!!scatter)
    __scatterload_null                       0x08000103   Thumb Code     0  __scatter.o(!!!scatter)
    __decompress                             0x08000129   Thumb Code    90  __dczerorl2.o(!!dczerorl2)
    __decompress1                            0x08000129   Thumb Code     0  __dczerorl2.o(!!dczerorl2)
    __scatterload_zeroinit                   0x08000185   Thumb Code    28  __scatter_zi.o(!!handler_zi)
    __rt_lib_init                            0x080001a1   Thumb Code     0  libinit.o(.ARM.Collect$$libinit$$00000000)
    __rt_lib_init_alloca_1                   0x080001a3   Thumb Code     0  libinit2.o(.ARM.Collect$$libinit$$0000002E)
    __rt_lib_init_argv_1                     0x080001a3   Thumb Code     0  libinit2.o(.ARM.Collect$$libinit$$0000002C)
    __rt_lib_init_atexit_1                   0x080001a3   Thumb Code     0  libinit2.o(.ARM.Collect$$libinit$$0000001B)
    __rt_lib_init_clock_1                    0x080001a3   Thumb Code     0  libinit2.o(.ARM.Collect$$libinit$$00000021)
    __rt_lib_init_cpp_1                      0x080001a3   Thumb Code     0  libinit2.o(.ARM.Collect$$libinit$$00000032)
    __rt_lib_init_exceptions_1               0x080001a3   Thumb Code     0  libinit2.o(.ARM.Collect$$libinit$$00000030)
    __rt_lib_init_fp_1                       0x080001a3   Thumb Code     0  libinit2.o(.ARM.Collect$$libinit$$00000002)
    __rt_lib_init_fp_trap_1                  0x080001a3   Thumb Code     0  libinit2.o(.ARM.Collect$$libinit$$0000001F)
    __rt_lib_init_getenv_1                   0x080001a3   Thumb Code     0  libinit2.o(.ARM.Collect$$libinit$$00000023)
    __rt_lib_init_heap_1                     0x080001a3   Thumb Code     0  libinit2.o(.ARM.Collect$$libinit$$0000000A)
    __rt_lib_init_lc_collate_1               0x080001a3   Thumb Code     0  libinit2.o(.ARM.Collect$$libinit$$00000011)
    __rt_lib_init_lc_ctype_1                 0x080001a3   Thumb Code     0  libinit2.o(.ARM.Collect$$libinit$$00000013)
    __rt_lib_init_lc_monetary_1              0x080001a3   Thumb Code     0  libinit2.o(.ARM.Collect$$libinit$$00000015)
    __rt_lib_init_lc_numeric_1               0x080001a3   Thumb Code     0  libinit2.o(.ARM.Collect$$libinit$$00000017)
    __rt_lib_init_lc_time_1                  0x080001a3   Thumb Code     0  libinit2.o(.ARM.Collect$$libinit$$00000019)
    __rt_lib_init_preinit_1                  0x080001a3   Thumb Code     0  libinit2.o(.ARM.Collect$$libinit$$00000004)
    __rt_lib_init_rand_1                     0x080001a3   Thumb Code     0  libinit2.o(.ARM.Collect$$libinit$$0000000E)
    __rt_lib_init_return                     0x080001a3   Thumb Code     0  libinit2.o(.ARM.Collect$$libinit$$00000033)
    __rt_lib_init_signal_1                   0x080001a3   Thumb Code     0  libinit2.o(.ARM.Collect$$libinit$$0000001D)
    __rt_lib_init_stdio_1                    0x080001a3   Thumb Code     0  libinit2.o(.ARM.Collect$$libinit$$00000025)
    __rt_lib_init_user_alloc_1               0x080001a3   Thumb Code     0  libinit2.o(.ARM.Collect$$libinit$$0000000C)
    __rt_lib_shutdown                        0x080001a5   Thumb Code     0  libshutdown.o(.ARM.Collect$$libshutdown$$00000000)
    __rt_lib_shutdown_cpp_1                  0x080001a7   Thumb Code     0  libshutdown2.o(.ARM.Collect$$libshutdown$$00000002)
    __rt_lib_shutdown_fp_trap_1              0x080001a7   Thumb Code     0  libshutdown2.o(.ARM.Collect$$libshutdown$$00000007)
    __rt_lib_shutdown_heap_1                 0x080001a7   Thumb Code     0  libshutdown2.o(.ARM.Collect$$libshutdown$$0000000F)
    __rt_lib_shutdown_return                 0x080001a7   Thumb Code     0  libshutdown2.o(.ARM.Collect$$libshutdown$$00000010)
    __rt_lib_shutdown_signal_1               0x080001a7   Thumb Code     0  libshutdown2.o(.ARM.Collect$$libshutdown$$0000000A)
    __rt_lib_shutdown_stdio_1                0x080001a7   Thumb Code     0  libshutdown2.o(.ARM.Collect$$libshutdown$$00000004)
    __rt_lib_shutdown_user_alloc_1           0x080001a7   Thumb Code     0  libshutdown2.o(.ARM.Collect$$libshutdown$$0000000C)
    __rt_entry                               0x080001a9   Thumb Code     0  __rtentry.o(.ARM.Collect$$rtentry$$00000000)
    __rt_entry_presh_1                       0x080001a9   Thumb Code     0  __rtentry2.o(.ARM.Collect$$rtentry$$00000002)
    __rt_entry_sh                            0x080001a9   Thumb Code     0  __rtentry4.o(.ARM.Collect$$rtentry$$00000004)
    __rt_entry_li                            0x080001af   Thumb Code     0  __rtentry2.o(.ARM.Collect$$rtentry$$0000000A)
    __rt_entry_postsh_1                      0x080001af   Thumb Code     0  __rtentry2.o(.ARM.Collect$$rtentry$$00000009)
    __rt_entry_main                          0x080001b3   Thumb Code     0  __rtentry2.o(.ARM.Collect$$rtentry$$0000000D)
    __rt_entry_postli_1                      0x080001b3   Thumb Code     0  __rtentry2.o(.ARM.Collect$$rtentry$$0000000C)
    __rt_exit                                0x080001bb   Thumb Code     0  rtexit.o(.ARM.Collect$$rtexit$$00000000)
    __rt_exit_ls                             0x080001bd   Thumb Code     0  rtexit2.o(.ARM.Collect$$rtexit$$00000003)
    __rt_exit_prels_1                        0x080001bd   Thumb Code     0  rtexit2.o(.ARM.Collect$$rtexit$$00000002)
    __rt_exit_exit                           0x080001c1   Thumb Code     0  rtexit2.o(.ARM.Collect$$rtexit$$00000004)
    Reset_Handler                            0x080001c9   Thumb Code     8  startup_stm32f10x_md.o(.text)
    NMI_Handler                              0x080001d1   Thumb Code     2  startup_stm32f10x_md.o(.text)
    HardFault_Handler                        0x080001d3   Thumb Code     2  startup_stm32f10x_md.o(.text)
    MemManage_Handler                        0x080001d5   Thumb Code     2  startup_stm32f10x_md.o(.text)
    BusFault_Handler                         0x080001d7   Thumb Code     2  startup_stm32f10x_md.o(.text)
    UsageFault_Handler                       0x080001d9   Thumb Code     2  startup_stm32f10x_md.o(.text)
    SVC_Handler                              0x080001db   Thumb Code     2  startup_stm32f10x_md.o(.text)
    DebugMon_Handler                         0x080001dd   Thumb Code     2  startup_stm32f10x_md.o(.text)
    PendSV_Handler                           0x080001df   Thumb Code     2  startup_stm32f10x_md.o(.text)
    ADC1_2_IRQHandler                        0x080001e3   Thumb Code     0  startup_stm32f10x_md.o(.text)
    CAN1_RX1_IRQHandler                      0x080001e3   Thumb Code     0  startup_stm32f10x_md.o(.text)
    CAN1_SCE_IRQHandler                      0x080001e3   Thumb Code     0  startup_stm32f10x_md.o(.text)
    DMA1_Channel1_IRQHandler                 0x080001e3   Thumb Code     0  startup_stm32f10x_md.o(.text)
    DMA1_Channel2_IRQHandler                 0x080001e3   Thumb Code     0  startup_stm32f10x_md.o(.text)
    DMA1_Channel3_IRQHandler                 0x080001e3   Thumb Code     0  startup_stm32f10x_md.o(.text)
    DMA1_Channel4_IRQHandler                 0x080001e3   Thumb Code     0  startup_stm32f10x_md.o(.text)
    DMA1_Channel5_IRQHandler                 0x080001e3   Thumb Code     0  startup_stm32f10x_md.o(.text)
    DMA1_Channel6_IRQHandler                 0x080001e3   Thumb Code     0  startup_stm32f10x_md.o(.text)
    DMA1_Channel7_IRQHandler                 0x080001e3   Thumb Code     0  startup_stm32f10x_md.o(.text)
    EXTI0_IRQHandler                         0x080001e3   Thumb Code     0  startup_stm32f10x_md.o(.text)
    EXTI15_10_IRQHandler                     0x080001e3   Thumb Code     0  startup_stm32f10x_md.o(.text)
    EXTI1_IRQHandler                         0x080001e3   Thumb Code     0  startup_stm32f10x_md.o(.text)
    EXTI2_IRQHandler                         0x080001e3   Thumb Code     0  startup_stm32f10x_md.o(.text)
    EXTI3_IRQHandler                         0x080001e3   Thumb Code     0  startup_stm32f10x_md.o(.text)
    EXTI4_IRQHandler                         0x080001e3   Thumb Code     0  startup_stm32f10x_md.o(.text)
    EXTI9_5_IRQHandler                       0x080001e3   Thumb Code     0  startup_stm32f10x_md.o(.text)
    FLASH_IRQHandler                         0x080001e3   Thumb Code     0  startup_stm32f10x_md.o(.text)
    I2C1_ER_IRQHandler                       0x080001e3   Thumb Code     0  startup_stm32f10x_md.o(.text)
    I2C1_EV_IRQHandler                       0x080001e3   Thumb Code     0  startup_stm32f10x_md.o(.text)
    I2C2_ER_IRQHandler                       0x080001e3   Thumb Code     0  startup_stm32f10x_md.o(.text)
    I2C2_EV_IRQHandler                       0x080001e3   Thumb Code     0  startup_stm32f10x_md.o(.text)
    PVD_IRQHandler                           0x080001e3   Thumb Code     0  startup_stm32f10x_md.o(.text)
    RCC_IRQHandler                           0x080001e3   Thumb Code     0  startup_stm32f10x_md.o(.text)
    RTCAlarm_IRQHandler                      0x080001e3   Thumb Code     0  startup_stm32f10x_md.o(.text)
    RTC_IRQHandler                           0x080001e3   Thumb Code     0  startup_stm32f10x_md.o(.text)
    SPI1_IRQHandler                          0x080001e3   Thumb Code     0  startup_stm32f10x_md.o(.text)
    SPI2_IRQHandler                          0x080001e3   Thumb Code     0  startup_stm32f10x_md.o(.text)
    TAMPER_IRQHandler                        0x080001e3   Thumb Code     0  startup_stm32f10x_md.o(.text)
    TIM1_BRK_IRQHandler                      0x080001e3   Thumb Code     0  startup_stm32f10x_md.o(.text)
    TIM1_CC_IRQHandler                       0x080001e3   Thumb Code     0  startup_stm32f10x_md.o(.text)
    TIM1_TRG_COM_IRQHandler                  0x080001e3   Thumb Code     0  startup_stm32f10x_md.o(.text)
    TIM2_IRQHandler                          0x080001e3   Thumb Code     0  startup_stm32f10x_md.o(.text)
    USART1_IRQHandler                        0x080001e3   Thumb Code     0  startup_stm32f10x_md.o(.text)
    USART2_IRQHandler                        0x080001e3   Thumb Code     0  startup_stm32f10x_md.o(.text)
    USART3_IRQHandler                        0x080001e3   Thumb Code     0  startup_stm32f10x_md.o(.text)
    USBWakeUp_IRQHandler                     0x080001e3   Thumb Code     0  startup_stm32f10x_md.o(.text)
    USB_HP_CAN1_TX_IRQHandler                0x080001e3   Thumb Code     0  startup_stm32f10x_md.o(.text)
    USB_LP_CAN1_RX0_IRQHandler               0x080001e3   Thumb Code     0  startup_stm32f10x_md.o(.text)
    WWDG_IRQHandler                          0x080001e3   Thumb Code     0  startup_stm32f10x_md.o(.text)
    __user_initial_stackheap                 0x080001e5   Thumb Code     0  startup_stm32f10x_md.o(.text)
    Blink                                    0x08000209   Thumb Code    62  main.o(.text)
    OutputMCO                                0x08000247   Thumb Code    38  main.o(.text)
    main                                     0x0800026d   Thumb Code   108  main.o(.text)
    assert_failed                            0x080002d9   Thumb Code     4  main.o(.text)
    SystemInit                               0x080003e3   Thumb Code    78  system_stm32f10x.o(.text)
    SystemCoreClockUpdate                    0x08000431   Thumb Code   142  system_stm32f10x.o(.text)
    NVIC_PriorityGroupConfig                 0x080004e5   Thumb Code    54  misc.o(.text)
    NVIC_Init                                0x0800051b   Thumb Code   158  misc.o(.text)
    NVIC_SetVectorTable                      0x080005b9   Thumb Code    60  misc.o(.text)
    NVIC_SystemLPConfig                      0x080005f5   Thumb Code    78  misc.o(.text)
    SysTick_CLKSourceConfig                  0x08000643   Thumb Code    62  misc.o(.text)
    RCC_DeInit                               0x080006a9   Thumb Code    64  stm32f10x_rcc.o(.text)
    RCC_HSEConfig                            0x080006e9   Thumb Code   100  stm32f10x_rcc.o(.text)
    RCC_GetFlagStatus                        0x0800074d   Thumb Code   118  stm32f10x_rcc.o(.text)
    RCC_WaitForHSEStartUp                    0x080007c3   Thumb Code    56  stm32f10x_rcc.o(.text)
    RCC_AdjustHSICalibrationValue            0x080007fb   Thumb Code    38  stm32f10x_rcc.o(.text)
    RCC_HSICmd                               0x08000821   Thumb Code    28  stm32f10x_rcc.o(.text)
    RCC_PLLConfig                            0x0800083d   Thumb Code   152  stm32f10x_rcc.o(.text)
    RCC_PLLCmd                               0x080008d5   Thumb Code    28  stm32f10x_rcc.o(.text)
    RCC_SYSCLKConfig                         0x080008f1   Thumb Code    42  stm32f10x_rcc.o(.text)
    RCC_GetSYSCLKSource                      0x0800091b   Thumb Code    10  stm32f10x_rcc.o(.text)
    RCC_HCLKConfig                           0x08000925   Thumb Code    66  stm32f10x_rcc.o(.text)
    RCC_PCLK1Config                          0x08000967   Thumb Code    58  stm32f10x_rcc.o(.text)
    RCC_PCLK2Config                          0x080009a1   Thumb Code    60  stm32f10x_rcc.o(.text)
    RCC_ITConfig                             0x080009dd   Thumb Code    70  stm32f10x_rcc.o(.text)
    RCC_USBCLKConfig                         0x08000a23   Thumb Code    30  stm32f10x_rcc.o(.text)
    RCC_ADCCLKConfig                         0x08000a41   Thumb Code    52  stm32f10x_rcc.o(.text)
    RCC_LSEConfig                            0x08000a75   Thumb Code   114  stm32f10x_rcc.o(.text)
    RCC_LSICmd                               0x08000ae7   Thumb Code    30  stm32f10x_rcc.o(.text)
    RCC_RTCCLKConfig                         0x08000b05   Thumb Code    52  stm32f10x_rcc.o(.text)
    RCC_RTCCLKCmd                            0x08000b39   Thumb Code    32  stm32f10x_rcc.o(.text)
    RCC_GetClocksFreq                        0x08000b59   Thumb Code   208  stm32f10x_rcc.o(.text)
    RCC_AHBPeriphClockCmd                    0x08000c29   Thumb Code    86  stm32f10x_rcc.o(.text)
    RCC_APB2PeriphClockCmd                   0x08000c7f   Thumb Code    82  stm32f10x_rcc.o(.text)
    RCC_APB1PeriphClockCmd                   0x08000cd1   Thumb Code    82  stm32f10x_rcc.o(.text)
    RCC_APB2PeriphResetCmd                   0x08000d23   Thumb Code    82  stm32f10x_rcc.o(.text)
    RCC_APB1PeriphResetCmd                   0x08000d75   Thumb Code    82  stm32f10x_rcc.o(.text)
    RCC_BackupResetCmd                       0x08000dc7   Thumb Code    32  stm32f10x_rcc.o(.text)
    RCC_ClockSecuritySystemCmd               0x08000de7   Thumb Code    30  stm32f10x_rcc.o(.text)
    RCC_MCOConfig                            0x08000e05   Thumb Code    44  stm32f10x_rcc.o(.text)
    RCC_ClearFlag                            0x08000e31   Thumb Code    18  stm32f10x_rcc.o(.text)
    RCC_GetITStatus                          0x08000e43   Thumb Code    64  stm32f10x_rcc.o(.text)
    RCC_ClearITPendingBit                    0x08000e83   Thumb Code    34  stm32f10x_rcc.o(.text)
    GPIO_DeInit                              0x08000ec9   Thumb Code   224  stm32f10x_gpio.o(.text)
    GPIO_AFIODeInit                          0x08000fa9   Thumb Code    20  stm32f10x_gpio.o(.text)
    GPIO_Init                                0x08000fbd   Thumb Code   378  stm32f10x_gpio.o(.text)
    GPIO_StructInit                          0x08001137   Thumb Code    16  stm32f10x_gpio.o(.text)
    GPIO_ReadInputDataBit                    0x08001147   Thumb Code   170  stm32f10x_gpio.o(.text)
    GPIO_ReadInputData                       0x080011f1   Thumb Code    64  stm32f10x_gpio.o(.text)
    GPIO_ReadOutputDataBit                   0x08001231   Thumb Code   228  stm32f10x_gpio.o(.text)
    GPIO_ReadOutputData                      0x08001315   Thumb Code    66  stm32f10x_gpio.o(.text)
    GPIO_SetBits                             0x08001357   Thumb Code    86  stm32f10x_gpio.o(.text)
    GPIO_ResetBits                           0x080013ad   Thumb Code    86  stm32f10x_gpio.o(.text)
    GPIO_WriteBit                            0x08001403   Thumb Code   188  stm32f10x_gpio.o(.text)
    GPIO_Write                               0x080014bf   Thumb Code    66  stm32f10x_gpio.o(.text)
    GPIO_PinLockConfig                       0x08001501   Thumb Code   100  stm32f10x_gpio.o(.text)
    GPIO_EventOutputConfig                   0x08001565   Thumb Code   138  stm32f10x_gpio.o(.text)
    GPIO_EventOutputCmd                      0x080015ef   Thumb Code    30  stm32f10x_gpio.o(.text)
    GPIO_PinRemapConfig                      0x0800160d   Thumb Code   552  stm32f10x_gpio.o(.text)
    GPIO_EXTILineConfig                      0x08001835   Thumb Code   186  stm32f10x_gpio.o(.text)
    GPIO_ETH_MediaInterfaceConfig            0x080018ef   Thumb Code    30  stm32f10x_gpio.o(.text)
    TIM_DeInit                               0x08001929   Thumb Code   536  stm32f10x_tim.o(.text)
    TIM_TimeBaseInit                         0x08001b41   Thumb Code   308  stm32f10x_tim.o(.text)
    TIM_OC1Init                              0x08001c75   Thumb Code   540  stm32f10x_tim.o(.text)
    TIM_OC2Init                              0x08001e91   Thumb Code   438  stm32f10x_tim.o(.text)
    TIM_OC3Init                              0x08002047   Thumb Code   458  stm32f10x_tim.o(.text)
    TIM_OC4Init                              0x08002211   Thumb Code   302  stm32f10x_tim.o(.text)
    TIM_SetIC4Prescaler                      0x0800233f   Thumb Code   110  stm32f10x_tim.o(.text)
    TIM_SetIC3Prescaler                      0x0800242f   Thumb Code   102  stm32f10x_tim.o(.text)
    TIM_SetIC2Prescaler                      0x0800250f   Thumb Code   128  stm32f10x_tim.o(.text)
    TIM_SetIC1Prescaler                      0x08002633   Thumb Code   156  stm32f10x_tim.o(.text)
    TIM_ICInit                               0x0800273b   Thumb Code   602  stm32f10x_tim.o(.text)
    TIM_PWMIConfig                           0x08002995   Thumb Code   250  stm32f10x_tim.o(.text)
    TIM_BDTRConfig                           0x08002a8f   Thumb Code   254  stm32f10x_tim.o(.text)
    TIM_TimeBaseStructInit                   0x08002b8d   Thumb Code    18  stm32f10x_tim.o(.text)
    TIM_OCStructInit                         0x08002b9f   Thumb Code    20  stm32f10x_tim.o(.text)
    TIM_ICStructInit                         0x08002bb3   Thumb Code    18  stm32f10x_tim.o(.text)
    TIM_BDTRStructInit                       0x08002bc5   Thumb Code    18  stm32f10x_tim.o(.text)
    TIM_Cmd                                  0x08002bd7   Thumb Code   166  stm32f10x_tim.o(.text)
    TIM_CtrlPWMOutputs                       0x08002c7d   Thumb Code   100  stm32f10x_tim.o(.text)
    TIM_ITConfig                             0x08002ce1   Thumb Code   178  stm32f10x_tim.o(.text)
    TIM_GenerateEvent                        0x08002d93   Thumb Code   144  stm32f10x_tim.o(.text)
    TIM_DMAConfig                            0x08002e23   Thumb Code   358  stm32f10x_tim.o(.text)
    TIM_DMACmd                               0x08002f89   Thumb Code   144  stm32f10x_tim.o(.text)
    TIM_InternalClockConfig                  0x08003019   Thumb Code    82  stm32f10x_tim.o(.text)
    TIM_SelectInputTrigger                   0x0800306b   Thumb Code   130  stm32f10x_tim.o(.text)
    TIM_ITRxExternalClockConfig              0x080030ed   Thumb Code   116  stm32f10x_tim.o(.text)
    TIM_TIxExternalClockConfig               0x08003161   Thumb Code   186  stm32f10x_tim.o(.text)
    TIM_ETRConfig                            0x0800321b   Thumb Code   164  stm32f10x_tim.o(.text)
    TIM_ETRClockMode1Config                  0x080032bf   Thumb Code   226  stm32f10x_tim.o(.text)
    TIM_ETRClockMode2Config                  0x080033a1   Thumb Code   152  stm32f10x_tim.o(.text)
    TIM_PrescalerConfig                      0x08003439   Thumb Code   146  stm32f10x_tim.o(.text)
    TIM_CounterModeConfig                    0x080034cb   Thumb Code   100  stm32f10x_tim.o(.text)
    TIM_EncoderInterfaceConfig               0x0800352f   Thumb Code   212  stm32f10x_tim.o(.text)
    TIM_ForcedOC1Config                      0x08003603   Thumb Code   144  stm32f10x_tim.o(.text)
    TIM_ForcedOC2Config                      0x08003693   Thumb Code   116  stm32f10x_tim.o(.text)
    TIM_ForcedOC3Config                      0x08003707   Thumb Code   160  stm32f10x_tim.o(.text)
    TIM_ForcedOC4Config                      0x080037a7   Thumb Code    98  stm32f10x_tim.o(.text)
    TIM_ARRPreloadConfig                     0x08003809   Thumb Code   162  stm32f10x_tim.o(.text)
    TIM_SelectCOM                            0x080038ab   Thumb Code    90  stm32f10x_tim.o(.text)
    TIM_SelectCCDMA                          0x08003905   Thumb Code   114  stm32f10x_tim.o(.text)
    TIM_CCPreloadControl                     0x08003977   Thumb Code   102  stm32f10x_tim.o(.text)
    TIM_OC1PreloadConfig                     0x080039dd   Thumb Code   142  stm32f10x_tim.o(.text)
    TIM_OC2PreloadConfig                     0x08003a6b   Thumb Code   114  stm32f10x_tim.o(.text)
    TIM_OC3PreloadConfig                     0x08003add   Thumb Code    88  stm32f10x_tim.o(.text)
    TIM_OC4PreloadConfig                     0x08003b35   Thumb Code   166  stm32f10x_tim.o(.text)
    TIM_OC1FastConfig                        0x08003bdb   Thumb Code   142  stm32f10x_tim.o(.text)
    TIM_OC2FastConfig                        0x08003c69   Thumb Code   114  stm32f10x_tim.o(.text)
    TIM_OC3FastConfig                        0x08003cdb   Thumb Code    88  stm32f10x_tim.o(.text)
    TIM_OC4FastConfig                        0x08003d33   Thumb Code    96  stm32f10x_tim.o(.text)
    TIM_ClearOC1Ref                          0x08003d93   Thumb Code    88  stm32f10x_tim.o(.text)
    TIM_ClearOC2Ref                          0x08003deb   Thumb Code    94  stm32f10x_tim.o(.text)
    TIM_ClearOC3Ref                          0x08003e49   Thumb Code    88  stm32f10x_tim.o(.text)
    TIM_ClearOC4Ref                          0x08003ea1   Thumb Code    94  stm32f10x_tim.o(.text)
    TIM_OC1PolarityConfig                    0x08003eff   Thumb Code   202  stm32f10x_tim.o(.text)
    TIM_OC1NPolarityConfig                   0x08003fc9   Thumb Code    82  stm32f10x_tim.o(.text)
    TIM_OC2PolarityConfig                    0x0800401b   Thumb Code   114  stm32f10x_tim.o(.text)
    TIM_OC2NPolarityConfig                   0x0800408d   Thumb Code    72  stm32f10x_tim.o(.text)
    TIM_OC3PolarityConfig                    0x080040d5   Thumb Code    96  stm32f10x_tim.o(.text)
    TIM_OC3NPolarityConfig                   0x08004135   Thumb Code    72  stm32f10x_tim.o(.text)
    TIM_OC4PolarityConfig                    0x0800417d   Thumb Code    96  stm32f10x_tim.o(.text)
    TIM_CCxCmd                               0x080041dd   Thumb Code   186  stm32f10x_tim.o(.text)
    TIM_CCxNCmd                              0x08004297   Thumb Code   122  stm32f10x_tim.o(.text)
    TIM_SelectOCxM                           0x08004311   Thumb Code   326  stm32f10x_tim.o(.text)
    TIM_UpdateDisableConfig                  0x08004457   Thumb Code   162  stm32f10x_tim.o(.text)
    TIM_UpdateRequestConfig                  0x080044f9   Thumb Code   162  stm32f10x_tim.o(.text)
    TIM_SelectHallSensor                     0x0800459b   Thumb Code   114  stm32f10x_tim.o(.text)
    TIM_SelectOnePulseMode                   0x0800460d   Thumb Code   156  stm32f10x_tim.o(.text)
    TIM_SelectOutputTrigger                  0x080046a9   Thumb Code   144  stm32f10x_tim.o(.text)
    TIM_SelectSlaveMode                      0x08004739   Thumb Code   118  stm32f10x_tim.o(.text)
    TIM_SelectMasterSlaveMode                0x080047af   Thumb Code   176  stm32f10x_tim.o(.text)
    TIM_SetCounter                           0x0800485f   Thumb Code   124  stm32f10x_tim.o(.text)
    TIM_SetAutoreload                        0x080048db   Thumb Code   124  stm32f10x_tim.o(.text)
    TIM_SetCompare1                          0x08004957   Thumb Code   112  stm32f10x_tim.o(.text)
    TIM_SetCompare2                          0x080049c7   Thumb Code    76  stm32f10x_tim.o(.text)
    TIM_SetCompare3                          0x08004a13   Thumb Code    58  stm32f10x_tim.o(.text)
    TIM_SetCompare4                          0x08004a4d   Thumb Code    60  stm32f10x_tim.o(.text)
    TIM_SetClockDivision                     0x08004a89   Thumb Code   152  stm32f10x_tim.o(.text)
    TIM_GetCapture1                          0x08004b21   Thumb Code   110  stm32f10x_tim.o(.text)
    TIM_GetCapture2                          0x08004b8f   Thumb Code    74  stm32f10x_tim.o(.text)
    TIM_GetCapture3                          0x08004bd9   Thumb Code   124  stm32f10x_tim.o(.text)
    TIM_GetCapture4                          0x08004c55   Thumb Code    58  stm32f10x_tim.o(.text)
    TIM_GetCounter                           0x08004c8f   Thumb Code   122  stm32f10x_tim.o(.text)
    TIM_GetPrescaler                         0x08004d09   Thumb Code   122  stm32f10x_tim.o(.text)
    TIM_GetFlagStatus                        0x08004d83   Thumb Code   206  stm32f10x_tim.o(.text)
    TIM_ClearFlag                            0x08004e51   Thumb Code   146  stm32f10x_tim.o(.text)
    TIM_GetITStatus                          0x08004ee3   Thumb Code   204  stm32f10x_tim.o(.text)
    TIM_ClearITPendingBit                    0x08004faf   Thumb Code   214  stm32f10x_tim.o(.text)
    InitTimeService                          0x08005085   Thumb Code   104  time_service.o(.text)
    SysTick_Handler                          0x080050ed   Thumb Code    12  time_service.o(.text)
    GetSystemTime                            0x080050f9   Thumb Code     6  time_service.o(.text)
    Delay                                    0x080050ff   Thumb Code    26  time_service.o(.text)
    initTimParams                            0x08005129   Thumb Code   244  pwm.o(.text)
    initTimNvic                              0x0800521d   Thumb Code    72  pwm.o(.text)
    initTimGpio                              0x08005265   Thumb Code    92  pwm.o(.text)
    initTimRcc                               0x080052c1   Thumb Code    88  pwm.o(.text)
    InitTimer                                0x08005319   Thumb Code    30  pwm.o(.text)
    SetFillPwm                               0x08005337   Thumb Code     2  pwm.o(.text)
    enableChannel                            0x08005339   Thumb Code    86  pwm.o(.text)
    disableChannel                           0x0800538f   Thumb Code    86  pwm.o(.text)
    tim1IrqHandler                           0x080053e5   Thumb Code   126  pwm.o(.text)
    TIM1_UP_IRQHandler                       0x08005463   Thumb Code    10  pwm.o(.text)
    tim4IrqHandler                           0x0800546d   Thumb Code   138  pwm.o(.text)
    TIM4_IRQHandler                          0x080054f7   Thumb Code    10  pwm.o(.text)
    tim3IrqHandler                           0x08005501   Thumb Code   324  pwm.o(.text)
    TIM3_IRQHandler                          0x08005645   Thumb Code    10  pwm.o(.text)
    InitGpioMotor                            0x08005655   Thumb Code    46  motor.o(.text)
    InitMotor                                0x08005683   Thumb Code    12  motor.o(.text)
    SetPinMode                               0x0800568f   Thumb Code    84  motor.o(.text)
    RunModeMotor                             0x080056e3   Thumb Code    60  motor.o(.text)
    initButtonGpio                           0x08005721   Thumb Code    56  buttons.o(.text)
    InitButtons                              0x08005759   Thumb Code    12  buttons.o(.text)
    ChangeButtons                            0x08005765   Thumb Code    22  buttons.o(.text)
    ScanButtons                              0x0800577b   Thumb Code    60  buttons.o(.text)
    ScanChangeButtons                        0x080057b7   Thumb Code   272  buttons.o(.text)
    __use_two_region_memory                  0x080058d9   Thumb Code     2  heapauxi.o(.text)
    __rt_heap_escrow$2region                 0x080058db   Thumb Code     2  heapauxi.o(.text)
    __rt_heap_expand$2region                 0x080058dd   Thumb Code     2  heapauxi.o(.text)
    __user_setup_stackheap                   0x080058df   Thumb Code    74  sys_stackheap_outer.o(.text)
    exit                                     0x08005929   Thumb Code    18  exit.o(.text)
    __user_libspace                          0x0800593d   Thumb Code     8  libspace.o(.text)
    __user_perproc_libspace                  0x0800593d   Thumb Code     0  libspace.o(.text)
    __user_perthread_libspace                0x0800593d   Thumb Code     0  libspace.o(.text)
    _sys_exit                                0x08005945   Thumb Code     8  sys_exit.o(.text)
    __I$use$semihosting                      0x08005951   Thumb Code     0  use_no_semi.o(.text)
    __use_no_semihosting_swi                 0x08005951   Thumb Code     2  use_no_semi.o(.text)
    __semihosting_library_function           0x08005953   Thumb Code     0  indicate_semi.o(.text)
    Region$$Table$$Base                      0x08005954   Number         0  anon$$obj.o(Region$$Table)
    Region$$Table$$Limit                     0x08005974   Number         0  anon$$obj.o(Region$$Table)
    SystemCoreClock                          0x20000000   Data           4  system_stm32f10x.o(.data)
    AHBPrescTable                            0x20000004   Data          16  system_stm32f10x.o(.data)
    Timer1                                   0x2000002c   Data          68  pwm.o(.data)
    Timer4                                   0x20000070   Data          68  pwm.o(.data)
    Timer3                                   0x200000b4   Data          68  pwm.o(.data)
    channel                                  0x200000f8   Data           1  pwm.o(.data)
    Motor1                                   0x200000fc   Data          40  motor.o(.data)
    Motor2                                   0x20000124   Data          40  motor.o(.data)
    Motor3                                   0x2000014c   Data          40  motor.o(.data)
    Motor4                                   0x20000174   Data          40  motor.o(.data)
    Buttons                                  0x2000019c   Data          56  buttons.o(.data)
    __libspace_start                         0x200001d4   Data          96  libspace.o(.bss)
    __temporary_stack_top$libspace           0x20000234   Data           0  libspace.o(.bss)



==============================================================================

Memory Map of the image

  Image Entry point : 0x080000ed

  Load Region LR_IROM1 (Base: 0x08000000, Size: 0x00005b48, Max: 0x00010000, ABSOLUTE, COMPRESSED[0x00005a1c])

    Execution Region ER_IROM1 (Base: 0x08000000, Size: 0x00005974, Max: 0x00010000, ABSOLUTE)

    Base Addr    Size         Type   Attr      Idx    E Section Name        Object

    0x08000000   0x000000ec   Data   RO            3    RESET               startup_stm32f10x_md.o
    0x080000ec   0x00000008   Code   RO          324  * !!!main             c_w.l(__main.o)
    0x080000f4   0x00000034   Code   RO          483    !!!scatter          c_w.l(__scatter.o)
    0x08000128   0x0000005a   Code   RO          481    !!dczerorl2         c_w.l(__dczerorl2.o)
    0x08000182   0x00000002   PAD
    0x08000184   0x0000001c   Code   RO          485    !!handler_zi        c_w.l(__scatter_zi.o)
    0x080001a0   0x00000002   Code   RO          351    .ARM.Collect$$libinit$$00000000  c_w.l(libinit.o)
    0x080001a2   0x00000000   Code   RO          358    .ARM.Collect$$libinit$$00000002  c_w.l(libinit2.o)
    0x080001a2   0x00000000   Code   RO          360    .ARM.Collect$$libinit$$00000004  c_w.l(libinit2.o)
    0x080001a2   0x00000000   Code   RO          363    .ARM.Collect$$libinit$$0000000A  c_w.l(libinit2.o)
    0x080001a2   0x00000000   Code   RO          365    .ARM.Collect$$libinit$$0000000C  c_w.l(libinit2.o)
    0x080001a2   0x00000000   Code   RO          367    .ARM.Collect$$libinit$$0000000E  c_w.l(libinit2.o)
    0x080001a2   0x00000000   Code   RO          370    .ARM.Collect$$libinit$$00000011  c_w.l(libinit2.o)
    0x080001a2   0x00000000   Code   RO          372    .ARM.Collect$$libinit$$00000013  c_w.l(libinit2.o)
    0x080001a2   0x00000000   Code   RO          374    .ARM.Collect$$libinit$$00000015  c_w.l(libinit2.o)
    0x080001a2   0x00000000   Code   RO          376    .ARM.Collect$$libinit$$00000017  c_w.l(libinit2.o)
    0x080001a2   0x00000000   Code   RO          378    .ARM.Collect$$libinit$$00000019  c_w.l(libinit2.o)
    0x080001a2   0x00000000   Code   RO          380    .ARM.Collect$$libinit$$0000001B  c_w.l(libinit2.o)
    0x080001a2   0x00000000   Code   RO          382    .ARM.Collect$$libinit$$0000001D  c_w.l(libinit2.o)
    0x080001a2   0x00000000   Code   RO          384    .ARM.Collect$$libinit$$0000001F  c_w.l(libinit2.o)
    0x080001a2   0x00000000   Code   RO          386    .ARM.Collect$$libinit$$00000021  c_w.l(libinit2.o)
    0x080001a2   0x00000000   Code   RO          388    .ARM.Collect$$libinit$$00000023  c_w.l(libinit2.o)
    0x080001a2   0x00000000   Code   RO          390    .ARM.Collect$$libinit$$00000025  c_w.l(libinit2.o)
    0x080001a2   0x00000000   Code   RO          394    .ARM.Collect$$libinit$$0000002C  c_w.l(libinit2.o)
    0x080001a2   0x00000000   Code   RO          396    .ARM.Collect$$libinit$$0000002E  c_w.l(libinit2.o)
    0x080001a2   0x00000000   Code   RO          398    .ARM.Collect$$libinit$$00000030  c_w.l(libinit2.o)
    0x080001a2   0x00000000   Code   RO          400    .ARM.Collect$$libinit$$00000032  c_w.l(libinit2.o)
    0x080001a2   0x00000002   Code   RO          401    .ARM.Collect$$libinit$$00000033  c_w.l(libinit2.o)
    0x080001a4   0x00000002   Code   RO          421    .ARM.Collect$$libshutdown$$00000000  c_w.l(libshutdown.o)
    0x080001a6   0x00000000   Code   RO          434    .ARM.Collect$$libshutdown$$00000002  c_w.l(libshutdown2.o)
    0x080001a6   0x00000000   Code   RO          436    .ARM.Collect$$libshutdown$$00000004  c_w.l(libshutdown2.o)
    0x080001a6   0x00000000   Code   RO          439    .ARM.Collect$$libshutdown$$00000007  c_w.l(libshutdown2.o)
    0x080001a6   0x00000000   Code   RO          442    .ARM.Collect$$libshutdown$$0000000A  c_w.l(libshutdown2.o)
    0x080001a6   0x00000000   Code   RO          444    .ARM.Collect$$libshutdown$$0000000C  c_w.l(libshutdown2.o)
    0x080001a6   0x00000000   Code   RO          447    .ARM.Collect$$libshutdown$$0000000F  c_w.l(libshutdown2.o)
    0x080001a6   0x00000002   Code   RO          448    .ARM.Collect$$libshutdown$$00000010  c_w.l(libshutdown2.o)
    0x080001a8   0x00000000   Code   RO          326    .ARM.Collect$$rtentry$$00000000  c_w.l(__rtentry.o)
    0x080001a8   0x00000000   Code   RO          328    .ARM.Collect$$rtentry$$00000002  c_w.l(__rtentry2.o)
    0x080001a8   0x00000006   Code   RO          340    .ARM.Collect$$rtentry$$00000004  c_w.l(__rtentry4.o)
    0x080001ae   0x00000000   Code   RO          330    .ARM.Collect$$rtentry$$00000009  c_w.l(__rtentry2.o)
    0x080001ae   0x00000004   Code   RO          331    .ARM.Collect$$rtentry$$0000000A  c_w.l(__rtentry2.o)
    0x080001b2   0x00000000   Code   RO          333    .ARM.Collect$$rtentry$$0000000C  c_w.l(__rtentry2.o)
    0x080001b2   0x00000008   Code   RO          334    .ARM.Collect$$rtentry$$0000000D  c_w.l(__rtentry2.o)
    0x080001ba   0x00000002   Code   RO          355    .ARM.Collect$$rtexit$$00000000  c_w.l(rtexit.o)
    0x080001bc   0x00000000   Code   RO          403    .ARM.Collect$$rtexit$$00000002  c_w.l(rtexit2.o)
    0x080001bc   0x00000004   Code   RO          404    .ARM.Collect$$rtexit$$00000003  c_w.l(rtexit2.o)
    0x080001c0   0x00000006   Code   RO          405    .ARM.Collect$$rtexit$$00000004  c_w.l(rtexit2.o)
    0x080001c6   0x00000002   PAD
    0x080001c8   0x00000040   Code   RO            4    .text               startup_stm32f10x_md.o
    0x08000208   0x000000fc   Code   RO           10    .text               main.o
    0x08000304   0x000001e0   Code   RO          102    .text               system_stm32f10x.o
    0x080004e4   0x000001c4   Code   RO          136    .text               misc.o
    0x080006a8   0x00000820   Code   RO          160    .text               stm32f10x_rcc.o
    0x08000ec8   0x00000a60   Code   RO          174    .text               stm32f10x_gpio.o
    0x08001928   0x0000375c   Code   RO          198    .text               stm32f10x_tim.o
    0x08005084   0x000000a4   Code   RO          222    .text               time_service.o
    0x08005128   0x0000052c   Code   RO          255    .text               pwm.o
    0x08005654   0x000000ca   Code   RO          280    .text               motor.o
    0x0800571e   0x00000002   PAD
    0x08005720   0x000001b8   Code   RO          298    .text               buttons.o
    0x080058d8   0x00000006   Code   RO          322    .text               c_w.l(heapauxi.o)
    0x080058de   0x0000004a   Code   RO          342    .text               c_w.l(sys_stackheap_outer.o)
    0x08005928   0x00000012   Code   RO          344    .text               c_w.l(exit.o)
    0x0800593a   0x00000002   PAD
    0x0800593c   0x00000008   Code   RO          352    .text               c_w.l(libspace.o)
    0x08005944   0x0000000c   Code   RO          413    .text               c_w.l(sys_exit.o)
    0x08005950   0x00000002   Code   RO          424    .text               c_w.l(use_no_semi.o)
    0x08005952   0x00000000   Code   RO          426    .text               c_w.l(indicate_semi.o)
    0x08005952   0x00000002   PAD
    0x08005954   0x00000020   Data   RO          479    Region$$Table       anon$$obj.o


    Execution Region RW_IRAM1 (Base: 0x20000000, Size: 0x00000838, Max: 0x00005000, ABSOLUTE, COMPRESSED[0x000000a8])

    Base Addr    Size         Type   Attr      Idx    E Section Name        Object

    0x20000000   0x00000014   Data   RW          103    .data               system_stm32f10x.o
    0x20000014   0x00000014   Data   RW          161    .data               stm32f10x_rcc.o
    0x20000028   0x00000004   Data   RW          223    .data               time_service.o
    0x2000002c   0x000000cd   Data   RW          256    .data               pwm.o
    0x200000f9   0x00000003   PAD
    0x200000fc   0x000000a0   Data   RW          281    .data               motor.o
    0x2000019c   0x00000038   Data   RW          299    .data               buttons.o
    0x200001d4   0x00000060   Zero   RW          353    .bss                c_w.l(libspace.o)
    0x20000234   0x00000004   PAD
    0x20000238   0x00000200   Zero   RW            2    HEAP                startup_stm32f10x_md.o
    0x20000438   0x00000400   Zero   RW            1    STACK               startup_stm32f10x_md.o


==============================================================================

Image component sizes


      Code (inc. data)   RO Data    RW Data    ZI Data      Debug   Object Name

       440         18          0         56          0       3223   buttons.o
       252         40          0          0          0     248764   main.o
       452         40          0          0          0       1897   misc.o
       202          0          0        160          0       3112   motor.o
      1324         34          0        205          0      20731   pwm.o
        64         26        236          0       1536        796   startup_stm32f10x_md.o
      2656        178          0          0          0       7181   stm32f10x_gpio.o
      2080         76          0         20          0      10116   stm32f10x_rcc.o
     14172        806          0          0          0      31544   stm32f10x_tim.o
       480         38          0         20          0       1667   system_stm32f10x.o
       164         16          0          4          0      16653   time_service.o

    ----------------------------------------------------------------------
     22288       1272        268        468       1536     345684   Object Totals
         0          0         32          0          0          0   (incl. Generated)
         2          0          0          3          0          0   (incl. Padding)

    ----------------------------------------------------------------------

      Code (inc. data)   RO Data    RW Data    ZI Data      Debug   Library Member Name

        90          0          0          0          0          0   __dczerorl2.o
         8          0          0          0          0         68   __main.o
         0          0          0          0          0          0   __rtentry.o
        12          0          0          0          0          0   __rtentry2.o
         6          0          0          0          0          0   __rtentry4.o
        52          8          0          0          0          0   __scatter.o
        28          0          0          0          0          0   __scatter_zi.o
        18          0          0          0          0         80   exit.o
         6          0          0          0          0        152   heapauxi.o
         0          0          0          0          0          0   indicate_semi.o
         2          0          0          0          0          0   libinit.o
         2          0          0          0          0          0   libinit2.o
         2          0          0          0          0          0   libshutdown.o
         2          0          0          0          0          0   libshutdown2.o
         8          4          0          0         96         68   libspace.o
         2          0          0          0          0          0   rtexit.o
        10          0          0          0          0          0   rtexit2.o
        12          4          0          0          0         68   sys_exit.o
        74          0          0          0          0         80   sys_stackheap_outer.o
         2          0          0          0          0         68   use_no_semi.o

    ----------------------------------------------------------------------
       344         16          0          0        100        584   Library Totals
         8          0          0          0          4          0   (incl. Padding)

    ----------------------------------------------------------------------

      Code (inc. data)   RO Data    RW Data    ZI Data      Debug   Library Name

       336         16          0          0         96        584   c_w.l

    ----------------------------------------------------------------------
       344         16          0          0        100        584   Library Totals

    ----------------------------------------------------------------------

==============================================================================


      Code (inc. data)   RO Data    RW Data    ZI Data      Debug   

     22632       1288        268        468       1636     345276   Grand Totals
     22632       1288        268        168       1636     345276   ELF Image Totals (compressed)
     22632       1288        268        168          0          0   ROM Totals

==============================================================================

    Total RO  Size (Code + RO Data)                22900 (  22.36kB)
    Total RW  Size (RW Data + ZI Data)              2104 (   2.05kB)
    Total ROM Size (Code + RO Data + RW Data)      23068 (  22.53kB)

==============================================================================

