Component: ARM Compiler 5.06 update 1 (build 61) Tool: armlink [4d35a8]

==============================================================================

Section Cross References

    startup_stm32f10x_md.o(STACK) refers (Special) to heapauxi.o(.text) for __use_two_region_memory
    startup_stm32f10x_md.o(HEAP) refers (Special) to heapauxi.o(.text) for __use_two_region_memory
    startup_stm32f10x_md.o(RESET) refers (Special) to heapauxi.o(.text) for __use_two_region_memory
    startup_stm32f10x_md.o(RESET) refers to startup_stm32f10x_md.o(STACK) for __initial_sp
    startup_stm32f10x_md.o(RESET) refers to startup_stm32f10x_md.o(.text) for Reset_Handler
    startup_stm32f10x_md.o(RESET) refers to time_service.o(.text) for SysTick_Handler
    startup_stm32f10x_md.o(RESET) refers to pwm.o(.text) for TIM3_IRQHandler
    startup_stm32f10x_md.o(RESET) refers to uart.o(.text) for USART2_IRQHandler
    startup_stm32f10x_md.o(.text) refers (Special) to heapauxi.o(.text) for __use_two_region_memory
    startup_stm32f10x_md.o(.text) refers to system_stm32f10x.o(.text) for SystemInit
    startup_stm32f10x_md.o(.text) refers to __main.o(!!!main) for __main
    startup_stm32f10x_md.o(.text) refers to startup_stm32f10x_md.o(HEAP) for Heap_Mem
    startup_stm32f10x_md.o(.text) refers to startup_stm32f10x_md.o(STACK) for Stack_Mem
    main.o(.text) refers to stm32f10x_gpio.o(.text) for GPIO_Init
    main.o(.text) refers to time_service.o(.text) for Delay
    main.o(.text) refers to stm32f10x_rcc.o(.text) for RCC_MCOConfig
    main.o(.text) refers to misc.o(.text) for NVIC_PriorityGroupConfig
    main.o(.text) refers to pwm.o(.text) for InitTimer
    main.o(.text) refers to pwm.o(.data) for Timer1
    system_stm32f10x.o(.text) refers to system_stm32f10x.o(.data) for SystemCoreClock
    misc.o(.text) refers to main.o(.text) for assert_failed
    stm32f10x_exti.o(.text) refers to main.o(.text) for assert_failed
    stm32f10x_rcc.o(.text) refers to main.o(.text) for assert_failed
    stm32f10x_rcc.o(.text) refers to stm32f10x_rcc.o(.data) for APBAHBPrescTable
    stm32f10x_gpio.o(.text) refers to main.o(.text) for assert_failed
    stm32f10x_gpio.o(.text) refers to stm32f10x_rcc.o(.text) for RCC_APB2PeriphResetCmd
    stm32f10x_usart.o(.text) refers to main.o(.text) for assert_failed
    stm32f10x_usart.o(.text) refers to stm32f10x_rcc.o(.text) for RCC_APB2PeriphResetCmd
    stm32f10x_tim.o(.text) refers to main.o(.text) for assert_failed
    stm32f10x_tim.o(.text) refers to stm32f10x_rcc.o(.text) for RCC_APB2PeriphResetCmd
    stm32f10x_dma.o(.text) refers to main.o(.text) for assert_failed
    time_service.o(.text) refers to time_service.o(.data) for SystemTime
    time_service.o(.text) refers to system_stm32f10x.o(.data) for SystemCoreClock
    link_slave.o(.text) refers to uart.o(.text) for InitUart
    link_slave.o(.text) refers to mg_common.o(.text) for MG_InitInputStruct
    link_slave.o(.text) refers to time_service.o(.text) for GetSystemTime
    link_slave.o(.text) refers to mg_canal_level.o(.text) for MG_ComposeMsg
    link_slave.o(.text) refers to mg_data_level.o(.text) for MG_ProcessRequest
    link_slave.o(.text) refers to link_slave.o(.data) for MsgTransmited
    link_slave.o(.text) refers to link_slave.o(.bss) for Request
    self_control.o(.text) refers to mg_regs.o(.text) for MG_IsRegChanged
    self_control.o(.text) refers to self_control.o(.data) for SelfControlState
    uart.o(.text) refers to misc.o(.text) for NVIC_Init
    uart.o(.text) refers to stm32f10x_usart.o(.text) for USART_Init
    uart.o(.text) refers to stm32f10x_gpio.o(.text) for GPIO_Init
    uart.o(.text) refers to stm32f10x_rcc.o(.text) for RCC_APB2PeriphClockCmd
    uart.o(.text) refers to main.o(.text) for assert_failed
    uart.o(.text) refers to uart.o(.data) for Uart2
    uart.o(.data) refers to uart.o(.text) for TxCallbackDefault
    pwm.o(.text) refers to stm32f10x_tim.o(.text) for TIM_TimeBaseStructInit
    pwm.o(.text) refers to stm32f10x_dma.o(.text) for DMA_DeInit
    pwm.o(.text) refers to stm32f10x_gpio.o(.text) for GPIO_Init
    pwm.o(.text) refers to stm32f10x_rcc.o(.text) for RCC_APB2PeriphClockCmd
    pwm.o(.text) refers to main.o(.text) for assert_failed
    pwm.o(.text) refers to misc.o(.text) for NVIC_Init
    pwm.o(.text) refers to dflt_clz.o(x$fpl$dfltu) for __aeabi_ui2d
    pwm.o(.text) refers to dmul.o(x$fpl$dmul) for __aeabi_dmul
    pwm.o(.text) refers to sin.o(i.sin) for sin
    pwm.o(.text) refers to system_stm32f10x.o(.data) for SystemCoreClock
    pwm.o(.text) refers to pwm.o(.data) for bufSinPos
    mg_canal_level.o(.text) refers to crc.o(.text) for Crc8
    mg_canal_level.o(.text) refers to time_service.o(.text) for GetSystemTime
    mg_common.o(.text) refers to time_service.o(.text) for GetSystemTime
    mg_data_level.o(.text) refers to mg_regs.o(.text) for MG_IsRegValid
    mg_regs.o(.text) refers to mg_regs.o(.data) for RegsRo
[...]
    __rtentry2.o(.ARM.exidx) refers to __rtentry2.o(.ARM.Collect$$rtentry$$00000008) for .ARM.Collect$$rtentry$$00000008
    __rtentry2.o(.ARM.exidx) refers to __rtentry2.o(.ARM.Collect$$rtentry$$0000000A) for .ARM.Collect$$rtentry$$0000000A
    __rtentry2.o(.ARM.exidx) refers to __rtentry2.o(.ARM.Collect$$rtentry$$0000000B) for .ARM.Collect$$rtentry$$0000000B
    __rtentry2.o(.ARM.exidx) refers to __rtentry2.o(.ARM.Collect$$rtentry$$0000000D) for .ARM.Collect$$rtentry$$0000000D
    __rtentry4.o(.ARM.Collect$$rtentry$$00000004) refers to sys_stackheap_outer.o(.text) for __user_setup_stackheap
    __rtentry4.o(.ARM.exidx) refers to __rtentry4.o(.ARM.Collect$$rtentry$$00000004) for .ARM.Collect$$rtentry$$00000004
    rt_errno_addr.o(.text) refers to rt_errno_addr.o(.bss) for __aeabi_errno_addr_data
    rt_errno_addr_intlibspace.o(.text) refers to libspace.o(.bss) for __libspace_start
    daddsub_clz.o(x$fpl$dadd) refers (Special) to usenofp.o(x$fpl$usenofp) for __I$use$fp
    daddsub_clz.o(x$fpl$dadd) refers to daddsub_clz.o(x$fpl$dsub) for _dsub1
    daddsub_clz.o(x$fpl$dadd) refers to dretinf.o(x$fpl$dretinf) for __fpl_dretinf
    daddsub_clz.o(x$fpl$dadd) refers to dnaninf.o(x$fpl$dnaninf) for __fpl_dnaninf
    daddsub_clz.o(x$fpl$drsb) refers (Special) to usenofp.o(x$fpl$usenofp) for __I$use$fp
    daddsub_clz.o(x$fpl$drsb) refers to daddsub_clz.o(x$fpl$dadd) for _dadd1
    daddsub_clz.o(x$fpl$drsb) refers to daddsub_clz.o(x$fpl$dsub) for _dsub1
    daddsub_clz.o(x$fpl$dsub) refers (Special) to usenofp.o(x$fpl$usenofp) for __I$use$fp
    daddsub_clz.o(x$fpl$dsub) refers to daddsub_clz.o(x$fpl$dadd) for _dadd1
    daddsub_clz.o(x$fpl$dsub) refers to dnaninf.o(x$fpl$dnaninf) for __fpl_dnaninf
    ddiv.o(x$fpl$drdiv) refers (Special) to usenofp.o(x$fpl$usenofp) for __I$use$fp
    ddiv.o(x$fpl$drdiv) refers to ddiv.o(x$fpl$ddiv) for ddiv_entry
    ddiv.o(x$fpl$ddiv) refers (Special) to usenofp.o(x$fpl$usenofp) for __I$use$fp
    ddiv.o(x$fpl$ddiv) refers to dretinf.o(x$fpl$dretinf) for __fpl_dretinf
    ddiv.o(x$fpl$ddiv) refers to dnaninf.o(x$fpl$dnaninf) for __fpl_dnaninf
    dfix.o(x$fpl$dfix) refers (Special) to usenofp.o(x$fpl$usenofp) for __I$use$fp
    dfix.o(x$fpl$dfix) refers to dnaninf.o(x$fpl$dnaninf) for __fpl_dnaninf
    dfix.o(x$fpl$dfixr) refers (Special) to usenofp.o(x$fpl$usenofp) for __I$use$fp
    dfix.o(x$fpl$dfixr) refers to dnaninf.o(x$fpl$dnaninf) for __fpl_dnaninf
    scalbn.o(x$fpl$scalbn) refers (Special) to usenofp.o(x$fpl$usenofp) for __I$use$fp
    scalbn.o(x$fpl$scalbn) refers to dcheck1.o(x$fpl$dcheck1) for __fpl_dcheck_NaN1
    fpclassify.o(i.__ARM_fpclassify) refers (Special) to usenofp.o(x$fpl$usenofp) for __I$use$fp
    poly.o(i.__kernel_poly) refers (Special) to usenofp.o(x$fpl$usenofp) for __I$use$fp
    poly.o(i.__kernel_poly) refers to dmul.o(x$fpl$dmul) for __aeabi_dmul
    poly.o(i.__kernel_poly) refers to daddsub_clz.o(x$fpl$dadd) for __aeabi_dadd
    libspace.o(.text) refers to libspace.o(.bss) for __libspace_start
    sys_stackheap_outer.o(.text) refers to libspace.o(.text) for __user_perproc_libspace
    sys_stackheap_outer.o(.text) refers to startup_stm32f10x_md.o(.text) for __user_initial_stackheap
    exit.o(.text) refers to rtexit.o(.ARM.Collect$$rtexit$$00000000) for __rt_exit
    libinit.o(.ARM.Collect$$libinit$$00000000) refers (Special) to libinit2.o(.ARM.Collect$$libinit$$0000002E) for __rt_lib_init_alloca_1
    libinit.o(.ARM.Collect$$libinit$$00000000) refers (Special) to libinit2.o(.ARM.Collect$$libinit$$0000002C) for __rt_lib_init_argv_1
    libinit.o(.ARM.Collect$$libinit$$00000000) refers (Special) to libinit2.o(.ARM.Collect$$libinit$$0000001B) for __rt_lib_init_atexit_1
    libinit.o(.ARM.Collect$$libinit$$00000000) refers (Special) to libinit2.o(.ARM.Collect$$libinit$$00000021) for __rt_lib_init_clock_1
    libinit.o(.ARM.Collect$$libinit$$00000000) refers (Special) to libinit2.o(.ARM.Collect$$libinit$$00000032) for __rt_lib_init_cpp_1
    libinit.o(.ARM.Collect$$libinit$$00000000) refers (Special) to libinit2.o(.ARM.Collect$$libinit$$00000030) for __rt_lib_init_exceptions_1
    libinit.o(.ARM.Collect$$libinit$$00000000) refers (Special) to libinit2.o(.ARM.Collect$$libinit$$00000002) for __rt_lib_init_fp_1
    libinit.o(.ARM.Collect$$libinit$$00000000) refers (Special) to libinit2.o(.ARM.Collect$$libinit$$0000001F) for __rt_lib_init_fp_trap_1
    libinit.o(.ARM.Collect$$libinit$$00000000) refers (Special) to libinit2.o(.ARM.Collect$$libinit$$00000023) for __rt_lib_init_getenv_1
    libinit.o(.ARM.Collect$$libinit$$00000000) refers (Special) to libinit2.o(.ARM.Collect$$libinit$$0000000A) for __rt_lib_init_heap_1
    libinit.o(.ARM.Collect$$libinit$$00000000) refers (Special) to libinit2.o(.ARM.Collect$$libinit$$00000011) for __rt_lib_init_lc_collate_1
    libinit.o(.ARM.Collect$$libinit$$00000000) refers (Special) to libinit2.o(.ARM.Collect$$libinit$$00000013) for __rt_lib_init_lc_ctype_1
    libinit.o(.ARM.Collect$$libinit$$00000000) refers (Special) to libinit2.o(.ARM.Collect$$libinit$$00000015) for __rt_lib_init_lc_monetary_1
    libinit.o(.ARM.Collect$$libinit$$00000000) refers (Special) to libinit2.o(.ARM.Collect$$libinit$$00000017) for __rt_lib_init_lc_numeric_1
    libinit.o(.ARM.Collect$$libinit$$00000000) refers (Special) to libinit2.o(.ARM.Collect$$libinit$$00000019) for __rt_lib_init_lc_time_1
    libinit.o(.ARM.Collect$$libinit$$00000000) refers (Special) to libinit2.o(.ARM.Collect$$libinit$$00000004) for __rt_lib_init_preinit_1
    libinit.o(.ARM.Collect$$libinit$$00000000) refers (Special) to libinit2.o(.ARM.Collect$$libinit$$0000000E) for __rt_lib_init_rand_1
    libinit.o(.ARM.Collect$$libinit$$00000000) refers (Special) to libinit2.o(.ARM.Collect$$libinit$$00000033) for __rt_lib_init_return
    libinit.o(.ARM.Collect$$libinit$$00000000) refers (Special) to libinit2.o(.ARM.Collect$$libinit$$0000001D) for __rt_lib_init_signal_1
    libinit.o(.ARM.Collect$$libinit$$00000000) refers (Special) to libinit2.o(.ARM.Collect$$libinit$$00000025) for __rt_lib_init_stdio_1
    libinit.o(.ARM.Collect$$libinit$$00000000) refers (Special) to libinit2.o(.ARM.Collect$$libinit$$0000000C) for __rt_lib_init_user_alloc_1
    dcheck1.o(x$fpl$dcheck1) refers (Special) to usenofp.o(x$fpl$usenofp) for __I$use$fp
    dcheck1.o(x$fpl$dcheck1) refers to retnan.o(x$fpl$retnan) for __fpl_return_NaN
    rtexit.o(.ARM.Collect$$rtexit$$00000000) refers (Special) to rtexit2.o(.ARM.Collect$$rtexit$$00000004) for __rt_exit_exit
    rtexit.o(.ARM.Collect$$rtexit$$00000000) refers (Special) to rtexit2.o(.ARM.Collect$$rtexit$$00000003) for __rt_exit_ls
    rtexit.o(.ARM.Collect$$rtexit$$00000000) refers (Special) to rtexit2.o(.ARM.Collect$$rtexit$$00000002) for __rt_exit_prels_1
    rtexit.o(.ARM.exidx) refers (Special) to rtexit2.o(.ARM.Collect$$rtexit$$00000004) for __rt_exit_exit
    rtexit.o(.ARM.exidx) refers (Special) to rtexit2.o(.ARM.Collect$$rtexit$$00000003) for __rt_exit_ls
    rtexit.o(.ARM.exidx) refers (Special) to rtexit2.o(.ARM.Collect$$rtexit$$00000002) for __rt_exit_prels_1
    rtexit.o(.ARM.exidx) refers to rtexit.o(.ARM.Collect$$rtexit$$00000000) for .ARM.Collect$$rtexit$$00000000
    libinit2.o(.ARM.Collect$$libinit$$00000010) refers to libinit2.o(.ARM.Collect$$libinit$$0000000F) for .ARM.Collect$$libinit$$0000000F
    libinit2.o(.ARM.Collect$$libinit$$00000012) refers to libinit2.o(.ARM.Collect$$libinit$$0000000F) for .ARM.Collect$$libinit$$0000000F
    libinit2.o(.ARM.Collect$$libinit$$00000014) refers to libinit2.o(.ARM.Collect$$libinit$$0000000F) for .ARM.Collect$$libinit$$0000000F
    libinit2.o(.ARM.Collect$$libinit$$00000016) refers to libinit2.o(.ARM.Collect$$libinit$$0000000F) for .ARM.Collect$$libinit$$0000000F
    libinit2.o(.ARM.Collect$$libinit$$00000018) refers to libinit2.o(.ARM.Collect$$libinit$$0000000F) for .ARM.Collect$$libinit$$0000000F
    libinit2.o(.ARM.Collect$$libinit$$00000026) refers to argv_veneer.o(.emb_text) for __ARM_argv_veneer
    libinit2.o(.ARM.Collect$$libinit$$00000027) refers to argv_veneer.o(.emb_text) for __ARM_argv_veneer
    retnan.o(x$fpl$retnan) refers (Special) to usenofp.o(x$fpl$usenofp) for __I$use$fp
    retnan.o(x$fpl$retnan) refers to trapv.o(x$fpl$trapveneer) for __fpl_cmpreturn
    rtexit2.o(.ARM.Collect$$rtexit$$00000003) refers to libshutdown.o(.ARM.Collect$$libshutdown$$00000000) for __rt_lib_shutdown
    rtexit2.o(.ARM.Collect$$rtexit$$00000004) refers to sys_exit.o(.text) for _sys_exit
    rtexit2.o(.ARM.exidx) refers to rtexit2.o(.ARM.Collect$$rtexit$$00000001) for .ARM.Collect$$rtexit$$00000001
    rtexit2.o(.ARM.exidx) refers to rtexit2.o(.ARM.Collect$$rtexit$$00000003) for .ARM.Collect$$rtexit$$00000003
    rtexit2.o(.ARM.exidx) refers to rtexit2.o(.ARM.Collect$$rtexit$$00000004) for .ARM.Collect$$rtexit$$00000004
    argv_veneer.o(.emb_text) refers to no_argv.o(.text) for __ARM_get_argv
    trapv.o(x$fpl$trapveneer) refers (Special) to usenofp.o(x$fpl$usenofp) for __I$use$fp
    sys_exit.o(.text) refers (Special) to use_no_semi.o(.text) for __I$use$semihosting
    sys_exit.o(.text) refers (Special) to indicate_semi.o(.text) for __semihosting_library_function
    _get_argv_nomalloc.o(.text) refers (Special) to hrguard.o(.text) for __heap_region$guard
    _get_argv_nomalloc.o(.text) refers to defsig_rtmem_outer.o(.text) for __rt_SIGRTMEM
    _get_argv_nomalloc.o(.text) refers to sys_command.o(.text) for _sys_command_string
    libshutdown.o(.ARM.Collect$$libshutdown$$00000000) refers (Special) to libshutdown2.o(.ARM.Collect$$libshutdown$$00000002) for __rt_lib_shutdown_cpp_1
    libshutdown.o(.ARM.Collect$$libshutdown$$00000000) refers (Special) to libshutdown2.o(.ARM.Collect$$libshutdown$$00000007) for __rt_lib_shutdown_fp_trap_1
    libshutdown.o(.ARM.Collect$$libshutdown$$00000000) refers (Special) to libshutdown2.o(.ARM.Collect$$libshutdown$$0000000F) for __rt_lib_shutdown_heap_1
    libshutdown.o(.ARM.Collect$$libshutdown$$00000000) refers (Special) to libshutdown2.o(.ARM.Collect$$libshutdown$$00000010) for __rt_lib_shutdown_return
    libshutdown.o(.ARM.Collect$$libshutdown$$00000000) refers (Special) to libshutdown2.o(.ARM.Collect$$libshutdown$$0000000A) for __rt_lib_shutdown_signal_1
    libshutdown.o(.ARM.Collect$$libshutdown$$00000000) refers (Special) to libshutdown2.o(.ARM.Collect$$libshutdown$$00000004) for __rt_lib_shutdown_stdio_1
    libshutdown.o(.ARM.Collect$$libshutdown$$00000000) refers (Special) to libshutdown2.o(.ARM.Collect$$libshutdown$$0000000C) for __rt_lib_shutdown_user_alloc_1
    sys_command.o(.text) refers (Special) to use_no_semi.o(.text) for __I$use$semihosting
    sys_command.o(.text) refers (Special) to indicate_semi.o(.text) for __semihosting_library_function
    defsig_rtmem_outer.o(.text) refers to defsig_rtmem_inner.o(.text) for __rt_SIGRTMEM_inner
    defsig_rtmem_outer.o(.text) refers to defsig_exit.o(.text) for __sig_exit
    defsig_rtmem_formal.o(.text) refers to rt_raise.o(.text) for __rt_raise
    rt_raise.o(.text) refers to __raise.o(.text) for __raise
    rt_raise.o(.text) refers to sys_exit.o(.text) for _sys_exit
    defsig_exit.o(.text) refers to sys_exit.o(.text) for _sys_exit
    defsig_rtmem_inner.o(.text) refers to defsig_general.o(.text) for __default_signal_display
    __raise.o(.text) refers to defsig.o(CL$$defsig) for __default_signal_handler
    defsig_general.o(.text) refers to sys_wrch.o(.text) for _ttywrch
    sys_wrch.o(.text) refers (Special) to use_no_semi.o(.text) for __I$use$semihosting
    sys_wrch.o(.text) refers (Special) to indicate_semi.o(.text) for __semihosting_library_function
    defsig.o(CL$$defsig) refers to defsig_rtmem_inner.o(.text) for __rt_SIGRTMEM_inner
    defsig_abrt_inner.o(.text) refers to defsig_general.o(.text) for __default_signal_display
    defsig_fpe_inner.o(.text) refers to defsig_general.o(.text) for __default_signal_display
    defsig_rtred_inner.o(.text) refers to defsig_general.o(.text) for __default_signal_display
    defsig_stak_inner.o(.text) refers to defsig_general.o(.text) for __default_signal_display
    defsig_pvfn_inner.o(.text) refers to defsig_general.o(.text) for __default_signal_display
    defsig_cppl_inner.o(.text) refers to defsig_general.o(.text) for __default_signal_display
    defsig_segv_inner.o(.text) refers to defsig_general.o(.text) for __default_signal_display
    defsig_other.o(.text) refers to defsig_general.o(.text) for __default_signal_display


==============================================================================

Removing Unused input sections from the image.

    Removing core_cm3.o(.emb_text), (32 bytes).
    Removing stm32f10x_exti.o(.text), (708 bytes).
    Removing common.o(.text), (6 bytes).
    Removing crc.o(.text), (118 bytes).
    Removing link_slave.o(.text), (352 bytes).
    Removing link_slave.o(.bss), (544 bytes).
    Removing link_slave.o(.data), (20 bytes).
    Removing self_control.o(.text), (32 bytes).
    Removing self_control.o(.data), (1 bytes).
    Removing mg_canal_level.o(.text), (520 bytes).
    Removing mg_common.o(.text), (304 bytes).
    Removing mg_data_level.o(.text), (1708 bytes).
    Removing mg_regs.o(.text), (176 bytes).
    Removing mg_regs.o(.data), (12 bytes).

14 unused section(s) (total 4533 bytes) removed from the image.

==============================================================================

Image Symbol Table

    Local Symbols

    Symbol Name                              Value     Ov Type        Size  Object(Section)

    ../clib/angel/boardlib.s                 0x00000000   Number         0  boardinit2.o ABSOLUTE
    ../clib/angel/boardlib.s                 0x00000000   Number         0  boardinit3.o ABSOLUTE
    ../clib/angel/boardlib.s                 0x00000000   Number         0  boardshut.o ABSOLUTE
    ../clib/angel/boardlib.s                 0x00000000   Number         0  boardinit1.o ABSOLUTE
    ../clib/angel/dczerorl2.s                0x00000000   Number         0  __dczerorl2.o ABSOLUTE
    ../clib/angel/handlers.s                 0x00000000   Number         0  __scatter_zi.o ABSOLUTE
    ../clib/angel/kernel.s                   0x00000000   Number         0  __rtentry2.o ABSOLUTE
    ../clib/angel/kernel.s                   0x00000000   Number         0  rtexit.o ABSOLUTE
    ../clib/angel/kernel.s                   0x00000000   Number         0  rtexit2.o ABSOLUTE
    ../clib/angel/kernel.s                   0x00000000   Number         0  __rtentry4.o ABSOLUTE
    ../clib/angel/kernel.s                   0x00000000   Number         0  __rtentry.o ABSOLUTE
    ../clib/angel/rt.s                       0x00000000   Number         0  rt_errno_addr.o ABSOLUTE
    ../clib/angel/rt.s                       0x00000000   Number         0  rt_errno_addr_intlibspace.o ABSOLUTE
    ../clib/angel/rt.s                       0x00000000   Number         0  rt_raise.o ABSOLUTE
    ../clib/angel/scatter.s                  0x00000000   Number         0  __scatter.o ABSOLUTE
    ../clib/angel/startup.s                  0x00000000   Number         0  __main.o ABSOLUTE
    ../clib/angel/sys.s                      0x00000000   Number         0  libspace.o ABSOLUTE
    ../clib/angel/sys.s                      0x00000000   Number         0  use_no_semi.o ABSOLUTE
    ../clib/angel/sys.s                      0x00000000   Number         0  indicate_semi.o ABSOLUTE
    ../clib/angel/sys.s                      0x00000000   Number         0  sys_stackheap_outer.o ABSOLUTE
    ../clib/angel/sysapp.c                   0x00000000   Number         0  sys_exit.o ABSOLUTE
    ../clib/angel/sysapp.c                   0x00000000   Number         0  sys_wrch.o ABSOLUTE
    ../clib/angel/sysapp.c                   0x00000000   Number         0  sys_command.o ABSOLUTE
    ../clib/armsys.c                         0x00000000   Number         0  argv_veneer.o ABSOLUTE
    ../clib/armsys.c                         0x00000000   Number         0  argv_veneer.o ABSOLUTE
    ../clib/armsys.c                         0x00000000   Number         0  _get_argv_nomalloc.o ABSOLUTE
    ../clib/armsys.c                         0x00000000   Number         0  no_argv.o ABSOLUTE
    ../clib/fenv.c                           0x00000000   Number         0  _rserrno.o ABSOLUTE
    ../clib/heapalloc.c                      0x00000000   Number         0  hrguard.o ABSOLUTE
    ../clib/heapaux.c                        0x00000000   Number         0  heapauxi.o ABSOLUTE
    ../clib/libinit.s                        0x00000000   Number         0  libshutdown2.o ABSOLUTE
    ../clib/libinit.s                        0x00000000   Number         0  libshutdown.o ABSOLUTE
    ../clib/libinit.s                        0x00000000   Number         0  libinit2.o ABSOLUTE
    ../clib/libinit.s                        0x00000000   Number         0  libinit.o ABSOLUTE
    ../clib/signal.c                         0x00000000   Number         0  defsig_segv_inner.o ABSOLUTE
    ../clib/signal.c                         0x00000000   Number         0  defsig_rtmem_formal.o ABSOLUTE
    ../clib/signal.c                         0x00000000   Number         0  defsig_abrt_inner.o ABSOLUTE
    ../clib/signal.c                         0x00000000   Number         0  defsig_pvfn_inner.o ABSOLUTE
    ../clib/signal.c                         0x00000000   Number         0  defsig_rtmem_inner.o ABSOLUTE
    ../clib/signal.c                         0x00000000   Number         0  defsig_rtmem_outer.o ABSOLUTE
    ../clib/signal.c                         0x00000000   Number         0  defsig_exit.o ABSOLUTE
    ../clib/signal.c                         0x00000000   Number         0  defsig_stak_inner.o ABSOLUTE
    ../clib/signal.c                         0x00000000   Number         0  defsig_rtred_inner.o ABSOLUTE
    ../clib/signal.c                         0x00000000   Number         0  defsig_fpe_inner.o ABSOLUTE
    ../clib/signal.c                         0x00000000   Number         0  defsig_other.o ABSOLUTE
    ../clib/signal.c                         0x00000000   Number         0  defsig_general.o ABSOLUTE
    ../clib/signal.c                         0x00000000   Number         0  __raise.o ABSOLUTE
    ../clib/signal.c                         0x00000000   Number         0  defsig_cppl_inner.o ABSOLUTE
    ../clib/signal.s                         0x00000000   Number         0  defsig.o ABSOLUTE
    ../clib/stdlib.c                         0x00000000   Number         0  exit.o ABSOLUTE
    ../fplib/daddsub.s                       0x00000000   Number         0  daddsub_clz.o ABSOLUTE
    ../fplib/dcheck1.s                       0x00000000   Number         0  dcheck1.o ABSOLUTE
    ../fplib/ddiv.s                          0x00000000   Number         0  ddiv.o ABSOLUTE
    ../fplib/dfix.s                          0x00000000   Number         0  dfix.o ABSOLUTE
    ../fplib/dflt.s                          0x00000000   Number         0  dflt_clz.o ABSOLUTE
    ../fplib/dmul.s                          0x00000000   Number         0  dmul.o ABSOLUTE
    ../fplib/dnaninf.s                       0x00000000   Number         0  dnaninf.o ABSOLUTE
    ../fplib/dretinf.s                       0x00000000   Number         0  dretinf.o ABSOLUTE
    ../fplib/fpinit.s                        0x00000000   Number         0  fpinit.o ABSOLUTE
    ../fplib/retnan.s                        0x00000000   Number         0  retnan.o ABSOLUTE
    ../fplib/scalbn.s                        0x00000000   Number         0  scalbn.o ABSOLUTE
    ../fplib/trapv.s                         0x00000000   Number         0  trapv.o ABSOLUTE
    ../fplib/usenofp.s                       0x00000000   Number         0  usenofp.o ABSOLUTE
    ../mathlib/cos_i.c                       0x00000000   Number         0  cos_i.o ABSOLUTE
    ../mathlib/dunder.c                      0x00000000   Number         0  dunder.o ABSOLUTE
    ../mathlib/fpclassify.c                  0x00000000   Number         0  fpclassify.o ABSOLUTE
    ../mathlib/poly.c                        0x00000000   Number         0  poly.o ABSOLUTE
    ../mathlib/rred.c                        0x00000000   Number         0  rred.o ABSOLUTE
    ../mathlib/sin.c                         0x00000000   Number         0  sin.o ABSOLUTE
    ../mathlib/sin.c                         0x00000000   Number         0  sin_x.o ABSOLUTE
    ../mathlib/sin_i.c                       0x00000000   Number         0  sin_i.o ABSOLUTE
    ../mathlib/sin_i.c                       0x00000000   Number         0  sin_i_x.o ABSOLUTE
    CMSIS\\core_cm3.c                        0x00000000   Number         0  core_cm3.o ABSOLUTE
    CMSIS\core_cm3.c                         0x00000000   Number         0  core_cm3.o ABSOLUTE
    CMSIS\system_stm32f10x.c                 0x00000000   Number         0  system_stm32f10x.o ABSOLUTE
    Library\common.c                         0x00000000   Number         0  common.o ABSOLUTE
    Library\crc.c                            0x00000000   Number         0  crc.o ABSOLUTE
    Library\link_slave.c                     0x00000000   Number         0  link_slave.o ABSOLUTE
    Library\pwm.c                            0x00000000   Number         0  pwm.o ABSOLUTE
    Library\self_control.c                   0x00000000   Number         0  self_control.o ABSOLUTE
    Library\uart.c                           0x00000000   Number         0  uart.o ABSOLUTE
    MAIN\main.c                              0x00000000   Number         0  main.o ABSOLUTE
    MilliG\mg_canal_level.c                  0x00000000   Number         0  mg_canal_level.o ABSOLUTE
    MilliG\mg_common.c                       0x00000000   Number         0  mg_common.o ABSOLUTE
    MilliG\mg_data_level.c                   0x00000000   Number         0  mg_data_level.o ABSOLUTE
    MilliG\mg_regs.c                         0x00000000   Number         0  mg_regs.o ABSOLUTE
    SPL\src\misc.c                           0x00000000   Number         0  misc.o ABSOLUTE
    SPL\src\stm32f10x_dma.c                  0x00000000   Number         0  stm32f10x_dma.o ABSOLUTE
    SPL\src\stm32f10x_exti.c                 0x00000000   Number         0  stm32f10x_exti.o ABSOLUTE
    SPL\src\stm32f10x_gpio.c                 0x00000000   Number         0  stm32f10x_gpio.o ABSOLUTE
    SPL\src\stm32f10x_rcc.c                  0x00000000   Number         0  stm32f10x_rcc.o ABSOLUTE
    SPL\src\stm32f10x_tim.c                  0x00000000   Number         0  stm32f10x_tim.o ABSOLUTE
    SPL\src\stm32f10x_usart.c                0x00000000   Number         0  stm32f10x_usart.o ABSOLUTE
    Services\time_service.c                  0x00000000   Number         0  time_service.o ABSOLUTE
    StartUp\startup_stm32f10x_md.s           0x00000000   Number         0  startup_stm32f10x_md.o ABSOLUTE
    dc.s                                     0x00000000   Number         0  dc.o ABSOLUTE
    RESET                                    0x08000000   Section      236  startup_stm32f10x_md.o(RESET)
    !!!main                                  0x080000ec   Section        8  __main.o(!!!main)
    !!!scatter                               0x080000f4   Section       52  __scatter.o(!!!scatter)
    !!dczerorl2                              0x08000128   Section       90  __dczerorl2.o(!!dczerorl2)
    !!handler_zi                             0x08000184   Section       28  __scatter_zi.o(!!handler_zi)
    .ARM.Collect$$libinit$$00000000          0x080001a0   Section        2  libinit.o(.ARM.Collect$$libinit$$00000000)
    .ARM.Collect$$libinit$$00000002          0x080001a2   Section        0  libinit2.o(.ARM.Collect$$libinit$$00000002)
    .ARM.Collect$$libinit$$00000004          0x080001a2   Section        0  libinit2.o(.ARM.Collect$$libinit$$00000004)
    .ARM.Collect$$libinit$$0000000A          0x080001a2   Section        0  libinit2.o(.ARM.Collect$$libinit$$0000000A)
    .ARM.Collect$$libinit$$0000000C          0x080001a2   Section        0  libinit2.o(.ARM.Collect$$libinit$$0000000C)
    .ARM.Collect$$libinit$$0000000E          0x080001a2   Section        0  libinit2.o(.ARM.Collect$$libinit$$0000000E)
    .ARM.Collect$$libinit$$00000011          0x080001a2   Section        0  libinit2.o(.ARM.Collect$$libinit$$00000011)
    .ARM.Collect$$libinit$$00000013          0x080001a2   Section        0  libinit2.o(.ARM.Collect$$libinit$$00000013)
    .ARM.Collect$$libinit$$00000015          0x080001a2   Section        0  libinit2.o(.ARM.Collect$$libinit$$00000015)
    .ARM.Collect$$libinit$$00000017          0x080001a2   Section        0  libinit2.o(.ARM.Collect$$libinit$$00000017)
    .ARM.Collect$$libinit$$00000019          0x080001a2   Section        0  libinit2.o(.ARM.Collect$$libinit$$00000019)
    .ARM.Collect$$libinit$$0000001B          0x080001a2   Section        0  libinit2.o(.ARM.Collect$$libinit$$0000001B)
    .ARM.Collect$$libinit$$0000001D          0x080001a2   Section        0  libinit2.o(.ARM.Collect$$libinit$$0000001D)
    .ARM.Collect$$libinit$$0000001F          0x080001a2   Section        0  libinit2.o(.ARM.Collect$$libinit$$0000001F)
    .ARM.Collect$$libinit$$00000021          0x080001a2   Section        0  libinit2.o(.ARM.Collect$$libinit$$00000021)
    .ARM.Collect$$libinit$$00000023          0x080001a2   Section        0  libinit2.o(.ARM.Collect$$libinit$$00000023)
    .ARM.Collect$$libinit$$00000025          0x080001a2   Section        0  libinit2.o(.ARM.Collect$$libinit$$00000025)
    .ARM.Collect$$libinit$$0000002C          0x080001a2   Section        0  libinit2.o(.ARM.Collect$$libinit$$0000002C)
    .ARM.Collect$$libinit$$0000002E          0x080001a2   Section        0  libinit2.o(.ARM.Collect$$libinit$$0000002E)
    .ARM.Collect$$libinit$$00000030          0x080001a2   Section        0  libinit2.o(.ARM.Collect$$libinit$$00000030)
    .ARM.Collect$$libinit$$00000032          0x080001a2   Section        0  libinit2.o(.ARM.Collect$$libinit$$00000032)
    .ARM.Collect$$libinit$$00000033          0x080001a2   Section        2  libinit2.o(.ARM.Collect$$libinit$$00000033)
    .ARM.Collect$$libshutdown$$00000000      0x080001a4   Section        2  libshutdown.o(.ARM.Collect$$libshutdown$$00000000)
    .ARM.Collect$$libshutdown$$00000002      0x080001a6   Section        0  libshutdown2.o(.ARM.Collect$$libshutdown$$00000002)
    .ARM.Collect$$libshutdown$$00000004      0x080001a6   Section        0  libshutdown2.o(.ARM.Collect$$libshutdown$$00000004)
    .ARM.Collect$$libshutdown$$00000007      0x080001a6   Section        0  libshutdown2.o(.ARM.Collect$$libshutdown$$00000007)
    .ARM.Collect$$libshutdown$$0000000A      0x080001a6   Section        0  libshutdown2.o(.ARM.Collect$$libshutdown$$0000000A)
    .ARM.Collect$$libshutdown$$0000000C      0x080001a6   Section        0  libshutdown2.o(.ARM.Collect$$libshutdown$$0000000C)
    .ARM.Collect$$libshutdown$$0000000F      0x080001a6   Section        0  libshutdown2.o(.ARM.Collect$$libshutdown$$0000000F)
    .ARM.Collect$$libshutdown$$00000010      0x080001a6   Section        2  libshutdown2.o(.ARM.Collect$$libshutdown$$00000010)
    .ARM.Collect$$rtentry$$00000000          0x080001a8   Section        0  __rtentry.o(.ARM.Collect$$rtentry$$00000000)
    .ARM.Collect$$rtentry$$00000002          0x080001a8   Section        0  __rtentry2.o(.ARM.Collect$$rtentry$$00000002)
    .ARM.Collect$$rtentry$$00000004          0x080001a8   Section        6  __rtentry4.o(.ARM.Collect$$rtentry$$00000004)
    .ARM.Collect$$rtentry$$00000009          0x080001ae   Section        0  __rtentry2.o(.ARM.Collect$$rtentry$$00000009)
    .ARM.Collect$$rtentry$$0000000A          0x080001ae   Section        4  __rtentry2.o(.ARM.Collect$$rtentry$$0000000A)
    .ARM.Collect$$rtentry$$0000000C          0x080001b2   Section        0  __rtentry2.o(.ARM.Collect$$rtentry$$0000000C)
    .ARM.Collect$$rtentry$$0000000D          0x080001b2   Section        8  __rtentry2.o(.ARM.Collect$$rtentry$$0000000D)
    .ARM.Collect$$rtexit$$00000000           0x080001ba   Section        2  rtexit.o(.ARM.Collect$$rtexit$$00000000)
    .ARM.Collect$$rtexit$$00000002           0x080001bc   Section        0  rtexit2.o(.ARM.Collect$$rtexit$$00000002)
    .ARM.Collect$$rtexit$$00000003           0x080001bc   Section        4  rtexit2.o(.ARM.Collect$$rtexit$$00000003)
    .ARM.Collect$$rtexit$$00000004           0x080001c0   Section        6  rtexit2.o(.ARM.Collect$$rtexit$$00000004)
    .text                                    0x080001c8   Section       64  startup_stm32f10x_md.o(.text)
    .text                                    0x08000208   Section        0  main.o(.text)
    .text                                    0x080002b4   Section        0  system_stm32f10x.o(.text)
    SetSysClockTo72                          0x080002b5   Thumb Code   214  system_stm32f10x.o(.text)
    SetSysClock                              0x0800038b   Thumb Code     8  system_stm32f10x.o(.text)
    .text                                    0x08000494   Section        0  misc.o(.text)
    .text                                    0x08000658   Section        0  stm32f10x_rcc.o(.text)
    .text                                    0x08000e78   Section        0  stm32f10x_gpio.o(.text)
    .text                                    0x080018d8   Section        0  stm32f10x_usart.o(.text)
    .text                                    0x08002678   Section        0  stm32f10x_tim.o(.text)
    TI4_Config                               0x080030fd   Thumb Code   130  stm32f10x_tim.o(.text)
    TI3_Config                               0x080031e5   Thumb Code   122  stm32f10x_tim.o(.text)
    TI2_Config                               0x080032df   Thumb Code   164  stm32f10x_tim.o(.text)
    TI1_Config                               0x0800341f   Thumb Code   108  stm32f10x_tim.o(.text)
    .text                                    0x08005dd4   Section        0  stm32f10x_dma.o(.text)
    .text                                    0x080066f4   Section        0  time_service.o(.text)
    .text                                    0x08006798   Section        0  uart.o(.text)
    initUartNvic                             0x08006799   Thumb Code    62  uart.o(.text)
    initUartParams                           0x080067d7   Thumb Code    42  uart.o(.text)
    initUartGpio                             0x08006801   Thumb Code    92  uart.o(.text)
    initUartRcc                              0x0800685d   Thumb Code   106  uart.o(.text)
    uartIrqHandler                           0x0800691f   Thumb Code   178  uart.o(.text)
    .text                                    0x08006aa8   Section        0  pwm.o(.text)
    .text                                    0x08006ce8   Section        0  heapauxi.o(.text)
    .text                                    0x08006cee   Section        0  _rserrno.o(.text)
    .text                                    0x08006d04   Section        8  rt_errno_addr_intlibspace.o(.text)
    .text                                    0x08006d0c   Section        8  libspace.o(.text)
    .text                                    0x08006d14   Section       74  sys_stackheap_outer.o(.text)
    .text                                    0x08006d5e   Section        0  exit.o(.text)
    .text                                    0x08006d70   Section        0  sys_exit.o(.text)
    .text                                    0x08006d7c   Section        2  use_no_semi.o(.text)
    .text                                    0x08006d7e   Section        0  indicate_semi.o(.text)
    i.__ARM_fpclassify                       0x08006d7e   Section        0  fpclassify.o(i.__ARM_fpclassify)
    i.__ieee754_rem_pio2                     0x08006da8   Section        0  rred.o(i.__ieee754_rem_pio2)
    i.__kernel_cos                           0x08007130   Section        0  cos_i.o(i.__kernel_cos)
    i.__kernel_poly                          0x0800722c   Section        0  poly.o(i.__kernel_poly)
    i.__kernel_sin                           0x080072d8   Section        0  sin_i.o(i.__kernel_sin)
    i.__mathlib_dbl_infnan                   0x080073c4   Section        0  dunder.o(i.__mathlib_dbl_infnan)
    i.__mathlib_dbl_invalid                  0x080073ca   Section        0  dunder.o(i.__mathlib_dbl_invalid)
    i.__mathlib_dbl_underflow                0x080073d8   Section        0  dunder.o(i.__mathlib_dbl_underflow)
    i.sin                                    0x080073e8   Section        0  sin.o(i.sin)
    x$fpl$dadd                               0x08007488   Section      336  daddsub_clz.o(x$fpl$dadd)
    _dadd1                                   0x08007499   Thumb Code     0  daddsub_clz.o(x$fpl$dadd)
    x$fpl$dcheck1                            0x080075d8   Section       16  dcheck1.o(x$fpl$dcheck1)
    x$fpl$ddiv                               0x080075e8   Section      688  ddiv.o(x$fpl$ddiv)
    ddiv_entry                               0x080075ef   Thumb Code     0  ddiv.o(x$fpl$ddiv)
    x$fpl$dfix                               0x08007898   Section       94  dfix.o(x$fpl$dfix)
    x$fpl$dflt                               0x080078f6   Section       46  dflt_clz.o(x$fpl$dflt)
    x$fpl$dfltu                              0x08007924   Section       38  dflt_clz.o(x$fpl$dfltu)
    x$fpl$dmul                               0x0800794c   Section      340  dmul.o(x$fpl$dmul)
    x$fpl$dnaninf                            0x08007aa0   Section      156  dnaninf.o(x$fpl$dnaninf)
    x$fpl$dretinf                            0x08007b3c   Section       12  dretinf.o(x$fpl$dretinf)
    x$fpl$drsb                               0x08007b48   Section       22  daddsub_clz.o(x$fpl$drsb)
    x$fpl$dsub                               0x08007b60   Section      468  daddsub_clz.o(x$fpl$dsub)
    _dsub1                                   0x08007b71   Thumb Code     0  daddsub_clz.o(x$fpl$dsub)
    x$fpl$retnan                             0x08007d34   Section      100  retnan.o(x$fpl$retnan)
    x$fpl$scalbn                             0x08007d98   Section       92  scalbn.o(x$fpl$scalbn)
    x$fpl$trapveneer                         0x08007df4   Section       48  trapv.o(x$fpl$trapveneer)
    x$fpl$usenofp                            0x08007e24   Section        0  usenofp.o(x$fpl$usenofp)
    .constdata                               0x08007e28   Section       48  cos_i.o(.constdata)
    C                                        0x08007e28   Data          48  cos_i.o(.constdata)
    .constdata                               0x08007e58   Section      200  rred.o(.constdata)
    pio2s                                    0x08007e58   Data          48  rred.o(.constdata)
    twooverpi                                0x08007e88   Data         152  rred.o(.constdata)
    .constdata                               0x08007f20   Section       40  sin_i.o(.constdata)
    S                                        0x08007f20   Data          40  sin_i.o(.constdata)
    .data                                    0x20000000   Section       20  system_stm32f10x.o(.data)
    .data                                    0x20000014   Section       20  stm32f10x_rcc.o(.data)
    APBAHBPrescTable                         0x20000014   Data          16  stm32f10x_rcc.o(.data)
    ADCPrescTable                            0x20000024   Data           4  stm32f10x_rcc.o(.data)
    .data                                    0x20000028   Section        4  time_service.o(.data)
    SystemTime                               0x20000028   Data           4  time_service.o(.data)
    .data                                    0x2000002c   Section      312  uart.o(.data)
    .data                                    0x20000164   Section      225  pwm.o(.data)
    .bss                                     0x20000248   Section       96  libspace.o(.bss)
    HEAP                                     0x200002a8   Section      512  startup_stm32f10x_md.o(HEAP)
    Heap_Mem                                 0x200002a8   Data         512  startup_stm32f10x_md.o(HEAP)
    STACK                                    0x200004a8   Section     1024  startup_stm32f10x_md.o(STACK)
    Stack_Mem                                0x200004a8   Data        1024  startup_stm32f10x_md.o(STACK)
    __initial_sp                             0x200008a8   Data           0  startup_stm32f10x_md.o(STACK)

    Global Symbols

    Symbol Name                              Value     Ov Type        Size  Object(Section)

    BuildAttributes$$THM_ISAv4$P$D$K$B$S$PE$A:L22UL41UL21$X:L11$S22US41US21$IEEE1$IW$USESV6$~STKCKD$USESV7$~SHL$OTIME$ROPI$IEEEX$EBA8$UX$STANDARDLIB$REQ8$PRES8$EABIv2 0x00000000   Number         0  anon$$obj.o ABSOLUTE
    __ARM_use_no_argv                        0x00000000   Number         0  main.o ABSOLUTE
    __ARM_exceptions_init                     - Undefined Weak Reference
    __alloca_initialize                       - Undefined Weak Reference
    __arm_preinit_                            - Undefined Weak Reference
    __cpp_initialize__aeabi_                  - Undefined Weak Reference
    __cxa_finalize                            - Undefined Weak Reference
    __rt_locale                               - Undefined Weak Reference
    __sigvec_lookup                           - Undefined Weak Reference
    _atexit_init                              - Undefined Weak Reference
    _call_atexit_fns                          - Undefined Weak Reference
    _clock_init                               - Undefined Weak Reference
    _fp_trap_init                             - Undefined Weak Reference
    _fp_trap_shutdown                         - Undefined Weak Reference
    _get_lc_collate                           - Undefined Weak Reference
    _get_lc_ctype                             - Undefined Weak Reference
    _get_lc_monetary                          - Undefined Weak Reference
    _get_lc_numeric                           - Undefined Weak Reference
    _get_lc_time                              - Undefined Weak Reference
    _getenv_init                              - Undefined Weak Reference
    _handle_redirection                       - Undefined Weak Reference
    _init_alloc                               - Undefined Weak Reference
    _init_user_alloc                          - Undefined Weak Reference
    _initio                                   - Undefined Weak Reference
    _rand_init                                - Undefined Weak Reference
    _signal_finish                            - Undefined Weak Reference
    _signal_init                              - Undefined Weak Reference
    _terminate_alloc                          - Undefined Weak Reference
    _terminate_user_alloc                     - Undefined Weak Reference
    _terminateio                              - Undefined Weak Reference
    __Vectors_Size                           0x000000ec   Number         0  startup_stm32f10x_md.o ABSOLUTE
    __Vectors                                0x08000000   Data           4  startup_stm32f10x_md.o(RESET)
    __Vectors_End                            0x080000ec   Data           0  startup_stm32f10x_md.o(RESET)
    __main                                   0x080000ed   Thumb Code     8  __main.o(!!!main)
    __scatterload                            0x080000f5   Thumb Code     0  __scatter.o(!!!scatter)
    __scatterload_rt2                        0x080000f5   Thumb Code    44  __scatter.o(!!!scatter)
    __scatterload_rt2_thumb_only             0x080000f5   Thumb Code     0  __scatter.o(!!!scatter)
    __scatterload_null                       0x08000103   Thumb Code     0  __scatter.o(!!!scatter)
    __decompress                             0x08000129   Thumb Code    90  __dczerorl2.o(!!dczerorl2)
    __decompress1                            0x08000129   Thumb Code     0  __dczerorl2.o(!!dczerorl2)
    __scatterload_zeroinit                   0x08000185   Thumb Code    28  __scatter_zi.o(!!handler_zi)
    __rt_lib_init                            0x080001a1   Thumb Code     0  libinit.o(.ARM.Collect$$libinit$$00000000)
    __rt_lib_init_alloca_1                   0x080001a3   Thumb Code     0  libinit2.o(.ARM.Collect$$libinit$$0000002E)
    __rt_lib_init_argv_1                     0x080001a3   Thumb Code     0  libinit2.o(.ARM.Collect$$libinit$$0000002C)
    __rt_lib_init_atexit_1                   0x080001a3   Thumb Code     0  libinit2.o(.ARM.Collect$$libinit$$0000001B)
    __rt_lib_init_clock_1                    0x080001a3   Thumb Code     0  libinit2.o(.ARM.Collect$$libinit$$00000021)
    __rt_lib_init_cpp_1                      0x080001a3   Thumb Code     0  libinit2.o(.ARM.Collect$$libinit$$00000032)
    __rt_lib_init_exceptions_1               0x080001a3   Thumb Code     0  libinit2.o(.ARM.Collect$$libinit$$00000030)
    __rt_lib_init_fp_1                       0x080001a3   Thumb Code     0  libinit2.o(.ARM.Collect$$libinit$$00000002)
    __rt_lib_init_fp_trap_1                  0x080001a3   Thumb Code     0  libinit2.o(.ARM.Collect$$libinit$$0000001F)
    __rt_lib_init_getenv_1                   0x080001a3   Thumb Code     0  libinit2.o(.ARM.Collect$$libinit$$00000023)
    __rt_lib_init_heap_1                     0x080001a3   Thumb Code     0  libinit2.o(.ARM.Collect$$libinit$$0000000A)
    __rt_lib_init_lc_collate_1               0x080001a3   Thumb Code     0  libinit2.o(.ARM.Collect$$libinit$$00000011)
    __rt_lib_init_lc_ctype_1                 0x080001a3   Thumb Code     0  libinit2.o(.ARM.Collect$$libinit$$00000013)
    __rt_lib_init_lc_monetary_1              0x080001a3   Thumb Code     0  libinit2.o(.ARM.Collect$$libinit$$00000015)
    __rt_lib_init_lc_numeric_1               0x080001a3   Thumb Code     0  libinit2.o(.ARM.Collect$$libinit$$00000017)
    __rt_lib_init_lc_time_1                  0x080001a3   Thumb Code     0  libinit2.o(.ARM.Collect$$libinit$$00000019)
    __rt_lib_init_preinit_1                  0x080001a3   Thumb Code     0  libinit2.o(.ARM.Collect$$libinit$$00000004)
    __rt_lib_init_rand_1                     0x080001a3   Thumb Code     0  libinit2.o(.ARM.Collect$$libinit$$0000000E)
    __rt_lib_init_return                     0x080001a3   Thumb Code     0  libinit2.o(.ARM.Collect$$libinit$$00000033)
    __rt_lib_init_signal_1                   0x080001a3   Thumb Code     0  libinit2.o(.ARM.Collect$$libinit$$0000001D)
    __rt_lib_init_stdio_1                    0x080001a3   Thumb Code     0  libinit2.o(.ARM.Collect$$libinit$$00000025)
    __rt_lib_init_user_alloc_1               0x080001a3   Thumb Code     0  libinit2.o(.ARM.Collect$$libinit$$0000000C)
    __rt_lib_shutdown                        0x080001a5   Thumb Code     0  libshutdown.o(.ARM.Collect$$libshutdown$$00000000)
    __rt_lib_shutdown_cpp_1                  0x080001a7   Thumb Code     0  libshutdown2.o(.ARM.Collect$$libshutdown$$00000002)
    __rt_lib_shutdown_fp_trap_1              0x080001a7   Thumb Code     0  libshutdown2.o(.ARM.Collect$$libshutdown$$00000007)
    __rt_lib_shutdown_heap_1                 0x080001a7   Thumb Code     0  libshutdown2.o(.ARM.Collect$$libshutdown$$0000000F)
    __rt_lib_shutdown_return                 0x080001a7   Thumb Code     0  libshutdown2.o(.ARM.Collect$$libshutdown$$00000010)
    __rt_lib_shutdown_signal_1               0x080001a7   Thumb Code     0  libshutdown2.o(.ARM.Collect$$libshutdown$$0000000A)
    __rt_lib_shutdown_stdio_1                0x080001a7   Thumb Code     0  libshutdown2.o(.ARM.Collect$$libshutdown$$00000004)
    __rt_lib_shutdown_user_alloc_1           0x080001a7   Thumb Code     0  libshutdown2.o(.ARM.Collect$$libshutdown$$0000000C)
    __rt_entry                               0x080001a9   Thumb Code     0  __rtentry.o(.ARM.Collect$$rtentry$$00000000)
    __rt_entry_presh_1                       0x080001a9   Thumb Code     0  __rtentry2.o(.ARM.Collect$$rtentry$$00000002)
    __rt_entry_sh                            0x080001a9   Thumb Code     0  __rtentry4.o(.ARM.Collect$$rtentry$$00000004)
    __rt_entry_li                            0x080001af   Thumb Code     0  __rtentry2.o(.ARM.Collect$$rtentry$$0000000A)
    __rt_entry_postsh_1                      0x080001af   Thumb Code     0  __rtentry2.o(.ARM.Collect$$rtentry$$00000009)
    __rt_entry_main                          0x080001b3   Thumb Code     0  __rtentry2.o(.ARM.Collect$$rtentry$$0000000D)
    __rt_entry_postli_1                      0x080001b3   Thumb Code     0  __rtentry2.o(.ARM.Collect$$rtentry$$0000000C)
    __rt_exit                                0x080001bb   Thumb Code     0  rtexit.o(.ARM.Collect$$rtexit$$00000000)
    __rt_exit_ls                             0x080001bd   Thumb Code     0  rtexit2.o(.ARM.Collect$$rtexit$$00000003)
    __rt_exit_prels_1                        0x080001bd   Thumb Code     0  rtexit2.o(.ARM.Collect$$rtexit$$00000002)
    __rt_exit_exit                           0x080001c1   Thumb Code     0  rtexit2.o(.ARM.Collect$$rtexit$$00000004)
    Reset_Handler                            0x080001c9   Thumb Code     8  startup_stm32f10x_md.o(.text)
    NMI_Handler                              0x080001d1   Thumb Code     2  startup_stm32f10x_md.o(.text)
    HardFault_Handler                        0x080001d3   Thumb Code     2  startup_stm32f10x_md.o(.text)
    MemManage_Handler                        0x080001d5   Thumb Code     2  startup_stm32f10x_md.o(.text)
    BusFault_Handler                         0x080001d7   Thumb Code     2  startup_stm32f10x_md.o(.text)
    UsageFault_Handler                       0x080001d9   Thumb Code     2  startup_stm32f10x_md.o(.text)
    SVC_Handler                              0x080001db   Thumb Code     2  startup_stm32f10x_md.o(.text)
    DebugMon_Handler                         0x080001dd   Thumb Code     2  startup_stm32f10x_md.o(.text)
    PendSV_Handler                           0x080001df   Thumb Code     2  startup_stm32f10x_md.o(.text)
    ADC1_2_IRQHandler                        0x080001e3   Thumb Code     0  startup_stm32f10x_md.o(.text)
    CAN1_RX1_IRQHandler                      0x080001e3   Thumb Code     0  startup_stm32f10x_md.o(.text)
    CAN1_SCE_IRQHandler                      0x080001e3   Thumb Code     0  startup_stm32f10x_md.o(.text)
    DMA1_Channel1_IRQHandler                 0x080001e3   Thumb Code     0  startup_stm32f10x_md.o(.text)
    DMA1_Channel2_IRQHandler                 0x080001e3   Thumb Code     0  startup_stm32f10x_md.o(.text)
    DMA1_Channel3_IRQHandler                 0x080001e3   Thumb Code     0  startup_stm32f10x_md.o(.text)
    DMA1_Channel4_IRQHandler                 0x080001e3   Thumb Code     0  startup_stm32f10x_md.o(.text)
    DMA1_Channel5_IRQHandler                 0x080001e3   Thumb Code     0  startup_stm32f10x_md.o(.text)
    DMA1_Channel6_IRQHandler                 0x080001e3   Thumb Code     0  startup_stm32f10x_md.o(.text)
    DMA1_Channel7_IRQHandler                 0x080001e3   Thumb Code     0  startup_stm32f10x_md.o(.text)
    EXTI0_IRQHandler                         0x080001e3   Thumb Code     0  startup_stm32f10x_md.o(.text)
    EXTI15_10_IRQHandler                     0x080001e3   Thumb Code     0  startup_stm32f10x_md.o(.text)
    EXTI1_IRQHandler                         0x080001e3   Thumb Code     0  startup_stm32f10x_md.o(.text)
    EXTI2_IRQHandler                         0x080001e3   Thumb Code     0  startup_stm32f10x_md.o(.text)
    EXTI3_IRQHandler                         0x080001e3   Thumb Code     0  startup_stm32f10x_md.o(.text)
    EXTI4_IRQHandler                         0x080001e3   Thumb Code     0  startup_stm32f10x_md.o(.text)
    EXTI9_5_IRQHandler                       0x080001e3   Thumb Code     0  startup_stm32f10x_md.o(.text)
    FLASH_IRQHandler                         0x080001e3   Thumb Code     0  startup_stm32f10x_md.o(.text)
    I2C1_ER_IRQHandler                       0x080001e3   Thumb Code     0  startup_stm32f10x_md.o(.text)
    I2C1_EV_IRQHandler                       0x080001e3   Thumb Code     0  startup_stm32f10x_md.o(.text)
    I2C2_ER_IRQHandler                       0x080001e3   Thumb Code     0  startup_stm32f10x_md.o(.text)
    I2C2_EV_IRQHandler                       0x080001e3   Thumb Code     0  startup_stm32f10x_md.o(.text)
    PVD_IRQHandler                           0x080001e3   Thumb Code     0  startup_stm32f10x_md.o(.text)
    RCC_IRQHandler                           0x080001e3   Thumb Code     0  startup_stm32f10x_md.o(.text)
    RTCAlarm_IRQHandler                      0x080001e3   Thumb Code     0  startup_stm32f10x_md.o(.text)
    RTC_IRQHandler                           0x080001e3   Thumb Code     0  startup_stm32f10x_md.o(.text)
    SPI1_IRQHandler                          0x080001e3   Thumb Code     0  startup_stm32f10x_md.o(.text)
    SPI2_IRQHandler                          0x080001e3   Thumb Code     0  startup_stm32f10x_md.o(.text)
    TAMPER_IRQHandler                        0x080001e3   Thumb Code     0  startup_stm32f10x_md.o(.text)
    TIM1_BRK_IRQHandler                      0x080001e3   Thumb Code     0  startup_stm32f10x_md.o(.text)
    TIM1_CC_IRQHandler                       0x080001e3   Thumb Code     0  startup_stm32f10x_md.o(.text)
    TIM1_TRG_COM_IRQHandler                  0x080001e3   Thumb Code     0  startup_stm32f10x_md.o(.text)
    TIM1_UP_IRQHandler                       0x080001e3   Thumb Code     0  startup_stm32f10x_md.o(.text)
    TIM2_IRQHandler                          0x080001e3   Thumb Code     0  startup_stm32f10x_md.o(.text)
    TIM4_IRQHandler                          0x080001e3   Thumb Code     0  startup_stm32f10x_md.o(.text)
    USART1_IRQHandler                        0x080001e3   Thumb Code     0  startup_stm32f10x_md.o(.text)
    USART3_IRQHandler                        0x080001e3   Thumb Code     0  startup_stm32f10x_md.o(.text)
    USBWakeUp_IRQHandler                     0x080001e3   Thumb Code     0  startup_stm32f10x_md.o(.text)
    USB_HP_CAN1_TX_IRQHandler                0x080001e3   Thumb Code     0  startup_stm32f10x_md.o(.text)
    USB_LP_CAN1_RX0_IRQHandler               0x080001e3   Thumb Code     0  startup_stm32f10x_md.o(.text)
    WWDG_IRQHandler                          0x080001e3   Thumb Code     0  startup_stm32f10x_md.o(.text)
    __user_initial_stackheap                 0x080001e5   Thumb Code     0  startup_stm32f10x_md.o(.text)
    Blink                                    0x08000209   Thumb Code    62  main.o(.text)
    OutputMCO                                0x08000247   Thumb Code    38  main.o(.text)
    main                                     0x0800026d   Thumb Code    54  main.o(.text)
    assert_failed                            0x080002a3   Thumb Code     4  main.o(.text)
    SystemInit                               0x08000393   Thumb Code    78  system_stm32f10x.o(.text)
    SystemCoreClockUpdate                    0x080003e1   Thumb Code   142  system_stm32f10x.o(.text)
    NVIC_PriorityGroupConfig                 0x08000495   Thumb Code    54  misc.o(.text)
    NVIC_Init                                0x080004cb   Thumb Code   158  misc.o(.text)
    NVIC_SetVectorTable                      0x08000569   Thumb Code    60  misc.o(.text)
    NVIC_SystemLPConfig                      0x080005a5   Thumb Code    78  misc.o(.text)
    SysTick_CLKSourceConfig                  0x080005f3   Thumb Code    62  misc.o(.text)
    RCC_DeInit                               0x08000659   Thumb Code    64  stm32f10x_rcc.o(.text)
    RCC_HSEConfig                            0x08000699   Thumb Code   100  stm32f10x_rcc.o(.text)
    RCC_GetFlagStatus                        0x080006fd   Thumb Code   118  stm32f10x_rcc.o(.text)
    RCC_WaitForHSEStartUp                    0x08000773   Thumb Code    56  stm32f10x_rcc.o(.text)
    RCC_AdjustHSICalibrationValue            0x080007ab   Thumb Code    38  stm32f10x_rcc.o(.text)
    RCC_HSICmd                               0x080007d1   Thumb Code    28  stm32f10x_rcc.o(.text)
    RCC_PLLConfig                            0x080007ed   Thumb Code   152  stm32f10x_rcc.o(.text)
    RCC_PLLCmd                               0x08000885   Thumb Code    28  stm32f10x_rcc.o(.text)
    RCC_SYSCLKConfig                         0x080008a1   Thumb Code    42  stm32f10x_rcc.o(.text)
    RCC_GetSYSCLKSource                      0x080008cb   Thumb Code    10  stm32f10x_rcc.o(.text)
    RCC_HCLKConfig                           0x080008d5   Thumb Code    66  stm32f10x_rcc.o(.text)
    RCC_PCLK1Config                          0x08000917   Thumb Code    58  stm32f10x_rcc.o(.text)
    RCC_PCLK2Config                          0x08000951   Thumb Code    60  stm32f10x_rcc.o(.text)
    RCC_ITConfig                             0x0800098d   Thumb Code    70  stm32f10x_rcc.o(.text)
    RCC_USBCLKConfig                         0x080009d3   Thumb Code    30  stm32f10x_rcc.o(.text)
    RCC_ADCCLKConfig                         0x080009f1   Thumb Code    52  stm32f10x_rcc.o(.text)
    RCC_LSEConfig                            0x08000a25   Thumb Code   114  stm32f10x_rcc.o(.text)
    RCC_LSICmd                               0x08000a97   Thumb Code    30  stm32f10x_rcc.o(.text)
    RCC_RTCCLKConfig                         0x08000ab5   Thumb Code    52  stm32f10x_rcc.o(.text)
    RCC_RTCCLKCmd                            0x08000ae9   Thumb Code    32  stm32f10x_rcc.o(.text)
    RCC_GetClocksFreq                        0x08000b09   Thumb Code   208  stm32f10x_rcc.o(.text)
    RCC_AHBPeriphClockCmd                    0x08000bd9   Thumb Code    86  stm32f10x_rcc.o(.text)
    RCC_APB2PeriphClockCmd                   0x08000c2f   Thumb Code    82  stm32f10x_rcc.o(.text)
    RCC_APB1PeriphClockCmd                   0x08000c81   Thumb Code    82  stm32f10x_rcc.o(.text)
    RCC_APB2PeriphResetCmd                   0x08000cd3   Thumb Code    82  stm32f10x_rcc.o(.text)
    RCC_APB1PeriphResetCmd                   0x08000d25   Thumb Code    82  stm32f10x_rcc.o(.text)
    RCC_BackupResetCmd                       0x08000d77   Thumb Code    32  stm32f10x_rcc.o(.text)
    RCC_ClockSecuritySystemCmd               0x08000d97   Thumb Code    30  stm32f10x_rcc.o(.text)
    RCC_MCOConfig                            0x08000db5   Thumb Code    44  stm32f10x_rcc.o(.text)
    RCC_ClearFlag                            0x08000de1   Thumb Code    18  stm32f10x_rcc.o(.text)
    RCC_GetITStatus                          0x08000df3   Thumb Code    64  stm32f10x_rcc.o(.text)
    RCC_ClearITPendingBit                    0x08000e33   Thumb Code    34  stm32f10x_rcc.o(.text)
    GPIO_DeInit                              0x08000e79   Thumb Code   224  stm32f10x_gpio.o(.text)
    GPIO_AFIODeInit                          0x08000f59   Thumb Code    20  stm32f10x_gpio.o(.text)
    GPIO_Init                                0x08000f6d   Thumb Code   378  stm32f10x_gpio.o(.text)
    GPIO_StructInit                          0x080010e7   Thumb Code    16  stm32f10x_gpio.o(.text)
    GPIO_ReadInputDataBit                    0x080010f7   Thumb Code   170  stm32f10x_gpio.o(.text)
    GPIO_ReadInputData                       0x080011a1   Thumb Code    64  stm32f10x_gpio.o(.text)
    GPIO_ReadOutputDataBit                   0x080011e1   Thumb Code   228  stm32f10x_gpio.o(.text)
    GPIO_ReadOutputData                      0x080012c5   Thumb Code    66  stm32f10x_gpio.o(.text)
    GPIO_SetBits                             0x08001307   Thumb Code    86  stm32f10x_gpio.o(.text)
    GPIO_ResetBits                           0x0800135d   Thumb Code    86  stm32f10x_gpio.o(.text)
    GPIO_WriteBit                            0x080013b3   Thumb Code   188  stm32f10x_gpio.o(.text)
    GPIO_Write                               0x0800146f   Thumb Code    66  stm32f10x_gpio.o(.text)
    GPIO_PinLockConfig                       0x080014b1   Thumb Code   100  stm32f10x_gpio.o(.text)
    GPIO_EventOutputConfig                   0x08001515   Thumb Code   138  stm32f10x_gpio.o(.text)
    GPIO_EventOutputCmd                      0x0800159f   Thumb Code    30  stm32f10x_gpio.o(.text)
    GPIO_PinRemapConfig                      0x080015bd   Thumb Code   552  stm32f10x_gpio.o(.text)
    GPIO_EXTILineConfig                      0x080017e5   Thumb Code   186  stm32f10x_gpio.o(.text)
    GPIO_ETH_MediaInterfaceConfig            0x0800189f   Thumb Code    30  stm32f10x_gpio.o(.text)
    USART_DeInit                             0x080018d9   Thumb Code   174  stm32f10x_usart.o(.text)
    USART_Init                               0x08001987   Thumb Code   450  stm32f10x_usart.o(.text)
    USART_StructInit                         0x08001b49   Thumb Code    24  stm32f10x_usart.o(.text)
    USART_ClockInit                          0x08001b61   Thumb Code   162  stm32f10x_usart.o(.text)
    USART_ClockStructInit                    0x08001c03   Thumb Code    12  stm32f10x_usart.o(.text)
    USART_Cmd                                0x08001c0f   Thumb Code    90  stm32f10x_usart.o(.text)
    USART_ITConfig                           0x08001c69   Thumb Code   308  stm32f10x_usart.o(.text)
    USART_DMACmd                             0x08001d9d   Thumb Code   114  stm32f10x_usart.o(.text)
    USART_SetAddress                         0x08001e0f   Thumb Code    86  stm32f10x_usart.o(.text)
    USART_WakeUpConfig                       0x08001e65   Thumb Code    90  stm32f10x_usart.o(.text)
    USART_ReceiverWakeUpCmd                  0x08001ebf   Thumb Code    94  stm32f10x_usart.o(.text)
    USART_LINBreakDetectLengthConfig         0x08001f1d   Thumb Code    88  stm32f10x_usart.o(.text)
    USART_LINCmd                             0x08001f75   Thumb Code    94  stm32f10x_usart.o(.text)
    USART_SendData                           0x08001fd3   Thumb Code    78  stm32f10x_usart.o(.text)
    USART_ReceiveData                        0x08002021   Thumb Code    56  stm32f10x_usart.o(.text)
    USART_SendBreak                          0x08002059   Thumb Code    58  stm32f10x_usart.o(.text)
    USART_SetGuardTime                       0x08002093   Thumb Code    54  stm32f10x_usart.o(.text)
    USART_SetPrescaler                       0x080020c9   Thumb Code    66  stm32f10x_usart.o(.text)
    USART_SmartCardCmd                       0x0800210b   Thumb Code   102  stm32f10x_usart.o(.text)
    USART_SmartCardNACKCmd                   0x08002171   Thumb Code    82  stm32f10x_usart.o(.text)
    USART_HalfDuplexCmd                      0x080021c3   Thumb Code    94  stm32f10x_usart.o(.text)
    USART_OverSampling8Cmd                   0x08002221   Thumb Code    92  stm32f10x_usart.o(.text)
    USART_OneBitMethodCmd                    0x0800227d   Thumb Code    94  stm32f10x_usart.o(.text)
    USART_IrDAConfig                         0x080022db   Thumb Code    88  stm32f10x_usart.o(.text)
    USART_IrDACmd                            0x08002333   Thumb Code    94  stm32f10x_usart.o(.text)
    USART_GetFlagStatus                      0x08002391   Thumb Code   164  stm32f10x_usart.o(.text)
    USART_ClearFlag                          0x08002435   Thumb Code   122  stm32f10x_usart.o(.text)
    USART_GetITStatus                        0x080024af   Thumb Code   280  stm32f10x_usart.o(.text)
    USART_ClearITPendingBit                  0x080025c7   Thumb Code   158  stm32f10x_usart.o(.text)
    TIM_DeInit                               0x08002679   Thumb Code   536  stm32f10x_tim.o(.text)
    TIM_TimeBaseInit                         0x08002891   Thumb Code   308  stm32f10x_tim.o(.text)
    TIM_OC1Init                              0x080029c5   Thumb Code   540  stm32f10x_tim.o(.text)
    TIM_OC2Init                              0x08002be1   Thumb Code   438  stm32f10x_tim.o(.text)
    TIM_OC3Init                              0x08002d97   Thumb Code   458  stm32f10x_tim.o(.text)
    TIM_OC4Init                              0x08002f61   Thumb Code   302  stm32f10x_tim.o(.text)
    TIM_SetIC4Prescaler                      0x0800308f   Thumb Code   110  stm32f10x_tim.o(.text)
    TIM_SetIC3Prescaler                      0x0800317f   Thumb Code   102  stm32f10x_tim.o(.text)
    TIM_SetIC2Prescaler                      0x0800325f   Thumb Code   128  stm32f10x_tim.o(.text)
    TIM_SetIC1Prescaler                      0x08003383   Thumb Code   156  stm32f10x_tim.o(.text)
    TIM_ICInit                               0x0800348b   Thumb Code   602  stm32f10x_tim.o(.text)
    TIM_PWMIConfig                           0x080036e5   Thumb Code   250  stm32f10x_tim.o(.text)
    TIM_BDTRConfig                           0x080037df   Thumb Code   254  stm32f10x_tim.o(.text)
    TIM_TimeBaseStructInit                   0x080038dd   Thumb Code    18  stm32f10x_tim.o(.text)
    TIM_OCStructInit                         0x080038ef   Thumb Code    20  stm32f10x_tim.o(.text)
    TIM_ICStructInit                         0x08003903   Thumb Code    18  stm32f10x_tim.o(.text)
    TIM_BDTRStructInit                       0x08003915   Thumb Code    18  stm32f10x_tim.o(.text)
    TIM_Cmd                                  0x08003927   Thumb Code   166  stm32f10x_tim.o(.text)
    TIM_CtrlPWMOutputs                       0x080039cd   Thumb Code   100  stm32f10x_tim.o(.text)
    TIM_ITConfig                             0x08003a31   Thumb Code   178  stm32f10x_tim.o(.text)
    TIM_GenerateEvent                        0x08003ae3   Thumb Code   144  stm32f10x_tim.o(.text)
    TIM_DMAConfig                            0x08003b73   Thumb Code   358  stm32f10x_tim.o(.text)
    TIM_DMACmd                               0x08003cd9   Thumb Code   144  stm32f10x_tim.o(.text)
    TIM_InternalClockConfig                  0x08003d69   Thumb Code    82  stm32f10x_tim.o(.text)
    TIM_SelectInputTrigger                   0x08003dbb   Thumb Code   130  stm32f10x_tim.o(.text)
    TIM_ITRxExternalClockConfig              0x08003e3d   Thumb Code   116  stm32f10x_tim.o(.text)
    TIM_TIxExternalClockConfig               0x08003eb1   Thumb Code   186  stm32f10x_tim.o(.text)
    TIM_ETRConfig                            0x08003f6b   Thumb Code   164  stm32f10x_tim.o(.text)
    TIM_ETRClockMode1Config                  0x0800400f   Thumb Code   226  stm32f10x_tim.o(.text)
    TIM_ETRClockMode2Config                  0x080040f1   Thumb Code   152  stm32f10x_tim.o(.text)
    TIM_PrescalerConfig                      0x08004189   Thumb Code   146  stm32f10x_tim.o(.text)
    TIM_CounterModeConfig                    0x0800421b   Thumb Code   100  stm32f10x_tim.o(.text)
    TIM_EncoderInterfaceConfig               0x0800427f   Thumb Code   212  stm32f10x_tim.o(.text)
    TIM_ForcedOC1Config                      0x08004353   Thumb Code   144  stm32f10x_tim.o(.text)
    TIM_ForcedOC2Config                      0x080043e3   Thumb Code   116  stm32f10x_tim.o(.text)
    TIM_ForcedOC3Config                      0x08004457   Thumb Code   160  stm32f10x_tim.o(.text)
    TIM_ForcedOC4Config                      0x080044f7   Thumb Code    98  stm32f10x_tim.o(.text)
    TIM_ARRPreloadConfig                     0x08004559   Thumb Code   162  stm32f10x_tim.o(.text)
    TIM_SelectCOM                            0x080045fb   Thumb Code    90  stm32f10x_tim.o(.text)
    TIM_SelectCCDMA                          0x08004655   Thumb Code   114  stm32f10x_tim.o(.text)
    TIM_CCPreloadControl                     0x080046c7   Thumb Code   102  stm32f10x_tim.o(.text)
    TIM_OC1PreloadConfig                     0x0800472d   Thumb Code   142  stm32f10x_tim.o(.text)
    TIM_OC2PreloadConfig                     0x080047bb   Thumb Code   114  stm32f10x_tim.o(.text)
    TIM_OC3PreloadConfig                     0x0800482d   Thumb Code    88  stm32f10x_tim.o(.text)
    TIM_OC4PreloadConfig                     0x08004885   Thumb Code   166  stm32f10x_tim.o(.text)
    TIM_OC1FastConfig                        0x0800492b   Thumb Code   142  stm32f10x_tim.o(.text)
    TIM_OC2FastConfig                        0x080049b9   Thumb Code   114  stm32f10x_tim.o(.text)
    TIM_OC3FastConfig                        0x08004a2b   Thumb Code    88  stm32f10x_tim.o(.text)
    TIM_OC4FastConfig                        0x08004a83   Thumb Code    96  stm32f10x_tim.o(.text)
    TIM_ClearOC1Ref                          0x08004ae3   Thumb Code    88  stm32f10x_tim.o(.text)
    TIM_ClearOC2Ref                          0x08004b3b   Thumb Code    94  stm32f10x_tim.o(.text)
    TIM_ClearOC3Ref                          0x08004b99   Thumb Code    88  stm32f10x_tim.o(.text)
    TIM_ClearOC4Ref                          0x08004bf1   Thumb Code    94  stm32f10x_tim.o(.text)
    TIM_OC1PolarityConfig                    0x08004c4f   Thumb Code   202  stm32f10x_tim.o(.text)
    TIM_OC1NPolarityConfig                   0x08004d19   Thumb Code    82  stm32f10x_tim.o(.text)
    TIM_OC2PolarityConfig                    0x08004d6b   Thumb Code   114  stm32f10x_tim.o(.text)
    TIM_OC2NPolarityConfig                   0x08004ddd   Thumb Code    72  stm32f10x_tim.o(.text)
    TIM_OC3PolarityConfig                    0x08004e25   Thumb Code    96  stm32f10x_tim.o(.text)
    TIM_OC3NPolarityConfig                   0x08004e85   Thumb Code    72  stm32f10x_tim.o(.text)
    TIM_OC4PolarityConfig                    0x08004ecd   Thumb Code    96  stm32f10x_tim.o(.text)
    TIM_CCxCmd                               0x08004f2d   Thumb Code   186  stm32f10x_tim.o(.text)
    TIM_CCxNCmd                              0x08004fe7   Thumb Code   122  stm32f10x_tim.o(.text)
    TIM_SelectOCxM                           0x08005061   Thumb Code   326  stm32f10x_tim.o(.text)
    TIM_UpdateDisableConfig                  0x080051a7   Thumb Code   162  stm32f10x_tim.o(.text)
    TIM_UpdateRequestConfig                  0x08005249   Thumb Code   162  stm32f10x_tim.o(.text)
    TIM_SelectHallSensor                     0x080052eb   Thumb Code   114  stm32f10x_tim.o(.text)
    TIM_SelectOnePulseMode                   0x0800535d   Thumb Code   156  stm32f10x_tim.o(.text)
    TIM_SelectOutputTrigger                  0x080053f9   Thumb Code   144  stm32f10x_tim.o(.text)
    TIM_SelectSlaveMode                      0x08005489   Thumb Code   118  stm32f10x_tim.o(.text)
    TIM_SelectMasterSlaveMode                0x080054ff   Thumb Code   176  stm32f10x_tim.o(.text)
    TIM_SetCounter                           0x080055af   Thumb Code   124  stm32f10x_tim.o(.text)
    TIM_SetAutoreload                        0x0800562b   Thumb Code   124  stm32f10x_tim.o(.text)
    TIM_SetCompare1                          0x080056a7   Thumb Code   112  stm32f10x_tim.o(.text)
    TIM_SetCompare2                          0x08005717   Thumb Code    76  stm32f10x_tim.o(.text)
    TIM_SetCompare3                          0x08005763   Thumb Code    58  stm32f10x_tim.o(.text)
    TIM_SetCompare4                          0x0800579d   Thumb Code    60  stm32f10x_tim.o(.text)
    TIM_SetClockDivision                     0x080057d9   Thumb Code   152  stm32f10x_tim.o(.text)
    TIM_GetCapture1                          0x08005871   Thumb Code   110  stm32f10x_tim.o(.text)
    TIM_GetCapture2                          0x080058df   Thumb Code    74  stm32f10x_tim.o(.text)
    TIM_GetCapture3                          0x08005929   Thumb Code   124  stm32f10x_tim.o(.text)
    TIM_GetCapture4                          0x080059a5   Thumb Code    58  stm32f10x_tim.o(.text)
    TIM_GetCounter                           0x080059df   Thumb Code   122  stm32f10x_tim.o(.text)
    TIM_GetPrescaler                         0x08005a59   Thumb Code   122  stm32f10x_tim.o(.text)
    TIM_GetFlagStatus                        0x08005ad3   Thumb Code   206  stm32f10x_tim.o(.text)
    TIM_ClearFlag                            0x08005ba1   Thumb Code   146  stm32f10x_tim.o(.text)
    TIM_GetITStatus                          0x08005c33   Thumb Code   204  stm32f10x_tim.o(.text)
    TIM_ClearITPendingBit                    0x08005cff   Thumb Code   214  stm32f10x_tim.o(.text)
    DMA_DeInit                               0x08005dd5   Thumb Code   430  stm32f10x_dma.o(.text)
    DMA_Init                                 0x08005f83   Thumb Code   388  stm32f10x_dma.o(.text)
    DMA_StructInit                           0x08006107   Thumb Code    26  stm32f10x_dma.o(.text)
    DMA_Cmd                                  0x08006121   Thumb Code   184  stm32f10x_dma.o(.text)
    DMA_ITConfig                             0x080061d9   Thumb Code   174  stm32f10x_dma.o(.text)
    DMA_SetCurrDataCounter                   0x08006287   Thumb Code   116  stm32f10x_dma.o(.text)
    DMA_GetCurrDataCounter                   0x080062fb   Thumb Code   116  stm32f10x_dma.o(.text)
    DMA_GetFlagStatus                        0x0800636f   Thumb Code   346  stm32f10x_dma.o(.text)
    DMA_ClearFlag                            0x080064c9   Thumb Code    54  stm32f10x_dma.o(.text)
    DMA_GetITStatus                          0x080064ff   Thumb Code   396  stm32f10x_dma.o(.text)
    DMA_ClearITPendingBit                    0x0800668b   Thumb Code    52  stm32f10x_dma.o(.text)
    InitTimeService                          0x080066f5   Thumb Code   104  time_service.o(.text)
    SysTick_Handler                          0x0800675d   Thumb Code    12  time_service.o(.text)
    GetSystemTime                            0x08006769   Thumb Code     6  time_service.o(.text)
    Delay                                    0x0800676f   Thumb Code    26  time_service.o(.text)
    InitUart                                 0x080068c7   Thumb Code    76  uart.o(.text)
    UartDelay                                0x08006913   Thumb Code    12  uart.o(.text)
    USART2_IRQHandler                        0x080069d1   Thumb Code    10  uart.o(.text)
    GetByteFromUart                          0x080069db   Thumb Code    64  uart.o(.text)
    IsNewDataInUart                          0x08006a1b   Thumb Code    16  uart.o(.text)
    SendDataToUart                           0x08006a2b   Thumb Code    36  uart.o(.text)
    EnableUartReceive                        0x08006a4f   Thumb Code    28  uart.o(.text)
    DisableUartReceive                       0x08006a6b   Thumb Code    14  uart.o(.text)
    TxCallbackDefault                        0x08006a79   Thumb Code     2  uart.o(.text)
    RxOvrHandlerDefault                      0x08006a7b   Thumb Code     2  uart.o(.text)
    RxCallbackDefault                        0x08006a7d   Thumb Code     2  uart.o(.text)
    initTimParams                            0x08006aa9   Thumb Code   114  pwm.o(.text)
    initTimDma                               0x08006b1b   Thumb Code    76  pwm.o(.text)
    initTimGpio                              0x08006b67   Thumb Code    32  pwm.o(.text)
    initTimRcc                               0x08006b87   Thumb Code    78  pwm.o(.text)
    InitTimer                                0x08006bd5   Thumb Code    30  pwm.o(.text)
    initTimNvic                              0x08006bf3   Thumb Code    76  pwm.o(.text)
    setCH1                                   0x08006c3f   Thumb Code    14  pwm.o(.text)
    resetCH1                                 0x08006c4d   Thumb Code    14  pwm.o(.text)
    SinSign                                  0x08006c5b   Thumb Code    32  pwm.o(.text)
    SinTrian                                 0x08006c7b   Thumb Code    32  pwm.o(.text)
    timIrqHandler                            0x08006c9b   Thumb Code    14  pwm.o(.text)
    TIM3_IRQHandler                          0x08006ca9   Thumb Code    10  pwm.o(.text)
    __use_two_region_memory                  0x08006ce9   Thumb Code     2  heapauxi.o(.text)
    __rt_heap_escrow$2region                 0x08006ceb   Thumb Code     2  heapauxi.o(.text)
    __rt_heap_expand$2region                 0x08006ced   Thumb Code     2  heapauxi.o(.text)
    __read_errno                             0x08006cef   Thumb Code    10  _rserrno.o(.text)
    __set_errno                              0x08006cf9   Thumb Code    12  _rserrno.o(.text)
    __aeabi_errno_addr                       0x08006d05   Thumb Code     8  rt_errno_addr_intlibspace.o(.text)
    __errno$intlibspace                      0x08006d05   Thumb Code     0  rt_errno_addr_intlibspace.o(.text)
    __rt_errno_addr$intlibspace              0x08006d05   Thumb Code     0  rt_errno_addr_intlibspace.o(.text)
    __user_libspace                          0x08006d0d   Thumb Code     8  libspace.o(.text)
    __user_perproc_libspace                  0x08006d0d   Thumb Code     0  libspace.o(.text)
    __user_perthread_libspace                0x08006d0d   Thumb Code     0  libspace.o(.text)
    __user_setup_stackheap                   0x08006d15   Thumb Code    74  sys_stackheap_outer.o(.text)
    exit                                     0x08006d5f   Thumb Code    18  exit.o(.text)
    _sys_exit                                0x08006d71   Thumb Code     8  sys_exit.o(.text)
    __I$use$semihosting                      0x08006d7d   Thumb Code     0  use_no_semi.o(.text)
    __use_no_semihosting_swi                 0x08006d7d   Thumb Code     2  use_no_semi.o(.text)
    __ARM_fpclassify                         0x08006d7f   Thumb Code    40  fpclassify.o(i.__ARM_fpclassify)
    __semihosting_library_function           0x08006d7f   Thumb Code     0  indicate_semi.o(.text)
    __ieee754_rem_pio2                       0x08006da9   Thumb Code   828  rred.o(i.__ieee754_rem_pio2)
    __kernel_cos                             0x08007131   Thumb Code   230  cos_i.o(i.__kernel_cos)
    __kernel_poly                            0x0800722d   Thumb Code   170  poly.o(i.__kernel_poly)
    __kernel_sin                             0x080072d9   Thumb Code   224  sin_i.o(i.__kernel_sin)
    __mathlib_dbl_infnan                     0x080073c5   Thumb Code     6  dunder.o(i.__mathlib_dbl_infnan)
    __mathlib_dbl_invalid                    0x080073cb   Thumb Code    12  dunder.o(i.__mathlib_dbl_invalid)
    __mathlib_dbl_underflow                  0x080073d9   Thumb Code    10  dunder.o(i.__mathlib_dbl_underflow)
    sin                                      0x080073e9   Thumb Code   150  sin.o(i.sin)
    __aeabi_dadd                             0x08007489   Thumb Code     0  daddsub_clz.o(x$fpl$dadd)
    _dadd                                    0x08007489   Thumb Code   332  daddsub_clz.o(x$fpl$dadd)
    __fpl_dcheck_NaN1                        0x080075d9   Thumb Code    10  dcheck1.o(x$fpl$dcheck1)
    __aeabi_ddiv                             0x080075e9   Thumb Code     0  ddiv.o(x$fpl$ddiv)
    _ddiv                                    0x080075e9   Thumb Code   552  ddiv.o(x$fpl$ddiv)
    __aeabi_d2iz                             0x08007899   Thumb Code     0  dfix.o(x$fpl$dfix)
    _dfix                                    0x08007899   Thumb Code    94  dfix.o(x$fpl$dfix)
    __aeabi_i2d                              0x080078f7   Thumb Code     0  dflt_clz.o(x$fpl$dflt)
    _dflt                                    0x080078f7   Thumb Code    46  dflt_clz.o(x$fpl$dflt)
    __aeabi_ui2d                             0x08007925   Thumb Code     0  dflt_clz.o(x$fpl$dfltu)
    _dfltu                                   0x08007925   Thumb Code    38  dflt_clz.o(x$fpl$dfltu)
    __aeabi_dmul                             0x0800794d   Thumb Code     0  dmul.o(x$fpl$dmul)
    _dmul                                    0x0800794d   Thumb Code   332  dmul.o(x$fpl$dmul)
    __fpl_dnaninf                            0x08007aa1   Thumb Code   156  dnaninf.o(x$fpl$dnaninf)
    __fpl_dretinf                            0x08007b3d   Thumb Code    12  dretinf.o(x$fpl$dretinf)
    __aeabi_drsub                            0x08007b49   Thumb Code     0  daddsub_clz.o(x$fpl$drsb)
    _drsb                                    0x08007b49   Thumb Code    22  daddsub_clz.o(x$fpl$drsb)
    __aeabi_dsub                             0x08007b61   Thumb Code     0  daddsub_clz.o(x$fpl$dsub)
    _dsub                                    0x08007b61   Thumb Code   464  daddsub_clz.o(x$fpl$dsub)
    __fpl_return_NaN                         0x08007d35   Thumb Code   100  retnan.o(x$fpl$retnan)
    __ARM_scalbn                             0x08007d99   Thumb Code    92  scalbn.o(x$fpl$scalbn)
    __fpl_cmpreturn                          0x08007df5   Thumb Code    48  trapv.o(x$fpl$trapveneer)
    __I$use$fp                               0x08007e24   Number         0  usenofp.o(x$fpl$usenofp)
    Region$$Table$$Base                      0x08007f48   Number         0  anon$$obj.o(Region$$Table)
    Region$$Table$$Limit                     0x08007f68   Number         0  anon$$obj.o(Region$$Table)
    SystemCoreClock                          0x20000000   Data           4  system_stm32f10x.o(.data)
    AHBPrescTable                            0x20000004   Data          16  system_stm32f10x.o(.data)
    Uart2                                    0x2000002c   Data         312  uart.o(.data)
    Timer1                                   0x20000164   Data          24  pwm.o(.data)
    bufSinPos                                0x2000017c   Data         100  pwm.o(.data)
    bufSinNeg                                0x200001e0   Data         100  pwm.o(.data)
    temp_tim                                 0x20000244   Data           1  pwm.o(.data)
    __libspace_start                         0x20000248   Data          96  libspace.o(.bss)
    __temporary_stack_top$libspace           0x200002a8   Data           0  libspace.o(.bss)



==============================================================================

Memory Map of the image

  Image Entry point : 0x080000ed

  Load Region LR_IROM1 (Base: 0x08000000, Size: 0x000081b0, Max: 0x00010000, ABSOLUTE, COMPRESSED[0x0000801c])

    Execution Region ER_IROM1 (Base: 0x08000000, Size: 0x00007f68, Max: 0x00010000, ABSOLUTE)

    Base Addr    Size         Type   Attr      Idx    E Section Name        Object

    0x08000000   0x000000ec   Data   RO            3    RESET               startup_stm32f10x_md.o
    0x080000ec   0x00000008   Code   RO          433  * !!!main             c_w.l(__main.o)
    0x080000f4   0x00000034   Code   RO          674    !!!scatter          c_w.l(__scatter.o)
    0x08000128   0x0000005a   Code   RO          672    !!dczerorl2         c_w.l(__dczerorl2.o)
    0x08000182   0x00000002   PAD
    0x08000184   0x0000001c   Code   RO          676    !!handler_zi        c_w.l(__scatter_zi.o)
    0x080001a0   0x00000002   Code   RO          539    .ARM.Collect$$libinit$$00000000  c_w.l(libinit.o)
    0x080001a2   0x00000000   Code   RO          545    .ARM.Collect$$libinit$$00000002  c_w.l(libinit2.o)
    0x080001a2   0x00000000   Code   RO          547    .ARM.Collect$$libinit$$00000004  c_w.l(libinit2.o)
    0x080001a2   0x00000000   Code   RO          550    .ARM.Collect$$libinit$$0000000A  c_w.l(libinit2.o)
    0x080001a2   0x00000000   Code   RO          552    .ARM.Collect$$libinit$$0000000C  c_w.l(libinit2.o)
    0x080001a2   0x00000000   Code   RO          554    .ARM.Collect$$libinit$$0000000E  c_w.l(libinit2.o)
    0x080001a2   0x00000000   Code   RO          557    .ARM.Collect$$libinit$$00000011  c_w.l(libinit2.o)
    0x080001a2   0x00000000   Code   RO          559    .ARM.Collect$$libinit$$00000013  c_w.l(libinit2.o)
    0x080001a2   0x00000000   Code   RO          561    .ARM.Collect$$libinit$$00000015  c_w.l(libinit2.o)
    0x080001a2   0x00000000   Code   RO          563    .ARM.Collect$$libinit$$00000017  c_w.l(libinit2.o)
    0x080001a2   0x00000000   Code   RO          565    .ARM.Collect$$libinit$$00000019  c_w.l(libinit2.o)
    0x080001a2   0x00000000   Code   RO          567    .ARM.Collect$$libinit$$0000001B  c_w.l(libinit2.o)
    0x080001a2   0x00000000   Code   RO          569    .ARM.Collect$$libinit$$0000001D  c_w.l(libinit2.o)
    0x080001a2   0x00000000   Code   RO          571    .ARM.Collect$$libinit$$0000001F  c_w.l(libinit2.o)
    0x080001a2   0x00000000   Code   RO          573    .ARM.Collect$$libinit$$00000021  c_w.l(libinit2.o)
    0x080001a2   0x00000000   Code   RO          575    .ARM.Collect$$libinit$$00000023  c_w.l(libinit2.o)
    0x080001a2   0x00000000   Code   RO          577    .ARM.Collect$$libinit$$00000025  c_w.l(libinit2.o)
    0x080001a2   0x00000000   Code   RO          581    .ARM.Collect$$libinit$$0000002C  c_w.l(libinit2.o)
    0x080001a2   0x00000000   Code   RO          583    .ARM.Collect$$libinit$$0000002E  c_w.l(libinit2.o)
    0x080001a2   0x00000000   Code   RO          585    .ARM.Collect$$libinit$$00000030  c_w.l(libinit2.o)
    0x080001a2   0x00000000   Code   RO          587    .ARM.Collect$$libinit$$00000032  c_w.l(libinit2.o)
    0x080001a2   0x00000002   Code   RO          588    .ARM.Collect$$libinit$$00000033  c_w.l(libinit2.o)
    0x080001a4   0x00000002   Code   RO          612    .ARM.Collect$$libshutdown$$00000000  c_w.l(libshutdown.o)
    0x080001a6   0x00000000   Code   RO          625    .ARM.Collect$$libshutdown$$00000002  c_w.l(libshutdown2.o)
    0x080001a6   0x00000000   Code   RO          627    .ARM.Collect$$libshutdown$$00000004  c_w.l(libshutdown2.o)
    0x080001a6   0x00000000   Code   RO          630    .ARM.Collect$$libshutdown$$00000007  c_w.l(libshutdown2.o)
    0x080001a6   0x00000000   Code   RO          633    .ARM.Collect$$libshutdown$$0000000A  c_w.l(libshutdown2.o)
    0x080001a6   0x00000000   Code   RO          635    .ARM.Collect$$libshutdown$$0000000C  c_w.l(libshutdown2.o)
    0x080001a6   0x00000000   Code   RO          638    .ARM.Collect$$libshutdown$$0000000F  c_w.l(libshutdown2.o)
    0x080001a6   0x00000002   Code   RO          639    .ARM.Collect$$libshutdown$$00000010  c_w.l(libshutdown2.o)
    0x080001a8   0x00000000   Code   RO          451    .ARM.Collect$$rtentry$$00000000  c_w.l(__rtentry.o)
    0x080001a8   0x00000000   Code   RO          488    .ARM.Collect$$rtentry$$00000002  c_w.l(__rtentry2.o)
    0x080001a8   0x00000006   Code   RO          500    .ARM.Collect$$rtentry$$00000004  c_w.l(__rtentry4.o)
    0x080001ae   0x00000000   Code   RO          490    .ARM.Collect$$rtentry$$00000009  c_w.l(__rtentry2.o)
    0x080001ae   0x00000004   Code   RO          491    .ARM.Collect$$rtentry$$0000000A  c_w.l(__rtentry2.o)
    0x080001b2   0x00000000   Code   RO          493    .ARM.Collect$$rtentry$$0000000C  c_w.l(__rtentry2.o)
    0x080001b2   0x00000008   Code   RO          494    .ARM.Collect$$rtentry$$0000000D  c_w.l(__rtentry2.o)
    0x080001ba   0x00000002   Code   RO          542    .ARM.Collect$$rtexit$$00000000  c_w.l(rtexit.o)
    0x080001bc   0x00000000   Code   RO          592    .ARM.Collect$$rtexit$$00000002  c_w.l(rtexit2.o)
    0x080001bc   0x00000004   Code   RO          593    .ARM.Collect$$rtexit$$00000003  c_w.l(rtexit2.o)
    0x080001c0   0x00000006   Code   RO          594    .ARM.Collect$$rtexit$$00000004  c_w.l(rtexit2.o)
    0x080001c6   0x00000002   PAD
    0x080001c8   0x00000040   Code   RO            4    .text               startup_stm32f10x_md.o
    0x08000208   0x000000ac   Code   RO           10    .text               main.o
    0x080002b4   0x000001e0   Code   RO          125    .text               system_stm32f10x.o
    0x08000494   0x000001c4   Code   RO          159    .text               misc.o
    0x08000658   0x00000820   Code   RO          183    .text               stm32f10x_rcc.o
    0x08000e78   0x00000a60   Code   RO          197    .text               stm32f10x_gpio.o
    0x080018d8   0x00000da0   Code   RO          209    .text               stm32f10x_usart.o
    0x08002678   0x0000375c   Code   RO          221    .text               stm32f10x_tim.o
    0x08005dd4   0x00000920   Code   RO          233    .text               stm32f10x_dma.o
    0x080066f4   0x000000a4   Code   RO          245    .text               time_service.o
    0x08006798   0x00000310   Code   RO          323    .text               uart.o
    0x08006aa8   0x00000240   Code   RO          345    .text               pwm.o
    0x08006ce8   0x00000006   Code   RO          431    .text               c_w.l(heapauxi.o)
    0x08006cee   0x00000016   Code   RO          452    .text               c_w.l(_rserrno.o)
    0x08006d04   0x00000008   Code   RO          505    .text               c_w.l(rt_errno_addr_intlibspace.o)
    0x08006d0c   0x00000008   Code   RO          527    .text               c_w.l(libspace.o)
    0x08006d14   0x0000004a   Code   RO          530    .text               c_w.l(sys_stackheap_outer.o)
    0x08006d5e   0x00000012   Code   RO          532    .text               c_w.l(exit.o)
    0x08006d70   0x0000000c   Code   RO          604    .text               c_w.l(sys_exit.o)
    0x08006d7c   0x00000002   Code   RO          615    .text               c_w.l(use_no_semi.o)
    0x08006d7e   0x00000000   Code   RO          617    .text               c_w.l(indicate_semi.o)
    0x08006d7e   0x00000028   Code   RO          523    i.__ARM_fpclassify  m_ws.l(fpclassify.o)
    0x08006da6   0x00000002   PAD
    0x08006da8   0x00000388   Code   RO          476    i.__ieee754_rem_pio2  m_ws.l(rred.o)
    0x08007130   0x000000fc   Code   RO          459    i.__kernel_cos      m_ws.l(cos_i.o)
    0x0800722c   0x000000aa   Code   RO          525    i.__kernel_poly     m_ws.l(poly.o)
    0x080072d6   0x00000002   PAD
    0x080072d8   0x000000ec   Code   RO          481    i.__kernel_sin      m_ws.l(sin_i.o)
    0x080073c4   0x00000006   Code   RO          463    i.__mathlib_dbl_infnan  m_ws.l(dunder.o)
    0x080073ca   0x0000000c   Code   RO          465    i.__mathlib_dbl_invalid  m_ws.l(dunder.o)
    0x080073d6   0x00000002   PAD
    0x080073d8   0x00000010   Code   RO          468    i.__mathlib_dbl_underflow  m_ws.l(dunder.o)
    0x080073e8   0x000000a0   Code   RO          444    i.sin               m_ws.l(sin.o)
    0x08007488   0x00000150   Code   RO          507    x$fpl$dadd          fz_ws.l(daddsub_clz.o)
    0x080075d8   0x00000010   Code   RO          540    x$fpl$dcheck1       fz_ws.l(dcheck1.o)
    0x080075e8   0x000002b0   Code   RO          514    x$fpl$ddiv          fz_ws.l(ddiv.o)
    0x08007898   0x0000005e   Code   RO          517    x$fpl$dfix          fz_ws.l(dfix.o)
    0x080078f6   0x0000002e   Code   RO          436    x$fpl$dflt          fz_ws.l(dflt_clz.o)
    0x08007924   0x00000026   Code   RO          435    x$fpl$dfltu         fz_ws.l(dflt_clz.o)
    0x0800794a   0x00000002   PAD
    0x0800794c   0x00000154   Code   RO          441    x$fpl$dmul          fz_ws.l(dmul.o)
    0x08007aa0   0x0000009c   Code   RO          454    x$fpl$dnaninf       fz_ws.l(dnaninf.o)
    0x08007b3c   0x0000000c   Code   RO          456    x$fpl$dretinf       fz_ws.l(dretinf.o)
    0x08007b48   0x00000016   Code   RO          508    x$fpl$drsb          fz_ws.l(daddsub_clz.o)
    0x08007b5e   0x00000002   PAD
    0x08007b60   0x000001d4   Code   RO          509    x$fpl$dsub          fz_ws.l(daddsub_clz.o)
    0x08007d34   0x00000064   Code   RO          589    x$fpl$retnan        fz_ws.l(retnan.o)
    0x08007d98   0x0000005c   Code   RO          521    x$fpl$scalbn        fz_ws.l(scalbn.o)
    0x08007df4   0x00000030   Code   RO          602    x$fpl$trapveneer    fz_ws.l(trapv.o)
    0x08007e24   0x00000000   Code   RO          458    x$fpl$usenofp       fz_ws.l(usenofp.o)
    0x08007e24   0x00000004   PAD
    0x08007e28   0x00000030   Data   RO          460    .constdata          m_ws.l(cos_i.o)
    0x08007e58   0x000000c8   Data   RO          478    .constdata          m_ws.l(rred.o)
    0x08007f20   0x00000028   Data   RO          482    .constdata          m_ws.l(sin_i.o)
    0x08007f48   0x00000020   Data   RO          670    Region$$Table       anon$$obj.o


    Execution Region RW_IRAM1 (Base: 0x20000000, Size: 0x000008a8, Max: 0x00005000, ABSOLUTE, COMPRESSED[0x000000b4])

    Base Addr    Size         Type   Attr      Idx    E Section Name        Object

    0x20000000   0x00000014   Data   RW          126    .data               system_stm32f10x.o
    0x20000014   0x00000014   Data   RW          184    .data               stm32f10x_rcc.o
    0x20000028   0x00000004   Data   RW          246    .data               time_service.o
    0x2000002c   0x00000138   Data   RW          324    .data               uart.o
    0x20000164   0x000000e1   Data   RW          346    .data               pwm.o
    0x20000245   0x00000003   PAD
    0x20000248   0x00000060   Zero   RW          528    .bss                c_w.l(libspace.o)
    0x200002a8   0x00000200   Zero   RW            2    HEAP                startup_stm32f10x_md.o
    0x200004a8   0x00000400   Zero   RW            1    STACK               startup_stm32f10x_md.o


==============================================================================

Image component sizes


      Code (inc. data)   RO Data    RW Data    ZI Data      Debug   Object Name

       172         14          0          0          0     263305   main.o
       452         40          0          0          0       2021   misc.o
       576         54          0        225          0       4325   pwm.o
        64         26        236          0       1536        828   startup_stm32f10x_md.o
      2336        140          0          0          0       5582   stm32f10x_dma.o
      2656        178          0          0          0       7301   stm32f10x_gpio.o
      2080         76          0         20          0      10308   stm32f10x_rcc.o
     14172        806          0          0          0      31672   stm32f10x_tim.o
      3488        114          0          0          0      10660   stm32f10x_usart.o
       480         38          0         20          0       1855   system_stm32f10x.o
       164         16          0          4          0      16905   time_service.o
       784         42          0        312          0      20502   uart.o

    ----------------------------------------------------------------------
     27424       1544        268        584       1536     375264   Object Totals
         0          0         32          0          0          0   (incl. Generated)
         0          0          0          3          0          0   (incl. Padding)

    ----------------------------------------------------------------------

      Code (inc. data)   RO Data    RW Data    ZI Data      Debug   Library Member Name

        90          0          0          0          0          0   __dczerorl2.o
         8          0          0          0          0         68   __main.o
         0          0          0          0          0          0   __rtentry.o
        12          0          0          0          0          0   __rtentry2.o
         6          0          0          0          0          0   __rtentry4.o
        52          8          0          0          0          0   __scatter.o
        28          0          0          0          0          0   __scatter_zi.o
        22          0          0          0          0        100   _rserrno.o
        18          0          0          0          0         80   exit.o
         6          0          0          0          0        152   heapauxi.o
         0          0          0          0          0          0   indicate_semi.o
         2          0          0          0          0          0   libinit.o
         2          0          0          0          0          0   libinit2.o
         2          0          0          0          0          0   libshutdown.o
         2          0          0          0          0          0   libshutdown2.o
         8          4          0          0         96         68   libspace.o
         8          4          0          0          0         68   rt_errno_addr_intlibspace.o
         2          0          0          0          0          0   rtexit.o
        10          0          0          0          0          0   rtexit2.o
        12          4          0          0          0         68   sys_exit.o
        74          0          0          0          0         80   sys_stackheap_outer.o
         2          0          0          0          0         68   use_no_semi.o
       826         16          0          0          0        348   daddsub_clz.o
        16          4          0          0          0         68   dcheck1.o
       688        140          0          0          0        208   ddiv.o
        94          4          0          0          0         92   dfix.o
        84          0          0          0          0        136   dflt_clz.o
       340         12          0          0          0        104   dmul.o
       156          4          0          0          0         92   dnaninf.o
        12          0          0          0          0         68   dretinf.o
       100          0          0          0          0         68   retnan.o
        92          0          0          0          0         68   scalbn.o
        48          0          0          0          0         68   trapv.o
         0          0          0          0          0          0   usenofp.o
       252         22         48          0          0        124   cos_i.o
        34          6          0          0          0        204   dunder.o
        40          0          0          0          0         68   fpclassify.o
       170          0          0          0          0         96   poly.o
       904         76        200          0          0        140   rred.o
       160         10          0          0          0        108   sin.o
       236         12         40          0          0        128   sin_i.o

    ----------------------------------------------------------------------
      4636        326        288          0         96       2940   Library Totals
        18          0          0          0          0          0   (incl. Padding)

    ----------------------------------------------------------------------

      Code (inc. data)   RO Data    RW Data    ZI Data      Debug   Library Name

       366         20          0          0         96        752   c_w.l
      2456        180          0          0          0       1320   fz_ws.l
      1796        126        288          0          0        868   m_ws.l

    ----------------------------------------------------------------------
      4636        326        288          0         96       2940   Library Totals

    ----------------------------------------------------------------------

==============================================================================


      Code (inc. data)   RO Data    RW Data    ZI Data      Debug   

     32060       1870        556        584       1632     375756   Grand Totals
     32060       1870        556        180       1632     375756   ELF Image Totals (compressed)
     32060       1870        556        180          0          0   ROM Totals

==============================================================================

    Total RO  Size (Code + RO Data)                32616 (  31.85kB)
    Total RW  Size (RW Data + ZI Data)              2216 (   2.16kB)
    Total ROM Size (Code + RO Data + RW Data)      32796 (  32.03kB)

==============================================================================

