Component: ARM Compiler 5.05 (build 41) Tool: armlink [4d0eb9]

==============================================================================

Section Cross References

    startup_stm32f10x_md.o(STACK) refers (Special) to heapauxi.o(.text) for __use_two_region_memory
    startup_stm32f10x_md.o(HEAP) refers (Special) to heapauxi.o(.text) for __use_two_region_memory
    startup_stm32f10x_md.o(RESET) refers (Special) to heapauxi.o(.text) for __use_two_region_memory
    startup_stm32f10x_md.o(RESET) refers to startup_stm32f10x_md.o(STACK) for __initial_sp
    startup_stm32f10x_md.o(RESET) refers to startup_stm32f10x_md.o(.text) for Reset_Handler
    startup_stm32f10x_md.o(RESET) refers to time_service.o(.text) for SysTick_Handler
    startup_stm32f10x_md.o(RESET) refers to uart.o(.text) for USART2_IRQHandler
    startup_stm32f10x_md.o(.text) refers (Special) to heapauxi.o(.text) for __use_two_region_memory
    startup_stm32f10x_md.o(.text) refers to system_stm32f10x.o(.text) for SystemInit
    startup_stm32f10x_md.o(.text) refers to __main.o(!!!main) for __main
    startup_stm32f10x_md.o(.text) refers to startup_stm32f10x_md.o(HEAP) for Heap_Mem
    startup_stm32f10x_md.o(.text) refers to startup_stm32f10x_md.o(STACK) for Stack_Mem
    main.o(.text) refers to stm32f10x_gpio.o(.text) for GPIO_Init
    main.o(.text) refers to time_service.o(.text) for Delay
    main.o(.text) refers to stm32f10x_rcc.o(.text) for RCC_MCOConfig
    main.o(.text) refers to misc.o(.text) for NVIC_PriorityGroupConfig
    main.o(.text) refers to link_slave.o(.text) for InitLinkSlave
    main.o(.text) refers to self_control.o(.text) for SelfControlFsm
    main.o(.text) refers to uart.o(.data) for Uart2
    system_stm32f10x.o(.text) refers to system_stm32f10x.o(.data) for SystemCoreClock
    misc.o(.text) refers to main.o(.text) for assert_failed
    stm32f10x_exti.o(.text) refers to main.o(.text) for assert_failed
    stm32f10x_rcc.o(.text) refers to main.o(.text) for assert_failed
    stm32f10x_rcc.o(.text) refers to stm32f10x_rcc.o(.data) for APBAHBPrescTable
    stm32f10x_gpio.o(.text) refers to main.o(.text) for assert_failed
    stm32f10x_gpio.o(.text) refers to stm32f10x_rcc.o(.text) for RCC_APB2PeriphResetCmd
    stm32f10x_usart.o(.text) refers to main.o(.text) for assert_failed
    stm32f10x_usart.o(.text) refers to stm32f10x_rcc.o(.text) for RCC_APB2PeriphResetCmd
    time_service.o(.text) refers to time_service.o(.data) for SystemTime
    time_service.o(.text) refers to system_stm32f10x.o(.data) for SystemCoreClock
    link_slave.o(.text) refers to uart.o(.text) for InitUart
    link_slave.o(.text) refers to mg_common.o(.text) for MG_InitInputStruct
    link_slave.o(.text) refers to time_service.o(.text) for GetSystemTime
    link_slave.o(.text) refers to mg_canal_level.o(.text) for MG_ComposeMsg
    link_slave.o(.text) refers to mg_data_level.o(.text) for MG_ProcessRequest
    link_slave.o(.text) refers to link_slave.o(.data) for MsgTransmited
    link_slave.o(.text) refers to link_slave.o(.bss) for Request
    self_control.o(.text) refers to mg_regs.o(.text) for MG_IsRegChanged
    self_control.o(.text) refers to self_control.o(.data) for SelfControlState
    uart.o(.text) refers to misc.o(.text) for NVIC_Init
    uart.o(.text) refers to stm32f10x_usart.o(.text) for USART_Init
    uart.o(.text) refers to stm32f10x_gpio.o(.text) for GPIO_Init
    uart.o(.text) refers to stm32f10x_rcc.o(.text) for RCC_APB2PeriphClockCmd
    uart.o(.text) refers to main.o(.text) for assert_failed
    uart.o(.text) refers to uart.o(.data) for Uart2
    uart.o(.data) refers to uart.o(.text) for TxCallbackDefault
    mg_canal_level.o(.text) refers to crc.o(.text) for Crc8
    mg_canal_level.o(.text) refers to time_service.o(.text) for GetSystemTime
    mg_common.o(.text) refers to time_service.o(.text) for GetSystemTime
    mg_data_level.o(.text) refers to mg_regs.o(.text) for MG_IsRegValid
    mg_regs.o(.text) refers to mg_regs.o(.data) for RegsRo
    __main.o(!!!main) refers to __rtentry.o(.ARM.Collect$$rtentry$$00000000) for __rt_entry
    __rtentry.o(.ARM.Collect$$rtentry$$00000000) refers (Special) to __rtentry2.o(.ARM.Collect$$rtentry$$0000000A) for __rt_entry_li
    __rtentry.o(.ARM.Collect$$rtentry$$00000000) refers (Special) to __rtentry2.o(.ARM.Collect$$rtentry$$0000000D) for __rt_entry_main
    __rtentry.o(.ARM.Collect$$rtentry$$00000000) refers (Special) to __rtentry2.o(.ARM.Collect$$rtentry$$0000000C) for __rt_entry_postli_1
    __rtentry.o(.ARM.Collect$$rtentry$$00000000) refers (Special) to __rtentry2.o(.ARM.Collect$$rtentry$$00000009) for __rt_entry_postsh_1
    __rtentry.o(.ARM.Collect$$rtentry$$00000000) refers (Special) to __rtentry2.o(.ARM.Collect$$rtentry$$00000002) for __rt_entry_presh_1
    __rtentry.o(.ARM.Collect$$rtentry$$00000000) refers (Special) to __rtentry4.o(.ARM.Collect$$rtentry$$00000004) for __rt_entry_sh
    __rtentry2.o(.ARM.Collect$$rtentry$$00000008) refers to boardinit2.o(.text) for _platform_post_stackheap_init
    __rtentry2.o(.ARM.Collect$$rtentry$$0000000A) refers to libinit.o(.ARM.Collect$$libinit$$00000000) for __rt_lib_init
    __rtentry2.o(.ARM.Collect$$rtentry$$0000000B) refers to boardinit3.o(.text) for _platform_post_lib_init
    __rtentry2.o(.ARM.Collect$$rtentry$$0000000D) refers to main.o(.text) for main
    __rtentry2.o(.ARM.Collect$$rtentry$$0000000D) refers to exit.o(.text) for exit
    __rtentry2.o(.ARM.exidx) refers to __rtentry2.o(.ARM.Collect$$rtentry$$00000001) for .ARM.Collect$$rtentry$$00000001
    __rtentry2.o(.ARM.exidx) refers to __rtentry2.o(.ARM.Collect$$rtentry$$00000008) for .ARM.Collect$$rtentry$$00000008
    __rtentry2.o(.ARM.exidx) refers to __rtentry2.o(.ARM.Collect$$rtentry$$0000000A) for .ARM.Collect$$rtentry$$0000000A
    __rtentry2.o(.ARM.exidx) refers to __rtentry2.o(.ARM.Collect$$rtentry$$0000000B) for .ARM.Collect$$rtentry$$0000000B
    __rtentry2.o(.ARM.exidx) refers to __rtentry2.o(.ARM.Collect$$rtentry$$0000000D) for .ARM.Collect$$rtentry$$0000000D
    __rtentry4.o(.ARM.Collect$$rtentry$$00000004) refers to sys_stackheap_outer.o(.text) for __user_setup_stackheap
    __rtentry4.o(.ARM.exidx) refers to __rtentry4.o(.ARM.Collect$$rtentry$$00000004) for .ARM.Collect$$rtentry$$00000004
    sys_stackheap_outer.o(.text) refers to libspace.o(.text) for __user_perproc_libspace
    sys_stackheap_outer.o(.text) refers to startup_stm32f10x_md.o(.text) for __user_initial_stackheap
    exit.o(.text) refers to rtexit.o(.ARM.Collect$$rtexit$$00000000) for __rt_exit
    libinit.o(.ARM.Collect$$libinit$$00000000) refers (Special) to libinit2.o(.ARM.Collect$$libinit$$0000002E) for __rt_lib_init_alloca_1
    libinit.o(.ARM.Collect$$libinit$$00000000) refers (Special) to libinit2.o(.ARM.Collect$$libinit$$0000002C) for __rt_lib_init_argv_1
    libinit.o(.ARM.Collect$$libinit$$00000000) refers (Special) to libinit2.o(.ARM.Collect$$libinit$$0000001B) for __rt_lib_init_atexit_1
    libinit.o(.ARM.Collect$$libinit$$00000000) refers (Special) to libinit2.o(.ARM.Collect$$libinit$$00000021) for __rt_lib_init_clock_1
    libinit.o(.ARM.Collect$$libinit$$00000000) refers (Special) to libinit2.o(.ARM.Collect$$libinit$$00000032) for __rt_lib_init_cpp_1
    libinit.o(.ARM.Collect$$libinit$$00000000) refers (Special) to libinit2.o(.ARM.Collect$$libinit$$00000030) for __rt_lib_init_exceptions_1
    libinit.o(.ARM.Collect$$libinit$$00000000) refers (Special) to libinit2.o(.ARM.Collect$$libinit$$00000002) for __rt_lib_init_fp_1
    libinit.o(.ARM.Collect$$libinit$$00000000) refers (Special) to libinit2.o(.ARM.Collect$$libinit$$0000001F) for __rt_lib_init_fp_trap_1
    libinit.o(.ARM.Collect$$libinit$$00000000) refers (Special) to libinit2.o(.ARM.Collect$$libinit$$00000023) for __rt_lib_init_getenv_1
    libinit.o(.ARM.Collect$$libinit$$00000000) refers (Special) to libinit2.o(.ARM.Collect$$libinit$$0000000A) for __rt_lib_init_heap_1
    libinit.o(.ARM.Collect$$libinit$$00000000) refers (Special) to libinit2.o(.ARM.Collect$$libinit$$00000011) for __rt_lib_init_lc_collate_1
    libinit.o(.ARM.Collect$$libinit$$00000000) refers (Special) to libinit2.o(.ARM.Collect$$libinit$$00000013) for __rt_lib_init_lc_ctype_1
    libinit.o(.ARM.Collect$$libinit$$00000000) refers (Special) to libinit2.o(.ARM.Collect$$libinit$$00000015) for __rt_lib_init_lc_monetary_1
    libinit.o(.ARM.Collect$$libinit$$00000000) refers (Special) to libinit2.o(.ARM.Collect$$libinit$$00000017) for __rt_lib_init_lc_numeric_1
    libinit.o(.ARM.Collect$$libinit$$00000000) refers (Special) to libinit2.o(.ARM.Collect$$libinit$$00000019) for __rt_lib_init_lc_time_1
    libinit.o(.ARM.Collect$$libinit$$00000000) refers (Special) to libinit2.o(.ARM.Collect$$libinit$$00000004) for __rt_lib_init_preinit_1
    libinit.o(.ARM.Collect$$libinit$$00000000) refers (Special) to libinit2.o(.ARM.Collect$$libinit$$0000000E) for __rt_lib_init_rand_1
    libinit.o(.ARM.Collect$$libinit$$00000000) refers (Special) to libinit2.o(.ARM.Collect$$libinit$$00000033) for __rt_lib_init_return
    libinit.o(.ARM.Collect$$libinit$$00000000) refers (Special) to libinit2.o(.ARM.Collect$$libinit$$0000001D) for __rt_lib_init_signal_1
    libinit.o(.ARM.Collect$$libinit$$00000000) refers (Special) to libinit2.o(.ARM.Collect$$libinit$$00000025) for __rt_lib_init_stdio_1
    libinit.o(.ARM.Collect$$libinit$$00000000) refers (Special) to libinit2.o(.ARM.Collect$$libinit$$0000000C) for __rt_lib_init_user_alloc_1
    libspace.o(.text) refers to libspace.o(.bss) for __libspace_start
    rtexit.o(.ARM.Collect$$rtexit$$00000000) refers (Special) to rtexit2.o(.ARM.Collect$$rtexit$$00000004) for __rt_exit_exit
    rtexit.o(.ARM.Collect$$rtexit$$00000000) refers (Special) to rtexit2.o(.ARM.Collect$$rtexit$$00000003) for __rt_exit_ls
    rtexit.o(.ARM.Collect$$rtexit$$00000000) refers (Special) to rtexit2.o(.ARM.Collect$$rtexit$$00000002) for __rt_exit_prels_1
    rtexit.o(.ARM.exidx) refers (Special) to rtexit2.o(.ARM.Collect$$rtexit$$00000004) for __rt_exit_exit
    rtexit.o(.ARM.exidx) refers (Special) to rtexit2.o(.ARM.Collect$$rtexit$$00000003) for __rt_exit_ls
    rtexit.o(.ARM.exidx) refers (Special) to rtexit2.o(.ARM.Collect$$rtexit$$00000002) for __rt_exit_prels_1
    rtexit.o(.ARM.exidx) refers to rtexit.o(.ARM.Collect$$rtexit$$00000000) for .ARM.Collect$$rtexit$$00000000
    libinit2.o(.ARM.Collect$$libinit$$00000010) refers to libinit2.o(.ARM.Collect$$libinit$$0000000F) for .ARM.Collect$$libinit$$0000000F
    libinit2.o(.ARM.Collect$$libinit$$00000012) refers to libinit2.o(.ARM.Collect$$libinit$$0000000F) for .ARM.Collect$$libinit$$0000000F
    libinit2.o(.ARM.Collect$$libinit$$00000014) refers to libinit2.o(.ARM.Collect$$libinit$$0000000F) for .ARM.Collect$$libinit$$0000000F
    libinit2.o(.ARM.Collect$$libinit$$00000016) refers to libinit2.o(.ARM.Collect$$libinit$$0000000F) for .ARM.Collect$$libinit$$0000000F
    libinit2.o(.ARM.Collect$$libinit$$00000018) refers to libinit2.o(.ARM.Collect$$libinit$$0000000F) for .ARM.Collect$$libinit$$0000000F
    libinit2.o(.ARM.Collect$$libinit$$00000026) refers to argv_veneer.o(.emb_text) for __ARM_argv_veneer
    libinit2.o(.ARM.Collect$$libinit$$00000027) refers to argv_veneer.o(.emb_text) for __ARM_argv_veneer
    rtexit2.o(.ARM.Collect$$rtexit$$00000003) refers to libshutdown.o(.ARM.Collect$$libshutdown$$00000000) for __rt_lib_shutdown
    rtexit2.o(.ARM.Collect$$rtexit$$00000004) refers to sys_exit.o(.text) for _sys_exit
    rtexit2.o(.ARM.exidx) refers to rtexit2.o(.ARM.Collect$$rtexit$$00000001) for .ARM.Collect$$rtexit$$00000001
    rtexit2.o(.ARM.exidx) refers to rtexit2.o(.ARM.Collect$$rtexit$$00000003) for .ARM.Collect$$rtexit$$00000003
    rtexit2.o(.ARM.exidx) refers to rtexit2.o(.ARM.Collect$$rtexit$$00000004) for .ARM.Collect$$rtexit$$00000004
    argv_veneer.o(.emb_text) refers to no_argv.o(.text) for __ARM_get_argv
    sys_exit.o(.text) refers (Special) to use_no_semi.o(.text) for __I$use$semihosting
    sys_exit.o(.text) refers (Special) to indicate_semi.o(.text) for __semihosting_library_function
    _get_argv_nomalloc.o(.text) refers (Special) to hrguard.o(.text) for __heap_region$guard
    _get_argv_nomalloc.o(.text) refers to defsig_rtmem_outer.o(.text) for __rt_SIGRTMEM
    _get_argv_nomalloc.o(.text) refers to sys_command.o(.text) for _sys_command_string
    libshutdown.o(.ARM.Collect$$libshutdown$$00000000) refers (Special) to libshutdown2.o(.ARM.Collect$$libshutdown$$00000006) for __rt_lib_shutdown_fp_trap_1
    libshutdown.o(.ARM.Collect$$libshutdown$$00000000) refers (Special) to libshutdown2.o(.ARM.Collect$$libshutdown$$0000000E) for __rt_lib_shutdown_heap_1
    libshutdown.o(.ARM.Collect$$libshutdown$$00000000) refers (Special) to libshutdown2.o(.ARM.Collect$$libshutdown$$0000000F) for __rt_lib_shutdown_return
    libshutdown.o(.ARM.Collect$$libshutdown$$00000000) refers (Special) to libshutdown2.o(.ARM.Collect$$libshutdown$$00000009) for __rt_lib_shutdown_signal_1
    libshutdown.o(.ARM.Collect$$libshutdown$$00000000) refers (Special) to libshutdown2.o(.ARM.Collect$$libshutdown$$00000003) for __rt_lib_shutdown_stdio_1
    libshutdown.o(.ARM.Collect$$libshutdown$$00000000) refers (Special) to libshutdown2.o(.ARM.Collect$$libshutdown$$0000000B) for __rt_lib_shutdown_user_alloc_1
    sys_command.o(.text) refers (Special) to use_no_semi.o(.text) for __I$use$semihosting
    sys_command.o(.text) refers (Special) to indicate_semi.o(.text) for __semihosting_library_function
    defsig_rtmem_outer.o(.text) refers to defsig_rtmem_inner.o(.text) for __rt_SIGRTMEM_inner
    defsig_rtmem_outer.o(.text) refers to defsig_exit.o(.text) for __sig_exit
    defsig_rtmem_formal.o(.text) refers to rt_raise.o(.text) for __rt_raise
    rt_raise.o(.text) refers to __raise.o(.text) for __raise
    rt_raise.o(.text) refers to sys_exit.o(.text) for _sys_exit
    defsig_exit.o(.text) refers to sys_exit.o(.text) for _sys_exit
    defsig_rtmem_inner.o(.text) refers to defsig_general.o(.text) for __default_signal_display
    __raise.o(.text) refers to defsig.o(CL$$defsig) for __default_signal_handler
    defsig_general.o(.text) refers to sys_wrch.o(.text) for _ttywrch
    sys_wrch.o(.text) refers (Special) to use_no_semi.o(.text) for __I$use$semihosting
    sys_wrch.o(.text) refers (Special) to indicate_semi.o(.text) for __semihosting_library_function
    defsig.o(CL$$defsig) refers to defsig_rtmem_inner.o(.text) for __rt_SIGRTMEM_inner
    defsig_abrt_inner.o(.text) refers to defsig_general.o(.text) for __default_signal_display
    defsig_fpe_inner.o(.text) refers to defsig_general.o(.text) for __default_signal_display
    defsig_rtred_inner.o(.text) refers to defsig_general.o(.text) for __default_signal_display
    defsig_stak_inner.o(.text) refers to defsig_general.o(.text) for __default_signal_display
    defsig_pvfn_inner.o(.text) refers to defsig_general.o(.text) for __default_signal_display
    defsig_cppl_inner.o(.text) refers to defsig_general.o(.text) for __default_signal_display
    defsig_segv_inner.o(.text) refers to defsig_general.o(.text) for __default_signal_display
    defsig_other.o(.text) refers to defsig_general.o(.text) for __default_signal_display


==============================================================================

Removing Unused input sections from the image.

    Removing core_cm3.o(.emb_text), (32 bytes).
    Removing stm32f10x_exti.o(.text), (708 bytes).
    Removing common.o(.text), (6 bytes).

3 unused section(s) (total 746 bytes) removed from the image.

==============================================================================

Image Symbol Table

    Local Symbols

    Symbol Name                              Value     Ov Type        Size  Object(Section)

    ../clib/angel/boardlib.s                 0x00000000   Number         0  boardinit3.o ABSOLUTE
    ../clib/angel/boardlib.s                 0x00000000   Number         0  boardshut.o ABSOLUTE
    ../clib/angel/boardlib.s                 0x00000000   Number         0  boardinit1.o ABSOLUTE
    ../clib/angel/boardlib.s                 0x00000000   Number         0  boardinit2.o ABSOLUTE
    ../clib/angel/dczerorl2.s                0x00000000   Number         0  __dczerorl2.o ABSOLUTE
    ../clib/angel/handlers.s                 0x00000000   Number         0  __scatter_zi.o ABSOLUTE
    ../clib/angel/kernel.s                   0x00000000   Number         0  rtexit2.o ABSOLUTE
    ../clib/angel/kernel.s                   0x00000000   Number         0  __rtentry.o ABSOLUTE
    ../clib/angel/kernel.s                   0x00000000   Number         0  __rtentry4.o ABSOLUTE
    ../clib/angel/kernel.s                   0x00000000   Number         0  __rtentry2.o ABSOLUTE
    ../clib/angel/kernel.s                   0x00000000   Number         0  rtexit.o ABSOLUTE
    ../clib/angel/rt.s                       0x00000000   Number         0  rt_raise.o ABSOLUTE
    ../clib/angel/scatter.s                  0x00000000   Number         0  __scatter.o ABSOLUTE
    ../clib/angel/startup.s                  0x00000000   Number         0  __main.o ABSOLUTE
    ../clib/angel/sys.s                      0x00000000   Number         0  use_no_semi.o ABSOLUTE
    ../clib/angel/sys.s                      0x00000000   Number         0  indicate_semi.o ABSOLUTE
    ../clib/angel/sys.s                      0x00000000   Number         0  sys_stackheap_outer.o ABSOLUTE
    ../clib/angel/sys.s                      0x00000000   Number         0  libspace.o ABSOLUTE
    ../clib/angel/sysapp.c                   0x00000000   Number         0  sys_wrch.o ABSOLUTE
    ../clib/angel/sysapp.c                   0x00000000   Number         0  sys_command.o ABSOLUTE
    ../clib/angel/sysapp.c                   0x00000000   Number         0  sys_exit.o ABSOLUTE
    ../clib/armsys.c                         0x00000000   Number         0  argv_veneer.o ABSOLUTE
    ../clib/armsys.c                         0x00000000   Number         0  argv_veneer.o ABSOLUTE
    ../clib/armsys.c                         0x00000000   Number         0  _get_argv_nomalloc.o ABSOLUTE
    ../clib/armsys.c                         0x00000000   Number         0  no_argv.o ABSOLUTE
    ../clib/heapalloc.c                      0x00000000   Number         0  hrguard.o ABSOLUTE
    ../clib/heapaux.c                        0x00000000   Number         0  heapauxi.o ABSOLUTE
    ../clib/libinit.s                        0x00000000   Number         0  libinit2.o ABSOLUTE
    ../clib/libinit.s                        0x00000000   Number         0  libshutdown.o ABSOLUTE
    ../clib/libinit.s                        0x00000000   Number         0  libshutdown2.o ABSOLUTE
    ../clib/libinit.s                        0x00000000   Number         0  libinit.o ABSOLUTE
    ../clib/signal.c                         0x00000000   Number         0  defsig_stak_inner.o ABSOLUTE
    ../clib/signal.c                         0x00000000   Number         0  defsig_rtred_inner.o ABSOLUTE
    ../clib/signal.c                         0x00000000   Number         0  defsig_fpe_inner.o ABSOLUTE
    ../clib/signal.c                         0x00000000   Number         0  defsig_abrt_inner.o ABSOLUTE
    ../clib/signal.c                         0x00000000   Number         0  defsig_general.o ABSOLUTE
    ../clib/signal.c                         0x00000000   Number         0  __raise.o ABSOLUTE
    ../clib/signal.c                         0x00000000   Number         0  defsig_rtmem_inner.o ABSOLUTE
    ../clib/signal.c                         0x00000000   Number         0  defsig_rtmem_formal.o ABSOLUTE
    ../clib/signal.c                         0x00000000   Number         0  defsig_rtmem_outer.o ABSOLUTE
    ../clib/signal.c                         0x00000000   Number         0  defsig_cppl_inner.o ABSOLUTE
    ../clib/signal.c                         0x00000000   Number         0  defsig_segv_inner.o ABSOLUTE
    ../clib/signal.c                         0x00000000   Number         0  defsig_other.o ABSOLUTE
    ../clib/signal.c                         0x00000000   Number         0  defsig_exit.o ABSOLUTE
    ../clib/signal.c                         0x00000000   Number         0  defsig_pvfn_inner.o ABSOLUTE
    ../clib/signal.s                         0x00000000   Number         0  defsig.o ABSOLUTE
    ../clib/stdlib.c                         0x00000000   Number         0  exit.o ABSOLUTE
    ../fplib/fpinit.s                        0x00000000   Number         0  fpinit.o ABSOLUTE
    CMSIS\\core_cm3.c                        0x00000000   Number         0  core_cm3.o ABSOLUTE
    CMSIS\core_cm3.c                         0x00000000   Number         0  core_cm3.o ABSOLUTE
    CMSIS\system_stm32f10x.c                 0x00000000   Number         0  system_stm32f10x.o ABSOLUTE
    Library\common.c                         0x00000000   Number         0  common.o ABSOLUTE
    Library\crc.c                            0x00000000   Number         0  crc.o ABSOLUTE
    Library\link_slave.c                     0x00000000   Number         0  link_slave.o ABSOLUTE
    Library\self_control.c                   0x00000000   Number         0  self_control.o ABSOLUTE
    Library\uart.c                           0x00000000   Number         0  uart.o ABSOLUTE
    MAIN\main.c                              0x00000000   Number         0  main.o ABSOLUTE
    MilliG\mg_canal_level.c                  0x00000000   Number         0  mg_canal_level.o ABSOLUTE
    MilliG\mg_common.c                       0x00000000   Number         0  mg_common.o ABSOLUTE
    MilliG\mg_data_level.c                   0x00000000   Number         0  mg_data_level.o ABSOLUTE
    MilliG\mg_regs.c                         0x00000000   Number         0  mg_regs.o ABSOLUTE
    SPL\src\misc.c                           0x00000000   Number         0  misc.o ABSOLUTE
    SPL\src\stm32f10x_exti.c                 0x00000000   Number         0  stm32f10x_exti.o ABSOLUTE
    SPL\src\stm32f10x_gpio.c                 0x00000000   Number         0  stm32f10x_gpio.o ABSOLUTE
    SPL\src\stm32f10x_rcc.c                  0x00000000   Number         0  stm32f10x_rcc.o ABSOLUTE
    SPL\src\stm32f10x_usart.c                0x00000000   Number         0  stm32f10x_usart.o ABSOLUTE
    Services\time_service.c                  0x00000000   Number         0  time_service.o ABSOLUTE
    StartUp\startup_stm32f10x_md.s           0x00000000   Number         0  startup_stm32f10x_md.o ABSOLUTE
    dc.s                                     0x00000000   Number         0  dc.o ABSOLUTE
    RESET                                    0x08000000   Section      236  startup_stm32f10x_md.o(RESET)
    !!!main                                  0x080000ec   Section        8  __main.o(!!!main)
    !!!scatter                               0x080000f4   Section       52  __scatter.o(!!!scatter)
    !!dczerorl2                              0x08000128   Section       90  __dczerorl2.o(!!dczerorl2)
    !!handler_zi                             0x08000184   Section       28  __scatter_zi.o(!!handler_zi)
    .ARM.Collect$$libinit$$00000000          0x080001a0   Section        2  libinit.o(.ARM.Collect$$libinit$$00000000)
    .ARM.Collect$$libinit$$00000002          0x080001a2   Section        0  libinit2.o(.ARM.Collect$$libinit$$00000002)
    .ARM.Collect$$libinit$$00000004          0x080001a2   Section        0  libinit2.o(.ARM.Collect$$libinit$$00000004)
    .ARM.Collect$$libinit$$0000000A          0x080001a2   Section        0  libinit2.o(.ARM.Collect$$libinit$$0000000A)
    .ARM.Collect$$libinit$$0000000C          0x080001a2   Section        0  libinit2.o(.ARM.Collect$$libinit$$0000000C)
    .ARM.Collect$$libinit$$0000000E          0x080001a2   Section        0  libinit2.o(.ARM.Collect$$libinit$$0000000E)
    .ARM.Collect$$libinit$$00000011          0x080001a2   Section        0  libinit2.o(.ARM.Collect$$libinit$$00000011)
    .ARM.Collect$$libinit$$00000013          0x080001a2   Section        0  libinit2.o(.ARM.Collect$$libinit$$00000013)
    .ARM.Collect$$libinit$$00000015          0x080001a2   Section        0  libinit2.o(.ARM.Collect$$libinit$$00000015)
    .ARM.Collect$$libinit$$00000017          0x080001a2   Section        0  libinit2.o(.ARM.Collect$$libinit$$00000017)
    .ARM.Collect$$libinit$$00000019          0x080001a2   Section        0  libinit2.o(.ARM.Collect$$libinit$$00000019)
    .ARM.Collect$$libinit$$0000001B          0x080001a2   Section        0  libinit2.o(.ARM.Collect$$libinit$$0000001B)
    .ARM.Collect$$libinit$$0000001D          0x080001a2   Section        0  libinit2.o(.ARM.Collect$$libinit$$0000001D)
    .ARM.Collect$$libinit$$0000001F          0x080001a2   Section        0  libinit2.o(.ARM.Collect$$libinit$$0000001F)
    .ARM.Collect$$libinit$$00000021          0x080001a2   Section        0  libinit2.o(.ARM.Collect$$libinit$$00000021)
    .ARM.Collect$$libinit$$00000023          0x080001a2   Section        0  libinit2.o(.ARM.Collect$$libinit$$00000023)
    .ARM.Collect$$libinit$$00000025          0x080001a2   Section        0  libinit2.o(.ARM.Collect$$libinit$$00000025)
    .ARM.Collect$$libinit$$0000002C          0x080001a2   Section        0  libinit2.o(.ARM.Collect$$libinit$$0000002C)
    .ARM.Collect$$libinit$$0000002E          0x080001a2   Section        0  libinit2.o(.ARM.Collect$$libinit$$0000002E)
    .ARM.Collect$$libinit$$00000030          0x080001a2   Section        0  libinit2.o(.ARM.Collect$$libinit$$00000030)
    .ARM.Collect$$libinit$$00000032          0x080001a2   Section        0  libinit2.o(.ARM.Collect$$libinit$$00000032)
    .ARM.Collect$$libinit$$00000033          0x080001a2   Section        2  libinit2.o(.ARM.Collect$$libinit$$00000033)
    .ARM.Collect$$libshutdown$$00000000      0x080001a4   Section        2  libshutdown.o(.ARM.Collect$$libshutdown$$00000000)
    .ARM.Collect$$libshutdown$$00000003      0x080001a6   Section        0  libshutdown2.o(.ARM.Collect$$libshutdown$$00000003)
    .ARM.Collect$$libshutdown$$00000006      0x080001a6   Section        0  libshutdown2.o(.ARM.Collect$$libshutdown$$00000006)
    .ARM.Collect$$libshutdown$$00000009      0x080001a6   Section        0  libshutdown2.o(.ARM.Collect$$libshutdown$$00000009)
    .ARM.Collect$$libshutdown$$0000000B      0x080001a6   Section        0  libshutdown2.o(.ARM.Collect$$libshutdown$$0000000B)
    .ARM.Collect$$libshutdown$$0000000E      0x080001a6   Section        0  libshutdown2.o(.ARM.Collect$$libshutdown$$0000000E)
    .ARM.Collect$$libshutdown$$0000000F      0x080001a6   Section        2  libshutdown2.o(.ARM.Collect$$libshutdown$$0000000F)
    .ARM.Collect$$rtentry$$00000000          0x080001a8   Section        0  __rtentry.o(.ARM.Collect$$rtentry$$00000000)
    .ARM.Collect$$rtentry$$00000002          0x080001a8   Section        0  __rtentry2.o(.ARM.Collect$$rtentry$$00000002)
    .ARM.Collect$$rtentry$$00000004          0x080001a8   Section        6  __rtentry4.o(.ARM.Collect$$rtentry$$00000004)
    .ARM.Collect$$rtentry$$00000009          0x080001ae   Section        0  __rtentry2.o(.ARM.Collect$$rtentry$$00000009)
    .ARM.Collect$$rtentry$$0000000A          0x080001ae   Section        4  __rtentry2.o(.ARM.Collect$$rtentry$$0000000A)
    .ARM.Collect$$rtentry$$0000000C          0x080001b2   Section        0  __rtentry2.o(.ARM.Collect$$rtentry$$0000000C)
    .ARM.Collect$$rtentry$$0000000D          0x080001b2   Section        8  __rtentry2.o(.ARM.Collect$$rtentry$$0000000D)
    .ARM.Collect$$rtexit$$00000000           0x080001ba   Section        2  rtexit.o(.ARM.Collect$$rtexit$$00000000)
    .ARM.Collect$$rtexit$$00000002           0x080001bc   Section        0  rtexit2.o(.ARM.Collect$$rtexit$$00000002)
    .ARM.Collect$$rtexit$$00000003           0x080001bc   Section        4  rtexit2.o(.ARM.Collect$$rtexit$$00000003)
    .ARM.Collect$$rtexit$$00000004           0x080001c0   Section        6  rtexit2.o(.ARM.Collect$$rtexit$$00000004)
    .text                                    0x080001c8   Section       64  startup_stm32f10x_md.o(.text)
    .text                                    0x08000208   Section        0  main.o(.text)
    .text                                    0x080002bc   Section        0  system_stm32f10x.o(.text)
    SetSysClockTo72                          0x080002bd   Thumb Code   214  system_stm32f10x.o(.text)
    SetSysClock                              0x08000393   Thumb Code     8  system_stm32f10x.o(.text)
    .text                                    0x0800049c   Section        0  misc.o(.text)
    .text                                    0x08000660   Section        0  stm32f10x_rcc.o(.text)
    .text                                    0x08000e80   Section        0  stm32f10x_gpio.o(.text)
    .text                                    0x080018e0   Section        0  stm32f10x_usart.o(.text)
    .text                                    0x08002680   Section        0  time_service.o(.text)
    .text                                    0x08002724   Section        0  crc.o(.text)
    .text                                    0x0800279c   Section        0  link_slave.o(.text)
    onMsgTransmited                          0x0800279d   Thumb Code     8  link_slave.o(.text)
    lostLinkHandler                          0x080027ed   Thumb Code     2  link_slave.o(.text)
    StartSoftTimer                           0x080028d1   Thumb Code    16  link_slave.o(.text)
    .text                                    0x080028fc   Section        0  self_control.o(.text)
    .text                                    0x0800291c   Section        0  uart.o(.text)
    initUartNvic                             0x0800291d   Thumb Code    62  uart.o(.text)
    initUartParams                           0x0800295b   Thumb Code    42  uart.o(.text)
    initUartGpio                             0x08002985   Thumb Code    92  uart.o(.text)
    initUartRcc                              0x080029e1   Thumb Code   106  uart.o(.text)
    uartIrqHandler                           0x08002aa3   Thumb Code   178  uart.o(.text)
    .text                                    0x08002c2c   Section        0  mg_canal_level.o(.text)
    processStuffAndCrc                       0x08002c2d   Thumb Code    92  mg_canal_level.o(.text)
    processStartByte                         0x08002c89   Thumb Code    22  mg_canal_level.o(.text)
    processHeaderCrc                         0x08002c9f   Thumb Code    52  mg_canal_level.o(.text)
    isSizeValid                              0x08002cd3   Thumb Code    18  mg_canal_level.o(.text)
    processSize                              0x08002ce5   Thumb Code    52  mg_canal_level.o(.text)
    isDevAddrValid                           0x08002d19   Thumb Code    24  mg_canal_level.o(.text)
    processDevAddress                        0x08002d31   Thumb Code    50  mg_canal_level.o(.text)
    .text                                    0x08002e34   Section        0  mg_common.o(.text)
    G_MakeGbyte                              0x08002f57   Thumb Code    14  mg_common.o(.text)
    .text                                    0x08002f64   Section        0  mg_data_level.o(.text)
    generateNack                             0x08002f65   Thumb Code    50  mg_data_level.o(.text)
    processReadRangeReq                      0x08002f97   Thumb Code   212  mg_data_level.o(.text)
    processReadSeriesReq                     0x0800306b   Thumb Code   190  mg_data_level.o(.text)
    processWriteRangeReq                     0x08003129   Thumb Code   242  mg_data_level.o(.text)
    processWriteSeriesReq                    0x0800321b   Thumb Code   244  mg_data_level.o(.text)
    processReadRangeAns                      0x08003381   Thumb Code   160  mg_data_level.o(.text)
    processReadSeriesAns                     0x08003421   Thumb Code   192  mg_data_level.o(.text)
    processWriteRangeAns                     0x080034e1   Thumb Code    58  mg_data_level.o(.text)
    processWriteSeriesAns                    0x0800351b   Thumb Code    98  mg_data_level.o(.text)
    G_MakeGbyte                              0x080035fb   Thumb Code    14  mg_data_level.o(.text)
    G_GetFcode                               0x08003609   Thumb Code     8  mg_data_level.o(.text)
    .text                                    0x08003610   Section        0  mg_regs.o(.text)
    .text                                    0x080036c0   Section        0  heapauxi.o(.text)
    .text                                    0x080036c6   Section       74  sys_stackheap_outer.o(.text)
    .text                                    0x08003710   Section        0  exit.o(.text)
    .text                                    0x0800371c   Section        8  libspace.o(.text)
    .text                                    0x08003724   Section        0  sys_exit.o(.text)
    .text                                    0x08003730   Section        2  use_no_semi.o(.text)
    .text                                    0x08003732   Section        0  indicate_semi.o(.text)
    .data                                    0x20000000   Section       20  system_stm32f10x.o(.data)
    .data                                    0x20000014   Section       20  stm32f10x_rcc.o(.data)
    APBAHBPrescTable                         0x20000014   Data          16  stm32f10x_rcc.o(.data)
    ADCPrescTable                            0x20000024   Data           4  stm32f10x_rcc.o(.data)
    .data                                    0x20000028   Section        4  time_service.o(.data)
    SystemTime                               0x20000028   Data           4  time_service.o(.data)
    .data                                    0x2000002c   Section       20  link_slave.o(.data)
    MsgTransmited                            0x2000002c   Data           1  link_slave.o(.data)
    LinkUart                                 0x20000030   Data           4  link_slave.o(.data)
    State                                    0x20000034   Data           1  link_slave.o(.data)
    lostLinkTimer                            0x20000038   Data           8  link_slave.o(.data)
    .data                                    0x20000040   Section        1  self_control.o(.data)
    .data                                    0x20000044   Section      312  uart.o(.data)
    .data                                    0x2000017c   Section        4  mg_regs.o(.data)
    .bss                                     0x20000180   Section      544  link_slave.o(.bss)
    Answer                                   0x20000180   Data         264  link_slave.o(.bss)
    Request                                  0x20000288   Data         280  link_slave.o(.bss)
    .bss                                     0x200003a0   Section       96  libspace.o(.bss)
    HEAP                                     0x20000400   Section      512  startup_stm32f10x_md.o(HEAP)
    Heap_Mem                                 0x20000400   Data         512  startup_stm32f10x_md.o(HEAP)
    STACK                                    0x20000600   Section     1024  startup_stm32f10x_md.o(STACK)
    Stack_Mem                                0x20000600   Data        1024  startup_stm32f10x_md.o(STACK)
    __initial_sp                             0x20000a00   Data           0  startup_stm32f10x_md.o(STACK)

    Global Symbols

    Symbol Name                              Value     Ov Type        Size  Object(Section)

    BuildAttributes$$THM_ISAv4$P$D$K$B$S$PE$A:L22UL41UL21$X:L11$S22US41US21$IEEE1$IW$USESV6$~STKCKD$USESV7$~SHL$OSPACE$ROPI$EBA8$UX$STANDARDLIB$REQ8$PRES8$EABIv2 0x00000000   Number         0  anon$$obj.o ABSOLUTE
    __ARM_use_no_argv                        0x00000000   Number         0  main.o ABSOLUTE
    __ARM_exceptions_init                     - Undefined Weak Reference
    __alloca_initialize                       - Undefined Weak Reference
    __arm_preinit_                            - Undefined Weak Reference
    __cpp_initialize__aeabi_                  - Undefined Weak Reference
    __cxa_finalize                            - Undefined Weak Reference
    __rt_locale                               - Undefined Weak Reference
    __sigvec_lookup                           - Undefined Weak Reference
    _atexit_init                              - Undefined Weak Reference
    _call_atexit_fns                          - Undefined Weak Reference
    _clock_init                               - Undefined Weak Reference
    _fp_trap_init                             - Undefined Weak Reference
    _fp_trap_shutdown                         - Undefined Weak Reference
    _get_lc_collate                           - Undefined Weak Reference
    _get_lc_ctype                             - Undefined Weak Reference
    _get_lc_monetary                          - Undefined Weak Reference
    _get_lc_numeric                           - Undefined Weak Reference
    _get_lc_time                              - Undefined Weak Reference
    _getenv_init                              - Undefined Weak Reference
    _handle_redirection                       - Undefined Weak Reference
    _init_alloc                               - Undefined Weak Reference
    _init_user_alloc                          - Undefined Weak Reference
    _initio                                   - Undefined Weak Reference
    _rand_init                                - Undefined Weak Reference
    _signal_finish                            - Undefined Weak Reference
    _signal_init                              - Undefined Weak Reference
    _terminate_alloc                          - Undefined Weak Reference
    _terminate_user_alloc                     - Undefined Weak Reference
    _terminateio                              - Undefined Weak Reference
    __Vectors_Size                           0x000000ec   Number         0  startup_stm32f10x_md.o ABSOLUTE
    __Vectors                                0x08000000   Data           4  startup_stm32f10x_md.o(RESET)
    __Vectors_End                            0x080000ec   Data           0  startup_stm32f10x_md.o(RESET)
    __main                                   0x080000ed   Thumb Code     8  __main.o(!!!main)
    __scatterload                            0x080000f5   Thumb Code     0  __scatter.o(!!!scatter)
    __scatterload_rt2                        0x080000f5   Thumb Code    44  __scatter.o(!!!scatter)
    __scatterload_rt2_thumb_only             0x080000f5   Thumb Code     0  __scatter.o(!!!scatter)
    __scatterload_null                       0x08000103   Thumb Code     0  __scatter.o(!!!scatter)
    __decompress                             0x08000129   Thumb Code    90  __dczerorl2.o(!!dczerorl2)
    __decompress1                            0x08000129   Thumb Code     0  __dczerorl2.o(!!dczerorl2)
    __scatterload_zeroinit                   0x08000185   Thumb Code    28  __scatter_zi.o(!!handler_zi)
    __rt_lib_init                            0x080001a1   Thumb Code     0  libinit.o(.ARM.Collect$$libinit$$00000000)
    __rt_lib_init_alloca_1                   0x080001a3   Thumb Code     0  libinit2.o(.ARM.Collect$$libinit$$0000002E)
    __rt_lib_init_argv_1                     0x080001a3   Thumb Code     0  libinit2.o(.ARM.Collect$$libinit$$0000002C)
    __rt_lib_init_atexit_1                   0x080001a3   Thumb Code     0  libinit2.o(.ARM.Collect$$libinit$$0000001B)
    __rt_lib_init_clock_1                    0x080001a3   Thumb Code     0  libinit2.o(.ARM.Collect$$libinit$$00000021)
    __rt_lib_init_cpp_1                      0x080001a3   Thumb Code     0  libinit2.o(.ARM.Collect$$libinit$$00000032)
    __rt_lib_init_exceptions_1               0x080001a3   Thumb Code     0  libinit2.o(.ARM.Collect$$libinit$$00000030)
    __rt_lib_init_fp_1                       0x080001a3   Thumb Code     0  libinit2.o(.ARM.Collect$$libinit$$00000002)
    __rt_lib_init_fp_trap_1                  0x080001a3   Thumb Code     0  libinit2.o(.ARM.Collect$$libinit$$0000001F)
    __rt_lib_init_getenv_1                   0x080001a3   Thumb Code     0  libinit2.o(.ARM.Collect$$libinit$$00000023)
    __rt_lib_init_heap_1                     0x080001a3   Thumb Code     0  libinit2.o(.ARM.Collect$$libinit$$0000000A)
    __rt_lib_init_lc_collate_1               0x080001a3   Thumb Code     0  libinit2.o(.ARM.Collect$$libinit$$00000011)
    __rt_lib_init_lc_ctype_1                 0x080001a3   Thumb Code     0  libinit2.o(.ARM.Collect$$libinit$$00000013)
    __rt_lib_init_lc_monetary_1              0x080001a3   Thumb Code     0  libinit2.o(.ARM.Collect$$libinit$$00000015)
    __rt_lib_init_lc_numeric_1               0x080001a3   Thumb Code     0  libinit2.o(.ARM.Collect$$libinit$$00000017)
    __rt_lib_init_lc_time_1                  0x080001a3   Thumb Code     0  libinit2.o(.ARM.Collect$$libinit$$00000019)
    __rt_lib_init_preinit_1                  0x080001a3   Thumb Code     0  libinit2.o(.ARM.Collect$$libinit$$00000004)
    __rt_lib_init_rand_1                     0x080001a3   Thumb Code     0  libinit2.o(.ARM.Collect$$libinit$$0000000E)
    __rt_lib_init_return                     0x080001a3   Thumb Code     0  libinit2.o(.ARM.Collect$$libinit$$00000033)
    __rt_lib_init_signal_1                   0x080001a3   Thumb Code     0  libinit2.o(.ARM.Collect$$libinit$$0000001D)
    __rt_lib_init_stdio_1                    0x080001a3   Thumb Code     0  libinit2.o(.ARM.Collect$$libinit$$00000025)
    __rt_lib_init_user_alloc_1               0x080001a3   Thumb Code     0  libinit2.o(.ARM.Collect$$libinit$$0000000C)
    __rt_lib_shutdown                        0x080001a5   Thumb Code     0  libshutdown.o(.ARM.Collect$$libshutdown$$00000000)
    __rt_lib_shutdown_fp_trap_1              0x080001a7   Thumb Code     0  libshutdown2.o(.ARM.Collect$$libshutdown$$00000006)
    __rt_lib_shutdown_heap_1                 0x080001a7   Thumb Code     0  libshutdown2.o(.ARM.Collect$$libshutdown$$0000000E)
    __rt_lib_shutdown_return                 0x080001a7   Thumb Code     0  libshutdown2.o(.ARM.Collect$$libshutdown$$0000000F)
    __rt_lib_shutdown_signal_1               0x080001a7   Thumb Code     0  libshutdown2.o(.ARM.Collect$$libshutdown$$00000009)
    __rt_lib_shutdown_stdio_1                0x080001a7   Thumb Code     0  libshutdown2.o(.ARM.Collect$$libshutdown$$00000003)
    __rt_lib_shutdown_user_alloc_1           0x080001a7   Thumb Code     0  libshutdown2.o(.ARM.Collect$$libshutdown$$0000000B)
    __rt_entry                               0x080001a9   Thumb Code     0  __rtentry.o(.ARM.Collect$$rtentry$$00000000)
    __rt_entry_presh_1                       0x080001a9   Thumb Code     0  __rtentry2.o(.ARM.Collect$$rtentry$$00000002)
    __rt_entry_sh                            0x080001a9   Thumb Code     0  __rtentry4.o(.ARM.Collect$$rtentry$$00000004)
    __rt_entry_li                            0x080001af   Thumb Code     0  __rtentry2.o(.ARM.Collect$$rtentry$$0000000A)
    __rt_entry_postsh_1                      0x080001af   Thumb Code     0  __rtentry2.o(.ARM.Collect$$rtentry$$00000009)
    __rt_entry_main                          0x080001b3   Thumb Code     0  __rtentry2.o(.ARM.Collect$$rtentry$$0000000D)
    __rt_entry_postli_1                      0x080001b3   Thumb Code     0  __rtentry2.o(.ARM.Collect$$rtentry$$0000000C)
    __rt_exit                                0x080001bb   Thumb Code     0  rtexit.o(.ARM.Collect$$rtexit$$00000000)
    __rt_exit_ls                             0x080001bd   Thumb Code     0  rtexit2.o(.ARM.Collect$$rtexit$$00000003)
    __rt_exit_prels_1                        0x080001bd   Thumb Code     0  rtexit2.o(.ARM.Collect$$rtexit$$00000002)
    __rt_exit_exit                           0x080001c1   Thumb Code     0  rtexit2.o(.ARM.Collect$$rtexit$$00000004)
    Reset_Handler                            0x080001c9   Thumb Code     8  startup_stm32f10x_md.o(.text)
    NMI_Handler                              0x080001d1   Thumb Code     2  startup_stm32f10x_md.o(.text)
    HardFault_Handler                        0x080001d3   Thumb Code     2  startup_stm32f10x_md.o(.text)
    MemManage_Handler                        0x080001d5   Thumb Code     2  startup_stm32f10x_md.o(.text)
    BusFault_Handler                         0x080001d7   Thumb Code     2  startup_stm32f10x_md.o(.text)
    UsageFault_Handler                       0x080001d9   Thumb Code     2  startup_stm32f10x_md.o(.text)
    SVC_Handler                              0x080001db   Thumb Code     2  startup_stm32f10x_md.o(.text)
    DebugMon_Handler                         0x080001dd   Thumb Code     2  startup_stm32f10x_md.o(.text)
    PendSV_Handler                           0x080001df   Thumb Code     2  startup_stm32f10x_md.o(.text)
    ADC1_2_IRQHandler                        0x080001e3   Thumb Code     0  startup_stm32f10x_md.o(.text)
    CAN1_RX1_IRQHandler                      0x080001e3   Thumb Code     0  startup_stm32f10x_md.o(.text)
    CAN1_SCE_IRQHandler                      0x080001e3   Thumb Code     0  startup_stm32f10x_md.o(.text)
    DMA1_Channel1_IRQHandler                 0x080001e3   Thumb Code     0  startup_stm32f10x_md.o(.text)
    DMA1_Channel2_IRQHandler                 0x080001e3   Thumb Code     0  startup_stm32f10x_md.o(.text)
    DMA1_Channel3_IRQHandler                 0x080001e3   Thumb Code     0  startup_stm32f10x_md.o(.text)
    DMA1_Channel4_IRQHandler                 0x080001e3   Thumb Code     0  startup_stm32f10x_md.o(.text)
    DMA1_Channel5_IRQHandler                 0x080001e3   Thumb Code     0  startup_stm32f10x_md.o(.text)
    DMA1_Channel6_IRQHandler                 0x080001e3   Thumb Code     0  startup_stm32f10x_md.o(.text)
    DMA1_Channel7_IRQHandler                 0x080001e3   Thumb Code     0  startup_stm32f10x_md.o(.text)
    EXTI0_IRQHandler                         0x080001e3   Thumb Code     0  startup_stm32f10x_md.o(.text)
    EXTI15_10_IRQHandler                     0x080001e3   Thumb Code     0  startup_stm32f10x_md.o(.text)
    EXTI1_IRQHandler                         0x080001e3   Thumb Code     0  startup_stm32f10x_md.o(.text)
    EXTI2_IRQHandler                         0x080001e3   Thumb Code     0  startup_stm32f10x_md.o(.text)
    EXTI3_IRQHandler                         0x080001e3   Thumb Code     0  startup_stm32f10x_md.o(.text)
    EXTI4_IRQHandler                         0x080001e3   Thumb Code     0  startup_stm32f10x_md.o(.text)
    EXTI9_5_IRQHandler                       0x080001e3   Thumb Code     0  startup_stm32f10x_md.o(.text)
    FLASH_IRQHandler                         0x080001e3   Thumb Code     0  startup_stm32f10x_md.o(.text)
    I2C1_ER_IRQHandler                       0x080001e3   Thumb Code     0  startup_stm32f10x_md.o(.text)
    I2C1_EV_IRQHandler                       0x080001e3   Thumb Code     0  startup_stm32f10x_md.o(.text)
    I2C2_ER_IRQHandler                       0x080001e3   Thumb Code     0  startup_stm32f10x_md.o(.text)
    I2C2_EV_IRQHandler                       0x080001e3   Thumb Code     0  startup_stm32f10x_md.o(.text)
    PVD_IRQHandler                           0x080001e3   Thumb Code     0  startup_stm32f10x_md.o(.text)
    RCC_IRQHandler                           0x080001e3   Thumb Code     0  startup_stm32f10x_md.o(.text)
    RTCAlarm_IRQHandler                      0x080001e3   Thumb Code     0  startup_stm32f10x_md.o(.text)
    RTC_IRQHandler                           0x080001e3   Thumb Code     0  startup_stm32f10x_md.o(.text)
    SPI1_IRQHandler                          0x080001e3   Thumb Code     0  startup_stm32f10x_md.o(.text)
    SPI2_IRQHandler                          0x080001e3   Thumb Code     0  startup_stm32f10x_md.o(.text)
    TAMPER_IRQHandler                        0x080001e3   Thumb Code     0  startup_stm32f10x_md.o(.text)
    TIM1_BRK_IRQHandler                      0x080001e3   Thumb Code     0  startup_stm32f10x_md.o(.text)
    TIM1_CC_IRQHandler                       0x080001e3   Thumb Code     0  startup_stm32f10x_md.o(.text)
    TIM1_TRG_COM_IRQHandler                  0x080001e3   Thumb Code     0  startup_stm32f10x_md.o(.text)
    TIM1_UP_IRQHandler                       0x080001e3   Thumb Code     0  startup_stm32f10x_md.o(.text)
    TIM2_IRQHandler                          0x080001e3   Thumb Code     0  startup_stm32f10x_md.o(.text)
    TIM3_IRQHandler                          0x080001e3   Thumb Code     0  startup_stm32f10x_md.o(.text)
    TIM4_IRQHandler                          0x080001e3   Thumb Code     0  startup_stm32f10x_md.o(.text)
    USART1_IRQHandler                        0x080001e3   Thumb Code     0  startup_stm32f10x_md.o(.text)
    USART3_IRQHandler                        0x080001e3   Thumb Code     0  startup_stm32f10x_md.o(.text)
    USBWakeUp_IRQHandler                     0x080001e3   Thumb Code     0  startup_stm32f10x_md.o(.text)
    USB_HP_CAN1_TX_IRQHandler                0x080001e3   Thumb Code     0  startup_stm32f10x_md.o(.text)
    USB_LP_CAN1_RX0_IRQHandler               0x080001e3   Thumb Code     0  startup_stm32f10x_md.o(.text)
    WWDG_IRQHandler                          0x080001e3   Thumb Code     0  startup_stm32f10x_md.o(.text)
    __user_initial_stackheap                 0x080001e5   Thumb Code     0  startup_stm32f10x_md.o(.text)
    Blink                                    0x08000209   Thumb Code    62  main.o(.text)
    OutputMCO                                0x08000247   Thumb Code    38  main.o(.text)
    main                                     0x0800026d   Thumb Code    62  main.o(.text)
    assert_failed                            0x080002ab   Thumb Code     4  main.o(.text)
    SystemInit                               0x0800039b   Thumb Code    78  system_stm32f10x.o(.text)
    SystemCoreClockUpdate                    0x080003e9   Thumb Code   142  system_stm32f10x.o(.text)
    NVIC_PriorityGroupConfig                 0x0800049d   Thumb Code    54  misc.o(.text)
    NVIC_Init                                0x080004d3   Thumb Code   158  misc.o(.text)
    NVIC_SetVectorTable                      0x08000571   Thumb Code    60  misc.o(.text)
    NVIC_SystemLPConfig                      0x080005ad   Thumb Code    78  misc.o(.text)
    SysTick_CLKSourceConfig                  0x080005fb   Thumb Code    62  misc.o(.text)
    RCC_DeInit                               0x08000661   Thumb Code    64  stm32f10x_rcc.o(.text)
    RCC_HSEConfig                            0x080006a1   Thumb Code   100  stm32f10x_rcc.o(.text)
    RCC_GetFlagStatus                        0x08000705   Thumb Code   118  stm32f10x_rcc.o(.text)
    RCC_WaitForHSEStartUp                    0x0800077b   Thumb Code    56  stm32f10x_rcc.o(.text)
    RCC_AdjustHSICalibrationValue            0x080007b3   Thumb Code    38  stm32f10x_rcc.o(.text)
    RCC_HSICmd                               0x080007d9   Thumb Code    28  stm32f10x_rcc.o(.text)
    RCC_PLLConfig                            0x080007f5   Thumb Code   152  stm32f10x_rcc.o(.text)
    RCC_PLLCmd                               0x0800088d   Thumb Code    28  stm32f10x_rcc.o(.text)
    RCC_SYSCLKConfig                         0x080008a9   Thumb Code    42  stm32f10x_rcc.o(.text)
    RCC_GetSYSCLKSource                      0x080008d3   Thumb Code    10  stm32f10x_rcc.o(.text)
    RCC_HCLKConfig                           0x080008dd   Thumb Code    66  stm32f10x_rcc.o(.text)
    RCC_PCLK1Config                          0x0800091f   Thumb Code    58  stm32f10x_rcc.o(.text)
    RCC_PCLK2Config                          0x08000959   Thumb Code    60  stm32f10x_rcc.o(.text)
    RCC_ITConfig                             0x08000995   Thumb Code    70  stm32f10x_rcc.o(.text)
    RCC_USBCLKConfig                         0x080009db   Thumb Code    30  stm32f10x_rcc.o(.text)
    RCC_ADCCLKConfig                         0x080009f9   Thumb Code    52  stm32f10x_rcc.o(.text)
    RCC_LSEConfig                            0x08000a2d   Thumb Code   114  stm32f10x_rcc.o(.text)
    RCC_LSICmd                               0x08000a9f   Thumb Code    30  stm32f10x_rcc.o(.text)
    RCC_RTCCLKConfig                         0x08000abd   Thumb Code    52  stm32f10x_rcc.o(.text)
    RCC_RTCCLKCmd                            0x08000af1   Thumb Code    32  stm32f10x_rcc.o(.text)
    RCC_GetClocksFreq                        0x08000b11   Thumb Code   208  stm32f10x_rcc.o(.text)
    RCC_AHBPeriphClockCmd                    0x08000be1   Thumb Code    86  stm32f10x_rcc.o(.text)
    RCC_APB2PeriphClockCmd                   0x08000c37   Thumb Code    82  stm32f10x_rcc.o(.text)
    RCC_APB1PeriphClockCmd                   0x08000c89   Thumb Code    82  stm32f10x_rcc.o(.text)
    RCC_APB2PeriphResetCmd                   0x08000cdb   Thumb Code    82  stm32f10x_rcc.o(.text)
    RCC_APB1PeriphResetCmd                   0x08000d2d   Thumb Code    82  stm32f10x_rcc.o(.text)
    RCC_BackupResetCmd                       0x08000d7f   Thumb Code    32  stm32f10x_rcc.o(.text)
    RCC_ClockSecuritySystemCmd               0x08000d9f   Thumb Code    30  stm32f10x_rcc.o(.text)
    RCC_MCOConfig                            0x08000dbd   Thumb Code    44  stm32f10x_rcc.o(.text)
    RCC_ClearFlag                            0x08000de9   Thumb Code    18  stm32f10x_rcc.o(.text)
    RCC_GetITStatus                          0x08000dfb   Thumb Code    64  stm32f10x_rcc.o(.text)
    RCC_ClearITPendingBit                    0x08000e3b   Thumb Code    34  stm32f10x_rcc.o(.text)
    GPIO_DeInit                              0x08000e81   Thumb Code   224  stm32f10x_gpio.o(.text)
    GPIO_AFIODeInit                          0x08000f61   Thumb Code    20  stm32f10x_gpio.o(.text)
    GPIO_Init                                0x08000f75   Thumb Code   378  stm32f10x_gpio.o(.text)
    GPIO_StructInit                          0x080010ef   Thumb Code    16  stm32f10x_gpio.o(.text)
    GPIO_ReadInputDataBit                    0x080010ff   Thumb Code   170  stm32f10x_gpio.o(.text)
    GPIO_ReadInputData                       0x080011a9   Thumb Code    64  stm32f10x_gpio.o(.text)
    GPIO_ReadOutputDataBit                   0x080011e9   Thumb Code   228  stm32f10x_gpio.o(.text)
    GPIO_ReadOutputData                      0x080012cd   Thumb Code    66  stm32f10x_gpio.o(.text)
    GPIO_SetBits                             0x0800130f   Thumb Code    86  stm32f10x_gpio.o(.text)
    GPIO_ResetBits                           0x08001365   Thumb Code    86  stm32f10x_gpio.o(.text)
    GPIO_WriteBit                            0x080013bb   Thumb Code   188  stm32f10x_gpio.o(.text)
    GPIO_Write                               0x08001477   Thumb Code    66  stm32f10x_gpio.o(.text)
    GPIO_PinLockConfig                       0x080014b9   Thumb Code   100  stm32f10x_gpio.o(.text)
    GPIO_EventOutputConfig                   0x0800151d   Thumb Code   138  stm32f10x_gpio.o(.text)
    GPIO_EventOutputCmd                      0x080015a7   Thumb Code    30  stm32f10x_gpio.o(.text)
    GPIO_PinRemapConfig                      0x080015c5   Thumb Code   552  stm32f10x_gpio.o(.text)
    GPIO_EXTILineConfig                      0x080017ed   Thumb Code   186  stm32f10x_gpio.o(.text)
    GPIO_ETH_MediaInterfaceConfig            0x080018a7   Thumb Code    30  stm32f10x_gpio.o(.text)
    USART_DeInit                             0x080018e1   Thumb Code   174  stm32f10x_usart.o(.text)
    USART_Init                               0x0800198f   Thumb Code   450  stm32f10x_usart.o(.text)
    USART_StructInit                         0x08001b51   Thumb Code    24  stm32f10x_usart.o(.text)
    USART_ClockInit                          0x08001b69   Thumb Code   162  stm32f10x_usart.o(.text)
    USART_ClockStructInit                    0x08001c0b   Thumb Code    12  stm32f10x_usart.o(.text)
    USART_Cmd                                0x08001c17   Thumb Code    90  stm32f10x_usart.o(.text)
    USART_ITConfig                           0x08001c71   Thumb Code   308  stm32f10x_usart.o(.text)
    USART_DMACmd                             0x08001da5   Thumb Code   114  stm32f10x_usart.o(.text)
    USART_SetAddress                         0x08001e17   Thumb Code    86  stm32f10x_usart.o(.text)
    USART_WakeUpConfig                       0x08001e6d   Thumb Code    90  stm32f10x_usart.o(.text)
    USART_ReceiverWakeUpCmd                  0x08001ec7   Thumb Code    94  stm32f10x_usart.o(.text)
    USART_LINBreakDetectLengthConfig         0x08001f25   Thumb Code    88  stm32f10x_usart.o(.text)
    USART_LINCmd                             0x08001f7d   Thumb Code    94  stm32f10x_usart.o(.text)
    USART_SendData                           0x08001fdb   Thumb Code    78  stm32f10x_usart.o(.text)
    USART_ReceiveData                        0x08002029   Thumb Code    56  stm32f10x_usart.o(.text)
    USART_SendBreak                          0x08002061   Thumb Code    58  stm32f10x_usart.o(.text)
    USART_SetGuardTime                       0x0800209b   Thumb Code    54  stm32f10x_usart.o(.text)
    USART_SetPrescaler                       0x080020d1   Thumb Code    66  stm32f10x_usart.o(.text)
    USART_SmartCardCmd                       0x08002113   Thumb Code   102  stm32f10x_usart.o(.text)
    USART_SmartCardNACKCmd                   0x08002179   Thumb Code    82  stm32f10x_usart.o(.text)
    USART_HalfDuplexCmd                      0x080021cb   Thumb Code    94  stm32f10x_usart.o(.text)
    USART_OverSampling8Cmd                   0x08002229   Thumb Code    92  stm32f10x_usart.o(.text)
    USART_OneBitMethodCmd                    0x08002285   Thumb Code    94  stm32f10x_usart.o(.text)
    USART_IrDAConfig                         0x080022e3   Thumb Code    88  stm32f10x_usart.o(.text)
    USART_IrDACmd                            0x0800233b   Thumb Code    94  stm32f10x_usart.o(.text)
    USART_GetFlagStatus                      0x08002399   Thumb Code   164  stm32f10x_usart.o(.text)
    USART_ClearFlag                          0x0800243d   Thumb Code   122  stm32f10x_usart.o(.text)
    USART_GetITStatus                        0x080024b7   Thumb Code   280  stm32f10x_usart.o(.text)
    USART_ClearITPendingBit                  0x080025cf   Thumb Code   158  stm32f10x_usart.o(.text)
    InitTimeService                          0x08002681   Thumb Code   104  time_service.o(.text)
    SysTick_Handler                          0x080026e9   Thumb Code    12  time_service.o(.text)
    GetSystemTime                            0x080026f5   Thumb Code     6  time_service.o(.text)
    Delay                                    0x080026fb   Thumb Code    26  time_service.o(.text)
    Crc16                                    0x08002725   Thumb Code    62  crc.o(.text)
    Crc8                                     0x08002763   Thumb Code    56  crc.o(.text)
    InitLinkSlave                            0x080027a5   Thumb Code    64  link_slave.o(.text)
    ResetLinkSlave                           0x080027e5   Thumb Code     8  link_slave.o(.text)
    ProcessLinkSlave                         0x080027ef   Thumb Code   226  link_slave.o(.text)
    InitSelfControlFsm                       0x080028fd   Thumb Code     8  self_control.o(.text)
    SelfControlFsm                           0x08002905   Thumb Code    16  self_control.o(.text)
    InitIwdg                                 0x08002915   Thumb Code     2  self_control.o(.text)
    InitUart                                 0x08002a4b   Thumb Code    76  uart.o(.text)
    UartDelay                                0x08002a97   Thumb Code    12  uart.o(.text)
    USART2_IRQHandler                        0x08002b55   Thumb Code    10  uart.o(.text)
    GetByteFromUart                          0x08002b5f   Thumb Code    64  uart.o(.text)
    IsNewDataInUart                          0x08002b9f   Thumb Code    16  uart.o(.text)
    SendDataToUart                           0x08002baf   Thumb Code    36  uart.o(.text)
    EnableUartReceive                        0x08002bd3   Thumb Code    28  uart.o(.text)
    DisableUartReceive                       0x08002bef   Thumb Code    14  uart.o(.text)
    TxCallbackDefault                        0x08002bfd   Thumb Code     2  uart.o(.text)
    RxOvrHandlerDefault                      0x08002bff   Thumb Code     2  uart.o(.text)
    RxCallbackDefault                        0x08002c01   Thumb Code     2  uart.o(.text)
    MG_ComposeMsg                            0x08002d63   Thumb Code   134  mg_canal_level.o(.text)
    MG_WrapMsg                               0x08002de9   Thumb Code    62  mg_canal_level.o(.text)
    MG_IsAnsNeeded                           0x08002e27   Thumb Code    14  mg_canal_level.o(.text)
    getRegAdrDummy                           0x08002e35   Thumb Code     6  mg_common.o(.text)
    MG_InitInputStruct                       0x08002e3b   Thumb Code    58  mg_common.o(.text)
    MG_InitOutputStruct                      0x08002e75   Thumb Code    24  mg_common.o(.text)
    MG_StartWriteReq                         0x08002e8d   Thumb Code    32  mg_common.o(.text)
    MG_AddRegToWriteReq                      0x08002ead   Thumb Code    32  mg_common.o(.text)
    MG_IsWriteReqFull                        0x08002ecd   Thumb Code    28  mg_common.o(.text)
    MG_StartReadReq                          0x08002ee9   Thumb Code    32  mg_common.o(.text)
    MG_AddRegToReadReq                       0x08002f09   Thumb Code    22  mg_common.o(.text)
    MG_IsReadReqFull                         0x08002f1f   Thumb Code    20  mg_common.o(.text)
    MG_SetRegRemapFunc                       0x08002f33   Thumb Code     6  mg_common.o(.text)
    MG_SetInputDevAdr                        0x08002f39   Thumb Code     6  mg_common.o(.text)
    MG_SetOutputDevAdr                       0x08002f3f   Thumb Code     6  mg_common.o(.text)
    MG_GetOutputDevAdr                       0x08002f45   Thumb Code     8  mg_common.o(.text)
    MG_GetOutBufPtr                          0x08002f4d   Thumb Code     2  mg_common.o(.text)
    MG_GetOutBufSize                         0x08002f4f   Thumb Code     8  mg_common.o(.text)
    MG_ProcessRequest                        0x0800330f   Thumb Code   114  mg_data_level.o(.text)
    MG_ProcessAnswer                         0x0800357d   Thumb Code   126  mg_data_level.o(.text)
    MG_GetReg                                0x08003611   Thumb Code    22  mg_regs.o(.text)
    MG_SetReg                                0x08003627   Thumb Code    34  mg_regs.o(.text)
    MG_IsRegChanged                          0x08003649   Thumb Code    54  mg_regs.o(.text)
    MG_IsRegValid                            0x0800367f   Thumb Code    20  mg_regs.o(.text)
    MG_IsRegTypeR                            0x08003693   Thumb Code    14  mg_regs.o(.text)
    MG_IsRegTypeW                            0x080036a1   Thumb Code    14  mg_regs.o(.text)
    __use_two_region_memory                  0x080036c1   Thumb Code     2  heapauxi.o(.text)
    __rt_heap_escrow$2region                 0x080036c3   Thumb Code     2  heapauxi.o(.text)
    __rt_heap_expand$2region                 0x080036c5   Thumb Code     2  heapauxi.o(.text)
    __user_setup_stackheap                   0x080036c7   Thumb Code    74  sys_stackheap_outer.o(.text)
    exit                                     0x08003711   Thumb Code    12  exit.o(.text)
    __user_libspace                          0x0800371d   Thumb Code     8  libspace.o(.text)
    __user_perproc_libspace                  0x0800371d   Thumb Code     0  libspace.o(.text)
    __user_perthread_libspace                0x0800371d   Thumb Code     0  libspace.o(.text)
    _sys_exit                                0x08003725   Thumb Code     8  sys_exit.o(.text)
    __I$use$semihosting                      0x08003731   Thumb Code     0  use_no_semi.o(.text)
    __use_no_semihosting_swi                 0x08003731   Thumb Code     2  use_no_semi.o(.text)
    __semihosting_library_function           0x08003733   Thumb Code     0  indicate_semi.o(.text)
    Region$$Table$$Base                      0x08003734   Number         0  anon$$obj.o(Region$$Table)
    Region$$Table$$Limit                     0x08003754   Number         0  anon$$obj.o(Region$$Table)
    SystemCoreClock                          0x20000000   Data           4  system_stm32f10x.o(.data)
    AHBPrescTable                            0x20000004   Data          16  system_stm32f10x.o(.data)
    SelfControlState                         0x20000040   Data           1  self_control.o(.data)
    Uart2                                    0x20000044   Data         312  uart.o(.data)
    RegsRo                                   0x2000017c   Data           1  mg_regs.o(.data)
    RegsRw                                   0x2000017d   Data           1  mg_regs.o(.data)
    ChangeFlagsRo                            0x2000017e   Data           1  mg_regs.o(.data)
    ChangeFlagsRw                            0x2000017f   Data           1  mg_regs.o(.data)
    __libspace_start                         0x200003a0   Data          96  libspace.o(.bss)
    __temporary_stack_top$libspace           0x20000400   Data           0  libspace.o(.bss)



==============================================================================

Memory Map of the image

  Image Entry point : 0x080000ed

  Load Region LR_IROM1 (Base: 0x08000000, Size: 0x000038d4, Max: 0x00010000, ABSOLUTE, COMPRESSED[0x00003790])

    Execution Region ER_IROM1 (Base: 0x08000000, Size: 0x00003754, Max: 0x00010000, ABSOLUTE)

    Base Addr    Size         Type   Attr      Idx    E Section Name        Object

    0x08000000   0x000000ec   Data   RO            3    RESET               startup_stm32f10x_md.o
    0x080000ec   0x00000008   Code   RO          371  * !!!main             c_w.l(__main.o)
    0x080000f4   0x00000034   Code   RO          529    !!!scatter          c_w.l(__scatter.o)
    0x08000128   0x0000005a   Code   RO          527    !!dczerorl2         c_w.l(__dczerorl2.o)
    0x08000182   0x00000002   PAD
    0x08000184   0x0000001c   Code   RO          531    !!handler_zi        c_w.l(__scatter_zi.o)
    0x080001a0   0x00000002   Code   RO          398    .ARM.Collect$$libinit$$00000000  c_w.l(libinit.o)
    0x080001a2   0x00000000   Code   RO          405    .ARM.Collect$$libinit$$00000002  c_w.l(libinit2.o)
    0x080001a2   0x00000000   Code   RO          407    .ARM.Collect$$libinit$$00000004  c_w.l(libinit2.o)
    0x080001a2   0x00000000   Code   RO          410    .ARM.Collect$$libinit$$0000000A  c_w.l(libinit2.o)
    0x080001a2   0x00000000   Code   RO          412    .ARM.Collect$$libinit$$0000000C  c_w.l(libinit2.o)
    0x080001a2   0x00000000   Code   RO          414    .ARM.Collect$$libinit$$0000000E  c_w.l(libinit2.o)
    0x080001a2   0x00000000   Code   RO          417    .ARM.Collect$$libinit$$00000011  c_w.l(libinit2.o)
    0x080001a2   0x00000000   Code   RO          419    .ARM.Collect$$libinit$$00000013  c_w.l(libinit2.o)
    0x080001a2   0x00000000   Code   RO          421    .ARM.Collect$$libinit$$00000015  c_w.l(libinit2.o)
    0x080001a2   0x00000000   Code   RO          423    .ARM.Collect$$libinit$$00000017  c_w.l(libinit2.o)
    0x080001a2   0x00000000   Code   RO          425    .ARM.Collect$$libinit$$00000019  c_w.l(libinit2.o)
    0x080001a2   0x00000000   Code   RO          427    .ARM.Collect$$libinit$$0000001B  c_w.l(libinit2.o)
    0x080001a2   0x00000000   Code   RO          429    .ARM.Collect$$libinit$$0000001D  c_w.l(libinit2.o)
    0x080001a2   0x00000000   Code   RO          431    .ARM.Collect$$libinit$$0000001F  c_w.l(libinit2.o)
    0x080001a2   0x00000000   Code   RO          433    .ARM.Collect$$libinit$$00000021  c_w.l(libinit2.o)
    0x080001a2   0x00000000   Code   RO          435    .ARM.Collect$$libinit$$00000023  c_w.l(libinit2.o)
    0x080001a2   0x00000000   Code   RO          437    .ARM.Collect$$libinit$$00000025  c_w.l(libinit2.o)
    0x080001a2   0x00000000   Code   RO          441    .ARM.Collect$$libinit$$0000002C  c_w.l(libinit2.o)
    0x080001a2   0x00000000   Code   RO          443    .ARM.Collect$$libinit$$0000002E  c_w.l(libinit2.o)
    0x080001a2   0x00000000   Code   RO          445    .ARM.Collect$$libinit$$00000030  c_w.l(libinit2.o)
    0x080001a2   0x00000000   Code   RO          447    .ARM.Collect$$libinit$$00000032  c_w.l(libinit2.o)
    0x080001a2   0x00000002   Code   RO          448    .ARM.Collect$$libinit$$00000033  c_w.l(libinit2.o)
    0x080001a4   0x00000002   Code   RO          468    .ARM.Collect$$libshutdown$$00000000  c_w.l(libshutdown.o)
    0x080001a6   0x00000000   Code   RO          482    .ARM.Collect$$libshutdown$$00000003  c_w.l(libshutdown2.o)
    0x080001a6   0x00000000   Code   RO          485    .ARM.Collect$$libshutdown$$00000006  c_w.l(libshutdown2.o)
    0x080001a6   0x00000000   Code   RO          488    .ARM.Collect$$libshutdown$$00000009  c_w.l(libshutdown2.o)
    0x080001a6   0x00000000   Code   RO          490    .ARM.Collect$$libshutdown$$0000000B  c_w.l(libshutdown2.o)
    0x080001a6   0x00000000   Code   RO          493    .ARM.Collect$$libshutdown$$0000000E  c_w.l(libshutdown2.o)
    0x080001a6   0x00000002   Code   RO          494    .ARM.Collect$$libshutdown$$0000000F  c_w.l(libshutdown2.o)
    0x080001a8   0x00000000   Code   RO          373    .ARM.Collect$$rtentry$$00000000  c_w.l(__rtentry.o)
    0x080001a8   0x00000000   Code   RO          375    .ARM.Collect$$rtentry$$00000002  c_w.l(__rtentry2.o)
    0x080001a8   0x00000006   Code   RO          387    .ARM.Collect$$rtentry$$00000004  c_w.l(__rtentry4.o)
    0x080001ae   0x00000000   Code   RO          377    .ARM.Collect$$rtentry$$00000009  c_w.l(__rtentry2.o)
    0x080001ae   0x00000004   Code   RO          378    .ARM.Collect$$rtentry$$0000000A  c_w.l(__rtentry2.o)
    0x080001b2   0x00000000   Code   RO          380    .ARM.Collect$$rtentry$$0000000C  c_w.l(__rtentry2.o)
    0x080001b2   0x00000008   Code   RO          381    .ARM.Collect$$rtentry$$0000000D  c_w.l(__rtentry2.o)
    0x080001ba   0x00000002   Code   RO          402    .ARM.Collect$$rtexit$$00000000  c_w.l(rtexit.o)
    0x080001bc   0x00000000   Code   RO          450    .ARM.Collect$$rtexit$$00000002  c_w.l(rtexit2.o)
    0x080001bc   0x00000004   Code   RO          451    .ARM.Collect$$rtexit$$00000003  c_w.l(rtexit2.o)
    0x080001c0   0x00000006   Code   RO          452    .ARM.Collect$$rtexit$$00000004  c_w.l(rtexit2.o)
    0x080001c6   0x00000002   PAD
    0x080001c8   0x00000040   Code   RO            4    .text               startup_stm32f10x_md.o
    0x08000208   0x000000b4   Code   RO           10    .text               main.o
    0x080002bc   0x000001e0   Code   RO          108    .text               system_stm32f10x.o
    0x0800049c   0x000001c4   Code   RO          139    .text               misc.o
    0x08000660   0x00000820   Code   RO          166    .text               stm32f10x_rcc.o
    0x08000e80   0x00000a60   Code   RO          180    .text               stm32f10x_gpio.o
    0x080018e0   0x00000da0   Code   RO          192    .text               stm32f10x_usart.o
    0x08002680   0x000000a4   Code   RO          204    .text               time_service.o
    0x08002724   0x00000076   Code   RO          234    .text               crc.o
    0x0800279a   0x00000002   PAD
    0x0800279c   0x00000160   Code   RO          246    .text               link_slave.o
    0x080028fc   0x00000020   Code   RO          267    .text               self_control.o
    0x0800291c   0x00000310   Code   RO          282    .text               uart.o
    0x08002c2c   0x00000208   Code   RO          304    .text               mg_canal_level.o
    0x08002e34   0x00000130   Code   RO          316    .text               mg_common.o
    0x08002f64   0x000006ac   Code   RO          337    .text               mg_data_level.o
    0x08003610   0x000000b0   Code   RO          352    .text               mg_regs.o
    0x080036c0   0x00000006   Code   RO          369    .text               c_w.l(heapauxi.o)
    0x080036c6   0x0000004a   Code   RO          389    .text               c_w.l(sys_stackheap_outer.o)
    0x08003710   0x0000000c   Code   RO          391    .text               c_w.l(exit.o)
    0x0800371c   0x00000008   Code   RO          399    .text               c_w.l(libspace.o)
    0x08003724   0x0000000c   Code   RO          460    .text               c_w.l(sys_exit.o)
    0x08003730   0x00000002   Code   RO          471    .text               c_w.l(use_no_semi.o)
    0x08003732   0x00000000   Code   RO          473    .text               c_w.l(indicate_semi.o)
    0x08003732   0x00000002   PAD
    0x08003734   0x00000020   Data   RO          525    Region$$Table       anon$$obj.o


    Execution Region RW_IRAM1 (Base: 0x20000000, Size: 0x00000a00, Max: 0x00005000, ABSOLUTE, COMPRESSED[0x0000003c])

    Base Addr    Size         Type   Attr      Idx    E Section Name        Object

    0x20000000   0x00000014   Data   RW          109    .data               system_stm32f10x.o
    0x20000014   0x00000014   Data   RW          167    .data               stm32f10x_rcc.o
    0x20000028   0x00000004   Data   RW          205    .data               time_service.o
    0x2000002c   0x00000014   Data   RW          248    .data               link_slave.o
    0x20000040   0x00000001   Data   RW          268    .data               self_control.o
    0x20000041   0x00000003   PAD
    0x20000044   0x00000138   Data   RW          283    .data               uart.o
    0x2000017c   0x00000004   Data   RW          353    .data               mg_regs.o
    0x20000180   0x00000220   Zero   RW          247    .bss                link_slave.o
    0x200003a0   0x00000060   Zero   RW          400    .bss                c_w.l(libspace.o)
    0x20000400   0x00000200   Zero   RW            2    HEAP                startup_stm32f10x_md.o
    0x20000600   0x00000400   Zero   RW            1    STACK               startup_stm32f10x_md.o


==============================================================================

Image component sizes


      Code (inc. data)   RO Data    RW Data    ZI Data      Debug   Object Name

       118          0          0          0          0       1057   crc.o
       352         28          0         20        544       3744   link_slave.o
       180         14          0          0          0     236357   main.o
       520          0          0          0          0       2950   mg_canal_level.o
       304          0          0          0          0       6543   mg_common.o
      1708         16          0          0          0       7221   mg_data_level.o
       176         18          0          4          0       2112   mg_regs.o
       452         40          0          0          0       1805   misc.o
        32          6          0          1          0       1208   self_control.o
        64         26        236          0       1536        792   startup_stm32f10x_md.o
      2656        178          0          0          0       6857   stm32f10x_gpio.o
      2080         76          0         20          0       9732   stm32f10x_rcc.o
      3488        114          0          0          0       9944   stm32f10x_usart.o
       480         38          0         20          0       1643   system_stm32f10x.o
       164         16          0          4          0      16613   time_service.o
       784         42          0        312          0      20034   uart.o

    ----------------------------------------------------------------------
     13560        612        268        384       2080     328612   Object Totals
         0          0         32          0          0          0   (incl. Generated)
         2          0          0          3          0          0   (incl. Padding)

    ----------------------------------------------------------------------

      Code (inc. data)   RO Data    RW Data    ZI Data      Debug   Library Member Name

        90          0          0          0          0          0   __dczerorl2.o
         8          0          0          0          0         68   __main.o
         0          0          0          0          0          0   __rtentry.o
        12          0          0          0          0          0   __rtentry2.o
         6          0          0          0          0          0   __rtentry4.o
        52          8          0          0          0          0   __scatter.o
        28          0          0          0          0          0   __scatter_zi.o
        12          0          0          0          0         72   exit.o
         6          0          0          0          0        152   heapauxi.o
         0          0          0          0          0          0   indicate_semi.o
         2          0          0          0          0          0   libinit.o
         2          0          0          0          0          0   libinit2.o
         2          0          0          0          0          0   libshutdown.o
         2          0          0          0          0          0   libshutdown2.o
         8          4          0          0         96         68   libspace.o
         2          0          0          0          0          0   rtexit.o
        10          0          0          0          0          0   rtexit2.o
        12          4          0          0          0         68   sys_exit.o
        74          0          0          0          0         80   sys_stackheap_outer.o
         2          0          0          0          0         68   use_no_semi.o

    ----------------------------------------------------------------------
       336         16          0          0         96        576   Library Totals
         6          0          0          0          0          0   (incl. Padding)

    ----------------------------------------------------------------------

      Code (inc. data)   RO Data    RW Data    ZI Data      Debug   Library Name

       330         16          0          0         96        576   c_w.l

    ----------------------------------------------------------------------
       336         16          0          0         96        576   Library Totals

    ----------------------------------------------------------------------

==============================================================================


      Code (inc. data)   RO Data    RW Data    ZI Data      Debug   

     13896        628        268        384       2176     327468   Grand Totals
     13896        628        268         60       2176     327468   ELF Image Totals (compressed)
     13896        628        268         60          0          0   ROM Totals

==============================================================================

    Total RO  Size (Code + RO Data)                14164 (  13.83kB)
    Total RW  Size (RW Data + ZI Data)              2560 (   2.50kB)
    Total ROM Size (Code + RO Data + RW Data)      14224 (  13.89kB)

==============================================================================

